Archive member included because of file (symbol)

c:/program files/atmel/atmel toolchain/avr32 gcc/native/3.4.1057/avr32-gnu-toolchain/bin/../lib/gcc/avr32/4.4.7/ucr2\libgcc.a(_avr32_f64_mul.o)
                              src/ASF/avr32/components/display/et024006dhu/et024006dhu.o (__avr32_f64_mul)
c:/program files/atmel/atmel toolchain/avr32 gcc/native/3.4.1057/avr32-gnu-toolchain/bin/../lib/gcc/avr32/4.4.7/ucr2\libgcc.a(_avr32_f64_addsub.o)
                              src/ASF/avr32/components/display/et024006dhu/et024006dhu.o (__avr32_f64_add)
c:/program files/atmel/atmel toolchain/avr32 gcc/native/3.4.1057/avr32-gnu-toolchain/bin/../lib/gcc/avr32/4.4.7/ucr2\libgcc.a(_avr32_f64_to_s32.o)
                              src/ASF/avr32/components/display/et024006dhu/et024006dhu.o (__avr32_f64_to_u32)
c:/program files/atmel/atmel toolchain/avr32 gcc/native/3.4.1057/avr32-gnu-toolchain/bin/../lib/gcc/avr32/4.4.7/ucr2\libgcc.a(_avr32_s32_to_f64.o)
                              src/ASF/avr32/components/display/et024006dhu/et024006dhu.o (__avr32_s32_to_f64)
c:/program files/atmel/atmel toolchain/avr32 gcc/native/3.4.1057/avr32-gnu-toolchain/bin/../lib/gcc/avr32/4.4.7/ucr2\libgcc.a(_udivdi3.o)
                              src/ASF/avr32/components/display/et024006dhu/et024006dhu.o (__avr32_udiv64)
c:/program files/atmel/atmel toolchain/avr32 gcc/native/3.4.1057/avr32-gnu-toolchain/bin/../lib/gcc/avr32/4.4.7/../../../../avr32/lib/ucr2\libc.a(lib_a-malloc.o)
                              src/Practica4Lab.o (free)
c:/program files/atmel/atmel toolchain/avr32 gcc/native/3.4.1057/avr32-gnu-toolchain/bin/../lib/gcc/avr32/4.4.7/../../../../avr32/lib/ucr2\libc.a(lib_a-mallocr.o)
                              c:/program files/atmel/atmel toolchain/avr32 gcc/native/3.4.1057/avr32-gnu-toolchain/bin/../lib/gcc/avr32/4.4.7/../../../../avr32/lib/ucr2\libc.a(lib_a-malloc.o) (_malloc_r)
c:/program files/atmel/atmel toolchain/avr32 gcc/native/3.4.1057/avr32-gnu-toolchain/bin/../lib/gcc/avr32/4.4.7/../../../../avr32/lib/ucr2\libc.a(lib_a-memcpy.o)
                              src/ASF/avr32/drivers/flashc/flashc.o (memcpy)
c:/program files/atmel/atmel toolchain/avr32 gcc/native/3.4.1057/avr32-gnu-toolchain/bin/../lib/gcc/avr32/4.4.7/../../../../avr32/lib/ucr2\libc.a(lib_a-memset.o)
                              src/Practica4Lab.o (memset)
c:/program files/atmel/atmel toolchain/avr32 gcc/native/3.4.1057/avr32-gnu-toolchain/bin/../lib/gcc/avr32/4.4.7/../../../../avr32/lib/ucr2\libc.a(lib_a-mlock.o)
                              c:/program files/atmel/atmel toolchain/avr32 gcc/native/3.4.1057/avr32-gnu-toolchain/bin/../lib/gcc/avr32/4.4.7/../../../../avr32/lib/ucr2\libc.a(lib_a-mallocr.o) (__malloc_lock)
c:/program files/atmel/atmel toolchain/avr32 gcc/native/3.4.1057/avr32-gnu-toolchain/bin/../lib/gcc/avr32/4.4.7/../../../../avr32/lib/ucr2\libc.a(lib_a-rand.o)
                              src/Practica4Lab.o (rand)
c:/program files/atmel/atmel toolchain/avr32 gcc/native/3.4.1057/avr32-gnu-toolchain/bin/../lib/gcc/avr32/4.4.7/../../../../avr32/lib/ucr2\libc.a(lib_a-sbrkr.o)
                              c:/program files/atmel/atmel toolchain/avr32 gcc/native/3.4.1057/avr32-gnu-toolchain/bin/../lib/gcc/avr32/4.4.7/../../../../avr32/lib/ucr2\libc.a(lib_a-mallocr.o) (_sbrk_r)
c:/program files/atmel/atmel toolchain/avr32 gcc/native/3.4.1057/avr32-gnu-toolchain/bin/../lib/gcc/avr32/4.4.7/../../../../avr32/lib/ucr2\libc.a(lib_a-sprintf.o)
                              src/Practica4Lab.o (sprintf)
c:/program files/atmel/atmel toolchain/avr32 gcc/native/3.4.1057/avr32-gnu-toolchain/bin/../lib/gcc/avr32/4.4.7/../../../../avr32/lib/ucr2\libc.a(lib_a-syscalls.o)
                              c:/program files/atmel/atmel toolchain/avr32 gcc/native/3.4.1057/avr32-gnu-toolchain/bin/../lib/gcc/avr32/4.4.7/../../../../avr32/lib/ucr2\libc.a(lib_a-sbrkr.o) (_sbrk)
c:/program files/atmel/atmel toolchain/avr32 gcc/native/3.4.1057/avr32-gnu-toolchain/bin/../lib/gcc/avr32/4.4.7/../../../../avr32/lib/ucr2\libc.a(lib_a-vfprintf.o)
                              c:/program files/atmel/atmel toolchain/avr32 gcc/native/3.4.1057/avr32-gnu-toolchain/bin/../lib/gcc/avr32/4.4.7/../../../../avr32/lib/ucr2\libc.a(lib_a-sprintf.o) (_vfprintf_r)
c:/program files/atmel/atmel toolchain/avr32 gcc/native/3.4.1057/avr32-gnu-toolchain/bin/../lib/gcc/avr32/4.4.7/../../../../avr32/lib/ucr2\libc.a(lib_a-wsetup.o)
                              c:/program files/atmel/atmel toolchain/avr32 gcc/native/3.4.1057/avr32-gnu-toolchain/bin/../lib/gcc/avr32/4.4.7/../../../../avr32/lib/ucr2\libc.a(lib_a-vfprintf.o) (__swsetup_r)
c:/program files/atmel/atmel toolchain/avr32 gcc/native/3.4.1057/avr32-gnu-toolchain/bin/../lib/gcc/avr32/4.4.7/../../../../avr32/lib/ucr2\libc.a(lib_a-dtoa.o)
[...]
Memory Configuration

Name             Origin             Length             Attributes
FLASH            0x80000000         0x00080000         axrl !w
INTRAM           0x00000004         0x0000fffc         axw !rl
USERPAGE         0x80800000         0x00000200
*default*        0x00000000         0xffffffff

Linker script and memory map

                0x00001000                _stack_size = 0x1000
LOAD src/ASF/avr32/boards/evk1105/led.o
LOAD src/ASF/avr32/components/display/et024006dhu/et024006dhu.o
LOAD src/ASF/avr32/components/memory/sd_mmc/sd_mmc_spi/sd_mmc_spi.o
LOAD src/ASF/avr32/components/memory/sd_mmc/sd_mmc_spi/sd_mmc_spi_mem.o
LOAD src/ASF/avr32/drivers/ebi/smc/smc.o
LOAD src/ASF/avr32/drivers/flashc/flashc.o
LOAD src/ASF/avr32/drivers/gpio/gpio.o
LOAD src/ASF/avr32/drivers/intc/exception.o
LOAD src/ASF/avr32/drivers/intc/intc.o
LOAD src/ASF/avr32/drivers/pdca/pdca.o
LOAD src/ASF/avr32/drivers/pm/pm.o
LOAD src/ASF/avr32/drivers/pm/pm_conf_clocks.o
LOAD src/ASF/avr32/drivers/pm/power_clocks_lib.o
LOAD src/ASF/avr32/drivers/pwm/pwm.o
LOAD src/ASF/avr32/drivers/spi/spi.o
LOAD src/ASF/avr32/drivers/tc/tc.o
LOAD src/ASF/avr32/drivers/usart/usart.o
LOAD src/ASF/avr32/utils/startup/startup_uc3.o
LOAD src/ASF/avr32/utils/startup/trampoline_uc3.o
LOAD src/ASF/common/services/clock/uc3a0_a1/sysclk.o
LOAD src/ASF/common/services/serial/usart_serial.o
LOAD src/ASF/common/services/storage/ctrl_access/ctrl_access.o
LOAD src/avr32_logo.o
LOAD src/Practica4Lab.o
START GROUP
LOAD c:/program files/atmel/atmel toolchain/avr32 gcc/native/3.4.1057/avr32-gnu-toolchain/bin/../lib/gcc/avr32/4.4.7/../../../../avr32/lib/ucr2\libm.a
END GROUP
LOAD c:/program files/atmel/atmel toolchain/avr32 gcc/native/3.4.1057/avr32-gnu-toolchain/bin/../lib/gcc/avr32/4.4.7/ucr2\libgcc.a
LOAD c:/program files/atmel/atmel toolchain/avr32 gcc/native/3.4.1057/avr32-gnu-toolchain/bin/../lib/gcc/avr32/4.4.7/../../../../avr32/lib/ucr2\libc.a
LOAD c:/program files/atmel/atmel toolchain/avr32 gcc/native/3.4.1057/avr32-gnu-toolchain/bin/../lib/gcc/avr32/4.4.7/ucr2\libgcc.a
                0xffffffff                __max_heap_size__ = 0xffffffff
                [0xffffffff]                __heap_size__ = DEFINED (__heap_size__)?__heap_size__:__max_heap_size__
                [0x00001000]                __stack_size__ = DEFINED (__stack_size__)?__stack_size__:0x1000
                0x80000000                PROVIDE (__executable_start, 0x80000000)
                0x80000000                . = 0x80000000

.interp
 *(.interp)

.reset          0x80000000     0x2008
 *(.reset)
 .reset         0x80000000        0x4 src/ASF/avr32/utils/startup/startup_uc3.o
                                  0x8 (size before relaxing)
                0x80000000                _start
 .reset         0x80000004     0x2004 src/ASF/avr32/utils/startup/trampoline_uc3.o
                               0x2008 (size before relaxing)
                0x80000004                _trampoline

.hash
 *(.hash)

.dynsym
 *(.dynsym)

.dynstr
 *(.dynstr)

.gnu.version
 *(.gnu.version)

.gnu.version_d
 *(.gnu.version_d)

.gnu.version_r
 *(.gnu.version_r)

.rel.init
 *(.rel.init)

.rela.init
 *(.rela.init)

.rel.text
 *(.rel.text .rel.text.* .rel.gnu.linkonce.t.*)

.rela.text
 *(.rela.text .rela.text.* .rela.gnu.linkonce.t.*)

.rel.fini
 *(.rel.fini)

.rela.fini
 *(.rela.fini)

.rel.rodata
 *(.rel.rodata .rel.rodata.* .rel.gnu.linkonce.r.*)

.rela.rodata
 *(.rela.rodata .rela.rodata.* .rela.gnu.linkonce.r.*)

.rel.data.rel.ro
 *(.rel.data.rel.ro*)

.rela.data.rel.ro
 *(.rel.data.rel.ro*)

.rel.data
 *(.rel.data .rel.data.* .rel.gnu.linkonce.d.*)

.rela.data
 *(.rela.data .rela.data.* .rela.gnu.linkonce.d.*)

.rel.tdata
 *(.rel.tdata .rel.tdata.* .rel.gnu.linkonce.td.*)

.rela.tdata
 *(.rela.tdata .rela.tdata.* .rela.gnu.linkonce.td.*)

.rel.tbss
 *(.rel.tbss .rel.tbss.* .rel.gnu.linkonce.tb.*)

.rela.tbss
 *(.rela.tbss .rela.tbss.* .rela.gnu.linkonce.tb.*)

.rel.ctors
 *(.rel.ctors)

.rela.ctors
 *(.rela.ctors)

.rel.dtors
 *(.rel.dtors)

.rela.dtors
 *(.rela.dtors)

.rel.got
 *(.rel.got)

.rela.got       0x80002008        0x0
 *(.rela.got)
 .rela.got      0x80002008        0x0 src/ASF/avr32/drivers/flashc/flashc.o

.rel.bss
 *(.rel.bss .rel.bss.* .rel.gnu.linkonce.b.*)

.rela.bss
 *(.rela.bss .rela.bss.* .rela.gnu.linkonce.b.*)

.rel.plt
 *(.rel.plt)

.rela.plt
 *(.rela.plt)

.init
 *(.init)

.plt
 *(.plt)

.text           0x80002008     0x7e4c
 *(.text .stub .text.* .gnu.linkonce.t.*)
 .text.et024006_SetLimits
                0x80002008       0x50 src/ASF/avr32/components/display/et024006dhu/et024006dhu.o
                0x80002008                et024006_SetLimits
 .text.et024006_SetQuickLimits
                0x80002058       0x2a src/ASF/avr32/components/display/et024006dhu/et024006dhu.o
                0x80002058                et024006_SetQuickLimits
 *fill*         0x80002082        0x2 d703d703
 .text.et024006_DrawQuickPixel
                0x80002084       0x24 src/ASF/avr32/components/display/et024006dhu/et024006dhu.o
                0x80002084                et024006_DrawQuickPixel
 .text.et024006_PrintString
                0x800020a8      0x23c src/ASF/avr32/components/display/et024006dhu/et024006dhu.o
                0x800020a8                et024006_PrintString
 .text.et024006_DuplicatePixel
                0x800022e4       0x40 src/ASF/avr32/components/display/et024006dhu/et024006dhu.o
                0x800022e4                et024006_DuplicatePixel
 .text.et024006_DrawFilledRect
                0x80002324       0x40 src/ASF/avr32/components/display/et024006dhu/et024006dhu.o
                0x80002324                et024006_DrawFilledRect
 .text.et024006_AdjustGamma
                0x80002364       0x6e src/ASF/avr32/components/display/et024006dhu/et024006dhu.o
 *fill*         0x800023d2        0x2 d703d703
 .text.et024006_Init
                0x800023d4      0x4a4 src/ASF/avr32/components/display/et024006dhu/et024006dhu.o
                0x800023d4                et024006_Init
 .text.sd_mmc_spi_get_capacity
                0x80002878      0x11c src/ASF/avr32/components/memory/sd_mmc/sd_mmc_spi/sd_mmc_spi.o
                0x80002878                sd_mmc_spi_get_capacity
 .text.sd_mmc_spi_write_close
                0x80002994        0x2 src/ASF/avr32/components/memory/sd_mmc/sd_mmc_spi/sd_mmc_spi.o
                0x80002994                sd_mmc_spi_write_close
 *fill*         0x80002996        0x2 d703d703
 .text.sd_mmc_spi_read_close_PDCA
                0x80002998       0x48 src/ASF/avr32/components/memory/sd_mmc/sd_mmc_spi/sd_mmc_spi.o
                0x80002998                sd_mmc_spi_read_close_PDCA
 .text.sd_mmc_spi_send_and_read
                0x800029e0       0x34 src/ASF/avr32/components/memory/sd_mmc/sd_mmc_spi/sd_mmc_spi.o
                0x800029e0                sd_mmc_spi_send_and_read
 .text.sd_mmc_spi_wait_not_busy
                0x80002a14       0x58 src/ASF/avr32/components/memory/sd_mmc/sd_mmc_spi/sd_mmc_spi.o
                0x80002a14                sd_mmc_spi_wait_not_busy
 .text.sd_mmc_spi_write_open
                0x80002a6c       0x18 src/ASF/avr32/components/memory/sd_mmc/sd_mmc_spi/sd_mmc_spi.o
                0x80002a6c                sd_mmc_spi_write_open
 .text.sd_mmc_spi_command
                0x80002a84       0xc8 src/ASF/avr32/components/memory/sd_mmc/sd_mmc_spi/sd_mmc_spi.o
                0x80002a84                sd_mmc_spi_command
 .text.sd_mmc_spi_send_command
                0x80002b4c       0x40 src/ASF/avr32/components/memory/sd_mmc/sd_mmc_spi/sd_mmc_spi.o
                0x80002b4c                sd_mmc_spi_send_command
 .text.sd_mmc_spi_write_sector_from_ram
                0x80002b8c      0x14c src/ASF/avr32/components/memory/sd_mmc/sd_mmc_spi/sd_mmc_spi.o
                0x80002b8c                sd_mmc_spi_write_sector_from_ram
 .text.sd_mmc_spi_read_open_PDCA
                0x80002cd8       0xd0 src/ASF/avr32/components/memory/sd_mmc/sd_mmc_spi/sd_mmc_spi.o
                0x80002cd8                sd_mmc_spi_read_open_PDCA
 .text.sd_mmc_spi_check_hc
                0x80002da8       0x8c src/ASF/avr32/components/memory/sd_mmc/sd_mmc_spi/sd_mmc_spi.o
                0x80002da8                sd_mmc_spi_check_hc
 .text.sd_mmc_spi_get_if
                0x80002e34       0xb8 src/ASF/avr32/components/memory/sd_mmc/sd_mmc_spi/sd_mmc_spi.o
                0x80002e34                sd_mmc_spi_get_if
 .text.sd_mmc_spi_get_csd
                0x80002eec       0xf4 src/ASF/avr32/components/memory/sd_mmc/sd_mmc_spi/sd_mmc_spi.o
                0x80002eec                sd_mmc_spi_get_csd
 .text.sd_mmc_spi_internal_init
                0x80002fe0      0x2a4 src/ASF/avr32/components/memory/sd_mmc/sd_mmc_spi/sd_mmc_spi.o
                0x80002fe0                sd_mmc_spi_internal_init
 .text.sd_mmc_spi_init
                0x80003284       0x34 src/ASF/avr32/components/memory/sd_mmc/sd_mmc_spi/sd_mmc_spi.o
                0x80003284                sd_mmc_spi_init
 .text.smc_init
                0x800032b8      0x11c src/ASF/avr32/drivers/ebi/smc/smc.o
                0x800032b8                smc_init
 .text.gpio_enable_module_pin
                0x800033d4       0x52 src/ASF/avr32/drivers/gpio/gpio.o
                0x800033d4                gpio_enable_module_pin
 *fill*         0x80003426        0x2 d703d703
 .text.gpio_enable_module
                0x80003428       0x30 src/ASF/avr32/drivers/gpio/gpio.o
                0x80003428                gpio_enable_module
 .text.gpio_enable_gpio_pin
                0x80003458       0x18 src/ASF/avr32/drivers/gpio/gpio.o
                0x80003458                gpio_enable_gpio_pin
 .text.gpio_get_pin_value
                0x80003470       0x16 src/ASF/avr32/drivers/gpio/gpio.o
                0x80003470                gpio_get_pin_value
 .text.gpio_set_gpio_pin
                0x80003486       0x1c src/ASF/avr32/drivers/gpio/gpio.o
                0x80003486                gpio_set_gpio_pin
 .text.gpio_clr_gpio_pin
                0x800034a2       0x1c src/ASF/avr32/drivers/gpio/gpio.o
                0x800034a2                gpio_clr_gpio_pin
 .text.gpio_tgl_gpio_pin
                0x800034be       0x1c src/ASF/avr32/drivers/gpio/gpio.o
                0x800034be                gpio_tgl_gpio_pin
 .text._unhandled_interrupt
                0x800034da        0x2 src/ASF/avr32/drivers/intc/intc.o
 .text.INTC_register_interrupt
                0x800034dc       0x80 src/ASF/avr32/drivers/intc/intc.o
                0x800034dc                INTC_register_interrupt
 .text.INTC_init_interrupts
                0x8000355c       0x54 src/ASF/avr32/drivers/intc/intc.o
                0x8000355c                INTC_init_interrupts
 .text._get_interrupt_handler
                0x800035b0       0x38 src/ASF/avr32/drivers/intc/intc.o
                0x800035b0                _get_interrupt_handler
 .text.pdca_get_handler
                0x800035e8       0x14 src/ASF/avr32/drivers/pdca/pdca.o
                0x800035e8                pdca_get_handler
 .text.pdca_disable
                0x800035fc       0x10 src/ASF/avr32/drivers/pdca/pdca.o
                0x800035fc                pdca_disable
 .text.pdca_enable_interrupt_transfer_complete
                0x8000360c       0x10 src/ASF/avr32/drivers/pdca/pdca.o
                0x8000360c                pdca_enable_interrupt_transfer_complete
 .text.pdca_disable_interrupt_reload_counter_zero
                0x8000361c       0x20 src/ASF/avr32/drivers/pdca/pdca.o
                0x8000361c                pdca_disable_interrupt_reload_counter_zero
 .text.pdca_disable_interrupt_transfer_complete
                0x8000363c       0x20 src/ASF/avr32/drivers/pdca/pdca.o
                0x8000363c                pdca_disable_interrupt_transfer_complete
 .text.pdca_load_channel
                0x8000365c       0x30 src/ASF/avr32/drivers/pdca/pdca.o
                0x8000365c                pdca_load_channel
 .text.pdca_init_channel
                0x8000368c       0x58 src/ASF/avr32/drivers/pdca/pdca.o
                0x8000368c                pdca_init_channel
 .text.pm_set_osc0_mode
                0x800036e4        0xa src/ASF/avr32/drivers/pm/pm.o
 *fill*         0x800036ee        0x2 d703d703
 .text.pm_enable_osc0_crystal
                0x800036f0       0x3c src/ASF/avr32/drivers/pm/pm.o
                0x800036f0                pm_enable_osc0_crystal
 .text.pm_enable_clk0_no_wait
                0x8000372c       0x10 src/ASF/avr32/drivers/pm/pm.o
                0x8000372c                pm_enable_clk0_no_wait
 .text.pm_wait_for_clk0_ready
                0x8000373c        0xa src/ASF/avr32/drivers/pm/pm.o
                0x8000373c                pm_wait_for_clk0_ready
 *fill*         0x80003746        0x2 d703d703
 .text.pm_enable_clk0
                0x80003748       0x1c src/ASF/avr32/drivers/pm/pm.o
                0x80003748                pm_enable_clk0
 .text.pm_switch_to_clock
                0x80003764        0xa src/ASF/avr32/drivers/pm/pm.o
                0x80003764                pm_switch_to_clock
 *fill*         0x8000376e        0x2 d703d703
 .text.pm_switch_to_osc0
                0x80003770       0x2c src/ASF/avr32/drivers/pm/pm.o
                0x80003770                pm_switch_to_osc0
 .text.pcl_switch_to_osc
                0x8000379c       0x1c src/ASF/avr32/drivers/pm/power_clocks_lib.o
                0x8000379c                pcl_switch_to_osc
 .text.pwm_channel_init
                0x800037b8       0x36 src/ASF/avr32/drivers/pwm/pwm.o
                0x800037b8                pwm_channel_init
 .text.pwm_start_channels
                0x800037ee       0x12 src/ASF/avr32/drivers/pwm/pwm.o
                0x800037ee                pwm_start_channels
 .text.pwm_async_update_channel
                0x80003800       0x28 src/ASF/avr32/drivers/pwm/pwm.o
                0x80003800                pwm_async_update_channel
 .text.pwm_init
                0x80003828       0x46 src/ASF/avr32/drivers/pwm/pwm.o
                0x80003828                pwm_init
 .text.getBaudDiv
                0x8000386e       0x20 src/ASF/avr32/drivers/spi/spi.o
                0x8000386e                getBaudDiv
 .text.spi_initMaster
                0x8000388e       0x38 src/ASF/avr32/drivers/spi/spi.o
                0x8000388e                spi_initMaster
 .text.spi_selectionMode
                0x800038c6       0x2c src/ASF/avr32/drivers/spi/spi.o
                0x800038c6                spi_selectionMode
 .text.spi_selectChip
                0x800038f2       0x4c src/ASF/avr32/drivers/spi/spi.o
                0x800038f2                spi_selectChip
 .text.spi_unselectChip
                0x8000393e       0x26 src/ASF/avr32/drivers/spi/spi.o
                0x8000393e                spi_unselectChip
 .text.spi_setupChipReg
                0x80003964       0xb8 src/ASF/avr32/drivers/spi/spi.o
                0x80003964                spi_setupChipReg
 .text.spi_enable
                0x80003a1c        0x6 src/ASF/avr32/drivers/spi/spi.o
                0x80003a1c                spi_enable
 .text.spi_write
                0x80003a22       0x1c src/ASF/avr32/drivers/spi/spi.o
                0x80003a22                spi_write
 .text.spi_read
                0x80003a3e       0x20 src/ASF/avr32/drivers/spi/spi.o
                0x80003a3e                spi_read
 .text.tc_init_waveform
                0x80003a5e       0x9c src/ASF/avr32/drivers/tc/tc.o
                0x80003a5e                tc_init_waveform
 .text.tc_start
                0x80003afa       0x12 src/ASF/avr32/drivers/tc/tc.o
                0x80003afa                tc_start
 .text.tc_read_sr
                0x80003b0c       0x12 src/ASF/avr32/drivers/tc/tc.o
                0x80003b0c                tc_read_sr
 .text.tc_write_rc
                0x80003b1e       0x34 src/ASF/avr32/drivers/tc/tc.o
                0x80003b1e                tc_write_rc
 .text.tc_configure_interrupts
                0x80003b52      0x108 src/ASF/avr32/drivers/tc/tc.o
                0x80003b52                tc_configure_interrupts
 .text.usart_set_async_baudrate
                0x80003c5a       0x5a src/ASF/avr32/drivers/usart/usart.o
 .text.usart_write_char
                0x80003cb4       0x14 src/ASF/avr32/drivers/usart/usart.o
                0x80003cb4                usart_write_char
 .text.usart_putchar
                0x80003cc8       0x2c src/ASF/avr32/drivers/usart/usart.o
                0x80003cc8                usart_putchar
 .text.usart_write_line
                0x80003cf4       0x24 src/ASF/avr32/drivers/usart/usart.o
                0x80003cf4                usart_write_line
 .text.usart_reset
                0x80003d18       0x2c src/ASF/avr32/drivers/usart/usart.o
                0x80003d18                usart_reset
 .text.usart_init_rs232
                0x80003d44       0xcc src/ASF/avr32/drivers/usart/usart.o
                0x80003d44                usart_init_rs232
 .text._stext   0x80003e10       0x40 src/ASF/avr32/utils/startup/startup_uc3.o
                                 0x50 (size before relaxing)
                0x80003e10                _stext
 .text.getClave
                0x80003e50       0x20 src/Practica4Lab.o
                0x80003e50                getClave
 .text.wait     0x80003e70       0x24 src/Practica4Lab.o
                0x80003e70                wait
 .text.init_SD_DMA_RX
                0x80003e94       0x74 src/Practica4Lab.o
                0x80003e94                init_SD_DMA_RX
 .text.pdca_int_handler_SD
                0x80003f08       0x40 src/Practica4Lab.o
 .text.init_Usart_DMA_RX
                0x80003f48       0x90 src/Practica4Lab.o
                0x80003f48                init_Usart_DMA_RX
 .text.pdca_int_handler_USART
                0x80003fd8       0x3c src/Practica4Lab.o
 .text.CLR_disp
                0x80004014       0x1c src/Practica4Lab.o
                0x80004014                CLR_disp
 .text.debounce2
                0x80004030       0x90 src/Practica4Lab.o
                0x80004030                debounce2
 .text.main     0x800040c0      0x438 src/Practica4Lab.o
                0x800040c0                main
 .text.tc_irq   0x800044f8       0x9c src/Practica4Lab.o
 .text          0x80004594      0x1d4 c:/program files/atmel/atmel toolchain/avr32 gcc/native/3.4.1057/avr32-gnu-toolchain/bin/../lib/gcc/avr32/4.4.7/ucr2\libgcc.a(_avr32_f64_mul.o)
                0x80004594                __avr32_f64_mul
 .text          0x80004768      0x2b0 c:/program files/atmel/atmel toolchain/avr32 gcc/native/3.4.1057/avr32-gnu-toolchain/bin/../lib/gcc/avr32/4.4.7/ucr2\libgcc.a(_avr32_f64_addsub.o)
                0x8000476c                __avr32_f64_sub
                0x80004908                __avr32_f64_add
 .text          0x80004a18       0x2a c:/program files/atmel/atmel toolchain/avr32 gcc/native/3.4.1057/avr32-gnu-toolchain/bin/../lib/gcc/avr32/4.4.7/ucr2\libgcc.a(_avr32_f64_to_s32.o)
                0x80004a18                __avr32_f64_to_u32
                0x80004a1c                __avr32_f64_to_s32
 .text          0x80004a42       0xe8 c:/program files/atmel/atmel toolchain/avr32 gcc/native/3.4.1057/avr32-gnu-toolchain/bin/../lib/gcc/avr32/4.4.7/ucr2\libgcc.a(_avr32_s32_to_f64.o)
                0x80004a42                __avr32_u32_to_f64
                0x80004a4a                __avr32_s32_to_f64
 .text          0x80004b2a      0x264 c:/program files/atmel/atmel toolchain/avr32 gcc/native/3.4.1057/avr32-gnu-toolchain/bin/../lib/gcc/avr32/4.4.7/ucr2\libgcc.a(_udivdi3.o)
                0x80004b2a                __avr32_udiv64
                0x80004b2a                __udivdi3
 *fill*         0x80004d8e        0x2 d703d703
 .text.malloc   0x80004d90       0x10 c:/program files/atmel/atmel toolchain/avr32 gcc/native/3.4.1057/avr32-gnu-toolchain/bin/../lib/gcc/avr32/4.4.7/../../../../avr32/lib/ucr2\libc.a(lib_a-malloc.o)
                                 0x18 (size before relaxing)
                0x80004d90                malloc
 .text._malloc_r
                0x80004da0      0x420 c:/program files/atmel/atmel toolchain/avr32 gcc/native/3.4.1057/avr32-gnu-toolchain/bin/../lib/gcc/avr32/4.4.7/../../../../avr32/lib/ucr2\libc.a(lib_a-mallocr.o)
                                0x450 (size before relaxing)
                0x80004da0                _malloc_r
 .text          0x800051c0      0x148 c:/program files/atmel/atmel toolchain/avr32 gcc/native/3.4.1057/avr32-gnu-toolchain/bin/../lib/gcc/avr32/4.4.7/../../../../avr32/lib/ucr2\libc.a(lib_a-memcpy.o)
                0x800051c0                memcpy
 .text.memset   0x80005308        0xe c:/program files/atmel/atmel toolchain/avr32 gcc/native/3.4.1057/avr32-gnu-toolchain/bin/../lib/gcc/avr32/4.4.7/../../../../avr32/lib/ucr2\libc.a(lib_a-memset.o)
                0x80005308                memset
 .text.__malloc_lock
                0x80005316        0x2 c:/program files/atmel/atmel toolchain/avr32 gcc/native/3.4.1057/avr32-gnu-toolchain/bin/../lib/gcc/avr32/4.4.7/../../../../avr32/lib/ucr2\libc.a(lib_a-mlock.o)
                0x80005316                __malloc_lock
 .text.__malloc_unlock
                0x80005318        0x2 c:/program files/atmel/atmel toolchain/avr32 gcc/native/3.4.1057/avr32-gnu-toolchain/bin/../lib/gcc/avr32/4.4.7/../../../../avr32/lib/ucr2\libc.a(lib_a-mlock.o)
                0x80005318                __malloc_unlock
 *fill*         0x8000531a        0x2 d703d703
 .text._sbrk_r  0x8000531c       0x20 c:/program files/atmel/atmel toolchain/avr32 gcc/native/3.4.1057/avr32-gnu-toolchain/bin/../lib/gcc/avr32/4.4.7/../../../../avr32/lib/ucr2\libc.a(lib_a-sbrkr.o)
                                 0x28 (size before relaxing)
                0x8000531c                _sbrk_r
 .text.sprintf  0x8000533c       0x3c c:/program files/atmel/atmel toolchain/avr32 gcc/native/3.4.1057/avr32-gnu-toolchain/bin/../lib/gcc/avr32/4.4.7/../../../../avr32/lib/ucr2\libc.a(lib_a-sprintf.o)
                                 0x40 (size before relaxing)
                0x8000533c                sprintf
 .text._close   0x80005378       0x14 c:/program files/atmel/atmel toolchain/avr32 gcc/native/3.4.1057/avr32-gnu-toolchain/bin/../lib/gcc/avr32/4.4.7/../../../../avr32/lib/ucr2\libc.a(lib_a-syscalls.o)
                                 0x18 (size before relaxing)
                0x80005378                _close
 .text._lseek   0x8000538c       0x14 c:/program files/atmel/atmel toolchain/avr32 gcc/native/3.4.1057/avr32-gnu-toolchain/bin/../lib/gcc/avr32/4.4.7/../../../../avr32/lib/ucr2\libc.a(lib_a-syscalls.o)
                                 0x18 (size before relaxing)
                0x8000538c                _lseek
 .text._read    0x800053a0       0x14 c:/program files/atmel/atmel toolchain/avr32 gcc/native/3.4.1057/avr32-gnu-toolchain/bin/../lib/gcc/avr32/4.4.7/../../../../avr32/lib/ucr2\libc.a(lib_a-syscalls.o)
                                 0x18 (size before relaxing)
                0x800053a0                _read
 .text._write   0x800053b4       0x14 c:/program files/atmel/atmel toolchain/avr32 gcc/native/3.4.1057/avr32-gnu-toolchain/bin/../lib/gcc/avr32/4.4.7/../../../../avr32/lib/ucr2\libc.a(lib_a-syscalls.o)
                                 0x18 (size before relaxing)
                0x800053b4                _write
 .text.isatty   0x800053c8       0x14 c:/program files/atmel/atmel toolchain/avr32 gcc/native/3.4.1057/avr32-gnu-toolchain/bin/../lib/gcc/avr32/4.4.7/../../../../avr32/lib/ucr2\libc.a(lib_a-syscalls.o)
                                 0x18 (size before relaxing)
                0x800053c8                isatty
 .text._fstat_host
                0x800053dc       0x14 c:/program files/atmel/atmel toolchain/avr32 gcc/native/3.4.1057/avr32-gnu-toolchain/bin/../lib/gcc/avr32/4.4.7/../../../../avr32/lib/ucr2\libc.a(lib_a-syscalls.o)
                                 0x18 (size before relaxing)
                0x800053dc                _fstat_host
 .text._fstat   0x800053f0       0x4c c:/program files/atmel/atmel toolchain/avr32 gcc/native/3.4.1057/avr32-gnu-toolchain/bin/../lib/gcc/avr32/4.4.7/../../../../avr32/lib/ucr2\libc.a(lib_a-syscalls.o)
                                 0x50 (size before relaxing)
                0x800053f0                _fstat
 .text._sbrk    0x8000543c       0x38 c:/program files/atmel/atmel toolchain/avr32 gcc/native/3.4.1057/avr32-gnu-toolchain/bin/../lib/gcc/avr32/4.4.7/../../../../avr32/lib/ucr2\libc.a(lib_a-syscalls.o)
                                 0x40 (size before relaxing)
                0x8000543c                _sbrk
 .text.get_arg  0x80005474      0x310 c:/program files/atmel/atmel toolchain/avr32 gcc/native/3.4.1057/avr32-gnu-toolchain/bin/../lib/gcc/avr32/4.4.7/../../../../avr32/lib/ucr2\libc.a(lib_a-vfprintf.o)
                                0x324 (size before relaxing)
 .text.__sprint_r
                0x80005784       0x1c c:/program files/atmel/atmel toolchain/avr32 gcc/native/3.4.1057/avr32-gnu-toolchain/bin/../lib/gcc/avr32/4.4.7/../../../../avr32/lib/ucr2\libc.a(lib_a-vfprintf.o)
                                 0x20 (size before relaxing)
 .text._vfprintf_r
                0x800057a0     0x1f14 c:/program files/atmel/atmel toolchain/avr32 gcc/native/3.4.1057/avr32-gnu-toolchain/bin/../lib/gcc/avr32/4.4.7/../../../../avr32/lib/ucr2\libc.a(lib_a-vfprintf.o)
                               0x1f9c (size before relaxing)
                0x800057a0                _vfprintf_r
 .text.__swsetup_r
                0x800076b4       0xdc c:/program files/atmel/atmel toolchain/avr32 gcc/native/3.4.1057/avr32-gnu-toolchain/bin/../lib/gcc/avr32/4.4.7/../../../../avr32/lib/ucr2\libc.a(lib_a-wsetup.o)
                                 0xe8 (size before relaxing)
                0x800076b4                __swsetup_r
 .text.quorem   0x80007790      0x120 c:/program files/atmel/atmel toolchain/avr32 gcc/native/3.4.1057/avr32-gnu-toolchain/bin/../lib/gcc/avr32/4.4.7/../../../../avr32/lib/ucr2\libc.a(lib_a-dtoa.o)
                                0x124 (size before relaxing)
 .text._dtoa_r  0x800078b0      0xbdc c:/program files/atmel/atmel toolchain/avr32 gcc/native/3.4.1057/avr32-gnu-toolchain/bin/../lib/gcc/avr32/4.4.7/../../../../avr32/lib/ucr2\libc.a(lib_a-dtoa.o)
                                0xc90 (size before relaxing)
                0x800078b0                _dtoa_r
 .text.__errno  0x8000848c        0xc c:/program files/atmel/atmel toolchain/avr32 gcc/native/3.4.1057/avr32-gnu-toolchain/bin/../lib/gcc/avr32/4.4.7/../../../../avr32/lib/ucr2\libc.a(lib_a-errno.o)
                0x8000848c                __errno
 .text._fflush_r
                0x80008498      0x10c c:/program files/atmel/atmel toolchain/avr32 gcc/native/3.4.1057/avr32-gnu-toolchain/bin/../lib/gcc/avr32/4.4.7/../../../../avr32/lib/ucr2\libc.a(lib_a-fflush.o)
                                0x118 (size before relaxing)
                0x80008498                _fflush_r
 .text.__sfp_lock_acquire
                0x800085a4        0x2 c:/program files/atmel/atmel toolchain/avr32 gcc/native/3.4.1057/avr32-gnu-toolchain/bin/../lib/gcc/avr32/4.4.7/../../../../avr32/lib/ucr2\libc.a(lib_a-findfp.o)
                0x800085a4                __sfp_lock_acquire
 .text.__sfp_lock_release
                0x800085a6        0x2 c:/program files/atmel/atmel toolchain/avr32 gcc/native/3.4.1057/avr32-gnu-toolchain/bin/../lib/gcc/avr32/4.4.7/../../../../avr32/lib/ucr2\libc.a(lib_a-findfp.o)
                0x800085a6                __sfp_lock_release
 .text._cleanup_r
                0x800085a8        0xc c:/program files/atmel/atmel toolchain/avr32 gcc/native/3.4.1057/avr32-gnu-toolchain/bin/../lib/gcc/avr32/4.4.7/../../../../avr32/lib/ucr2\libc.a(lib_a-findfp.o)
                                 0x14 (size before relaxing)
                0x800085a8                _cleanup_r
 .text.__sfmoreglue
                0x800085b4       0x28 c:/program files/atmel/atmel toolchain/avr32 gcc/native/3.4.1057/avr32-gnu-toolchain/bin/../lib/gcc/avr32/4.4.7/../../../../avr32/lib/ucr2\libc.a(lib_a-findfp.o)
                                 0x30 (size before relaxing)
                0x800085b4                __sfmoreglue
 .text.__sfp    0x800085dc       0x6c c:/program files/atmel/atmel toolchain/avr32 gcc/native/3.4.1057/avr32-gnu-toolchain/bin/../lib/gcc/avr32/4.4.7/../../../../avr32/lib/ucr2\libc.a(lib_a-findfp.o)
                                 0x7c (size before relaxing)
                0x800085dc                __sfp
 .text.__sinit  0x80008648       0x9c c:/program files/atmel/atmel toolchain/avr32 gcc/native/3.4.1057/avr32-gnu-toolchain/bin/../lib/gcc/avr32/4.4.7/../../../../avr32/lib/ucr2\libc.a(lib_a-findfp.o)
                                 0xb0 (size before relaxing)
                0x80008648                __sinit
 .text._malloc_trim_r
                0x800086e4       0x94 c:/program files/atmel/atmel toolchain/avr32 gcc/native/3.4.1057/avr32-gnu-toolchain/bin/../lib/gcc/avr32/4.4.7/../../../../avr32/lib/ucr2\libc.a(lib_a-freer.o)
                                 0xa8 (size before relaxing)
                0x800086e4                _malloc_trim_r
 .text._free_r  0x80008778      0x188 c:/program files/atmel/atmel toolchain/avr32 gcc/native/3.4.1057/avr32-gnu-toolchain/bin/../lib/gcc/avr32/4.4.7/../../../../avr32/lib/ucr2\libc.a(lib_a-freer.o)
                                0x1a0 (size before relaxing)
                0x80008778                _free_r
 .text.__sfvwrite_r
                0x80008900      0x294 c:/program files/atmel/atmel toolchain/avr32 gcc/native/3.4.1057/avr32-gnu-toolchain/bin/../lib/gcc/avr32/4.4.7/../../../../avr32/lib/ucr2\libc.a(lib_a-fvwrite.o)
                                0x2c4 (size before relaxing)
                0x80008900                __sfvwrite_r
 .text._fwalk   0x80008b94       0x4c c:/program files/atmel/atmel toolchain/avr32 gcc/native/3.4.1057/avr32-gnu-toolchain/bin/../lib/gcc/avr32/4.4.7/../../../../avr32/lib/ucr2\libc.a(lib_a-fwalk.o)
                                 0x54 (size before relaxing)
                0x80008b94                _fwalk
 .text._localeconv_r
                0x80008be0        0x8 c:/program files/atmel/atmel toolchain/avr32 gcc/native/3.4.1057/avr32-gnu-toolchain/bin/../lib/gcc/avr32/4.4.7/../../../../avr32/lib/ucr2\libc.a(lib_a-locale.o)
                0x80008be0                _localeconv_r
 .text.__smakebuf_r
                0x80008be8       0xbc c:/program files/atmel/atmel toolchain/avr32 gcc/native/3.4.1057/avr32-gnu-toolchain/bin/../lib/gcc/avr32/4.4.7/../../../../avr32/lib/ucr2\libc.a(lib_a-makebuf.o)
                                 0xcc (size before relaxing)
                0x80008be8                __smakebuf_r
 .text.memchr   0x80008ca4       0x16 c:/program files/atmel/atmel toolchain/avr32 gcc/native/3.4.1057/avr32-gnu-toolchain/bin/../lib/gcc/avr32/4.4.7/../../../../avr32/lib/ucr2\libc.a(lib_a-memchr.o)
                0x80008ca4                memchr
 .text.memmove  0x80008cba       0x3e c:/program files/atmel/atmel toolchain/avr32 gcc/native/3.4.1057/avr32-gnu-toolchain/bin/../lib/gcc/avr32/4.4.7/../../../../avr32/lib/ucr2\libc.a(lib_a-memmove.o)
                0x80008cba                memmove
 .text.__hi0bits
                0x80008cf8       0x60 c:/program files/atmel/atmel toolchain/avr32 gcc/native/3.4.1057/avr32-gnu-toolchain/bin/../lib/gcc/avr32/4.4.7/../../../../avr32/lib/ucr2\libc.a(lib_a-mprec.o)
                0x80008cf8                __hi0bits
 .text.__lo0bits
                0x80008d58       0x8e c:/program files/atmel/atmel toolchain/avr32 gcc/native/3.4.1057/avr32-gnu-toolchain/bin/../lib/gcc/avr32/4.4.7/../../../../avr32/lib/ucr2\libc.a(lib_a-mprec.o)
                0x80008d58                __lo0bits
 .text.__mcmp   0x80008de6       0x32 c:/program files/atmel/atmel toolchain/avr32 gcc/native/3.4.1057/avr32-gnu-toolchain/bin/../lib/gcc/avr32/4.4.7/../../../../avr32/lib/ucr2\libc.a(lib_a-mprec.o)
                0x80008de6                __mcmp
 .text._Bfree   0x80008e18       0x34 c:/program files/atmel/atmel toolchain/avr32 gcc/native/3.4.1057/avr32-gnu-toolchain/bin/../lib/gcc/avr32/4.4.7/../../../../avr32/lib/ucr2\libc.a(lib_a-mprec.o)
                                 0x38 (size before relaxing)
                0x80008e18                _Bfree
 .text._Balloc  0x80008e4c       0x70 c:/program files/atmel/atmel toolchain/avr32 gcc/native/3.4.1057/avr32-gnu-toolchain/bin/../lib/gcc/avr32/4.4.7/../../../../avr32/lib/ucr2\libc.a(lib_a-mprec.o)
                                 0x78 (size before relaxing)
                0x80008e4c                _Balloc
 .text.__d2b    0x80008ebc       0xa0 c:/program files/atmel/atmel toolchain/avr32 gcc/native/3.4.1057/avr32-gnu-toolchain/bin/../lib/gcc/avr32/4.4.7/../../../../avr32/lib/ucr2\libc.a(lib_a-mprec.o)
                                 0xb4 (size before relaxing)
                0x80008ebc                __d2b
 .text.__mdiff  0x80008f5c       0xd0 c:/program files/atmel/atmel toolchain/avr32 gcc/native/3.4.1057/avr32-gnu-toolchain/bin/../lib/gcc/avr32/4.4.7/../../../../avr32/lib/ucr2\libc.a(lib_a-mprec.o)
                                 0xd8 (size before relaxing)
                0x80008f5c                __mdiff
 .text.__lshift
                0x8000902c       0x88 c:/program files/atmel/atmel toolchain/avr32 gcc/native/3.4.1057/avr32-gnu-toolchain/bin/../lib/gcc/avr32/4.4.7/../../../../avr32/lib/ucr2\libc.a(lib_a-mprec.o)
                                 0x94 (size before relaxing)
                0x8000902c                __lshift
 .text.__multiply
                0x800090b4      0x100 c:/program files/atmel/atmel toolchain/avr32 gcc/native/3.4.1057/avr32-gnu-toolchain/bin/../lib/gcc/avr32/4.4.7/../../../../avr32/lib/ucr2\libc.a(lib_a-mprec.o)
                                0x108 (size before relaxing)
                0x800090b4                __multiply
 .text.__i2b    0x800091b4       0x10 c:/program files/atmel/atmel toolchain/avr32 gcc/native/3.4.1057/avr32-gnu-toolchain/bin/../lib/gcc/avr32/4.4.7/../../../../avr32/lib/ucr2\libc.a(lib_a-mprec.o)
                                 0x18 (size before relaxing)
                0x800091b4                __i2b
 .text.__multadd
                0x800091c4       0x7c c:/program files/atmel/atmel toolchain/avr32 gcc/native/3.4.1057/avr32-gnu-toolchain/bin/../lib/gcc/avr32/4.4.7/../../../../avr32/lib/ucr2\libc.a(lib_a-mprec.o)
                                 0x88 (size before relaxing)
                0x800091c4                __multadd
 .text.__pow5mult
                0x80009240       0x8c c:/program files/atmel/atmel toolchain/avr32 gcc/native/3.4.1057/avr32-gnu-toolchain/bin/../lib/gcc/avr32/4.4.7/../../../../avr32/lib/ucr2\libc.a(lib_a-mprec.o)
                                 0xac (size before relaxing)
                0x80009240                __pow5mult
 .text._realloc_r
                0x800092cc      0x2c0 c:/program files/atmel/atmel toolchain/avr32 gcc/native/3.4.1057/avr32-gnu-toolchain/bin/../lib/gcc/avr32/4.4.7/../../../../avr32/lib/ucr2\libc.a(lib_a-reallocr.o)
                                0x2e0 (size before relaxing)
                0x800092cc                _realloc_r
 .text.__isinfd
                0x8000958c       0x2a c:/program files/atmel/atmel toolchain/avr32 gcc/native/3.4.1057/avr32-gnu-toolchain/bin/../lib/gcc/avr32/4.4.7/../../../../avr32/lib/ucr2\libc.a(lib_a-s_isinfd.o)
                0x8000958c                __isinfd
 .text.__isnand
                0x800095b6       0x1c c:/program files/atmel/atmel toolchain/avr32 gcc/native/3.4.1057/avr32-gnu-toolchain/bin/../lib/gcc/avr32/4.4.7/../../../../avr32/lib/ucr2\libc.a(lib_a-s_isnand.o)
                0x800095b6                __isnand
 *fill*         0x800095d2        0x2 d703d703
 .text.__sclose
                0x800095d4        0x8 c:/program files/atmel/atmel toolchain/avr32 gcc/native/3.4.1057/avr32-gnu-toolchain/bin/../lib/gcc/avr32/4.4.7/../../../../avr32/lib/ucr2\libc.a(lib_a-stdio.o)
                                 0x10 (size before relaxing)
                0x800095d4                __sclose
 .text.__sseek  0x800095dc       0x20 c:/program files/atmel/atmel toolchain/avr32 gcc/native/3.4.1057/avr32-gnu-toolchain/bin/../lib/gcc/avr32/4.4.7/../../../../avr32/lib/ucr2\libc.a(lib_a-stdio.o)
                                 0x28 (size before relaxing)
                0x800095dc                __sseek
 .text.__swrite
                0x800095fc       0x2c c:/program files/atmel/atmel toolchain/avr32 gcc/native/3.4.1057/avr32-gnu-toolchain/bin/../lib/gcc/avr32/4.4.7/../../../../avr32/lib/ucr2\libc.a(lib_a-stdio.o)
                                 0x38 (size before relaxing)
                0x800095fc                __swrite
 .text.__sread  0x80009628       0x1c c:/program files/atmel/atmel toolchain/avr32 gcc/native/3.4.1057/avr32-gnu-toolchain/bin/../lib/gcc/avr32/4.4.7/../../../../avr32/lib/ucr2\libc.a(lib_a-stdio.o)
                                 0x24 (size before relaxing)
                0x80009628                __sread
 .text.strlen   0x80009644       0x16 c:/program files/atmel/atmel toolchain/avr32 gcc/native/3.4.1057/avr32-gnu-toolchain/bin/../lib/gcc/avr32/4.4.7/../../../../avr32/lib/ucr2\libc.a(lib_a-strlen.o)
                0x80009644                strlen
 *fill*         0x8000965a        0x2 d703d703
 .text._write_r
                0x8000965c       0x28 c:/program files/atmel/atmel toolchain/avr32 gcc/native/3.4.1057/avr32-gnu-toolchain/bin/../lib/gcc/avr32/4.4.7/../../../../avr32/lib/ucr2\libc.a(lib_a-writer.o)
                                 0x2c (size before relaxing)
                0x8000965c                _write_r
 .text._calloc_r
                0x80009684       0x58 c:/program files/atmel/atmel toolchain/avr32 gcc/native/3.4.1057/avr32-gnu-toolchain/bin/../lib/gcc/avr32/4.4.7/../../../../avr32/lib/ucr2\libc.a(lib_a-callocr.o)
                                 0x60 (size before relaxing)
                0x80009684                _calloc_r
 .text._close_r
                0x800096dc       0x20 c:/program files/atmel/atmel toolchain/avr32 gcc/native/3.4.1057/avr32-gnu-toolchain/bin/../lib/gcc/avr32/4.4.7/../../../../avr32/lib/ucr2\libc.a(lib_a-closer.o)
                                 0x28 (size before relaxing)
                0x800096dc                _close_r
 .text._fclose_r
                0x800096fc       0xb8 c:/program files/atmel/atmel toolchain/avr32 gcc/native/3.4.1057/avr32-gnu-toolchain/bin/../lib/gcc/avr32/4.4.7/../../../../avr32/lib/ucr2\libc.a(lib_a-fclose.o)
                                 0xd0 (size before relaxing)
                0x800096fc                _fclose_r
 .text.fclose   0x800097b4       0x10 c:/program files/atmel/atmel toolchain/avr32 gcc/native/3.4.1057/avr32-gnu-toolchain/bin/../lib/gcc/avr32/4.4.7/../../../../avr32/lib/ucr2\libc.a(lib_a-fclose.o)
                                 0x18 (size before relaxing)
                0x800097b4                fclose
 .text._fstat_r
                0x800097c4       0x24 c:/program files/atmel/atmel toolchain/avr32 gcc/native/3.4.1057/avr32-gnu-toolchain/bin/../lib/gcc/avr32/4.4.7/../../../../avr32/lib/ucr2\libc.a(lib_a-fstatr.o)
                                 0x2c (size before relaxing)
                0x800097c4                _fstat_r
 .text._lseek_r
                0x800097e8       0x28 c:/program files/atmel/atmel toolchain/avr32 gcc/native/3.4.1057/avr32-gnu-toolchain/bin/../lib/gcc/avr32/4.4.7/../../../../avr32/lib/ucr2\libc.a(lib_a-lseekr.o)
                                 0x2c (size before relaxing)
                0x800097e8                _lseek_r
 .text._read_r  0x80009810       0x28 c:/program files/atmel/atmel toolchain/avr32 gcc/native/3.4.1057/avr32-gnu-toolchain/bin/../lib/gcc/avr32/4.4.7/../../../../avr32/lib/ucr2\libc.a(lib_a-readr.o)
                                 0x2c (size before relaxing)
                0x80009810                _read_r
 .text          0x80009838       0x26 c:/program files/atmel/atmel toolchain/avr32 gcc/native/3.4.1057/avr32-gnu-toolchain/bin/../lib/gcc/avr32/4.4.7/ucr2\libgcc.a(_avr32_f64_cmp_eq.o)
                0x80009838                __avr32_f64_cmp_eq
 .text          0x8000985e       0x68 c:/program files/atmel/atmel toolchain/avr32 gcc/native/3.4.1057/avr32-gnu-toolchain/bin/../lib/gcc/avr32/4.4.7/ucr2\libgcc.a(_avr32_f64_cmp_ge.o)
                0x8000985e                __avr32_f64_cmp_ge
 .text          0x800098c6       0x68 c:/program files/atmel/atmel toolchain/avr32 gcc/native/3.4.1057/avr32-gnu-toolchain/bin/../lib/gcc/avr32/4.4.7/ucr2\libgcc.a(_avr32_f64_cmp_lt.o)
                0x800098c6                __avr32_f64_cmp_lt
 *fill*         0x8000992e        0x2 d703d703
 .text          0x80009930      0x318 c:/program files/atmel/atmel toolchain/avr32 gcc/native/3.4.1057/avr32-gnu-toolchain/bin/../lib/gcc/avr32/4.4.7/ucr2\libgcc.a(_avr32_f64_div.o)
                0x80009930                __avr32_f64_div
 .text          0x80009c48      0x20c c:/program files/atmel/atmel toolchain/avr32 gcc/native/3.4.1057/avr32-gnu-toolchain/bin/../lib/gcc/avr32/4.4.7/ucr2\libgcc.a(_umoddi3.o)
                0x80009c48                __avr32_umod64
                0x80009c48                __umoddi3
 *(.text.*personality*)
 *(.gnu.warning)

.exception      0x8000a000      0x200
 .exception     0x8000a000      0x200 src/ASF/avr32/drivers/intc/exception.o
                0x8000a000                _evba
                0x8000a104                _int0
                0x8000a112                _int1
                0x8000a120                _int2
                0x8000a12e                _int3

.fini
 *(.fini)
                0x8000a200                PROVIDE (__etext, .)
                0x8000a200                PROVIDE (_etext, .)
                0x8000a200                PROVIDE (etext, .)

.rodata         0x8000a200      0xf9c
 *(.rodata .rodata.* .gnu.linkonce.r.*)
 .rodata.FONT6x8
                0x8000a200      0x308 src/ASF/avr32/components/display/et024006dhu/et024006dhu.o
                0x8000a200                FONT6x8
 .rodata.SMC_EBI_GPIO_MAP.10632
                0x8000a508       0xa0 src/ASF/avr32/drivers/ebi/smc/smc.o
 .rodata._int_handler_table
                0x8000a5a8       0xa0 src/ASF/avr32/drivers/intc/intc.o
 .rodata.C.177.14019
                0x8000a648       0x18 src/Practica4Lab.o
 .rodata.C.174.14011
                0x8000a660        0xc src/Practica4Lab.o
 .rodata.SD_MMC_SPI_GPIO_MAP.14002
                0x8000a66c       0x20 src/Practica4Lab.o
 .rodata.dummy_data
                0x8000a68c      0x404 src/Practica4Lab.o
                0x8000a68c                dummy_data
 .rodata.C.175.14012
                0x8000aa90       0x18 src/Practica4Lab.o
 .rodata.str1.4
                0x8000aaa8      0x137 src/Practica4Lab.o
                                0x148 (size before relaxing)
 *fill*         0x8000abdf        0x1 
 .rodata.TC_INTERRUPT.13208
                0x8000abe0        0x4 src/Practica4Lab.o
 .rodata.WAVEFORM_OPT.13207
                0x8000abe4        0x8 src/Practica4Lab.o
 .rodata.C.176.14018
                0x8000abec       0x18 src/Practica4Lab.o
 .rodata.C.173.14004
                0x8000ac04       0x10 src/Practica4Lab.o
 .rodata.get_arg
                0x8000ac14       0x3c c:/program files/atmel/atmel toolchain/avr32 gcc/native/3.4.1057/avr32-gnu-toolchain/bin/../lib/gcc/avr32/4.4.7/../../../../avr32/lib/ucr2\libc.a(lib_a-vfprintf.o)
 .rodata._vfprintf_r
                0x8000ac50      0x164 c:/program files/atmel/atmel toolchain/avr32 gcc/native/3.4.1057/avr32-gnu-toolchain/bin/../lib/gcc/avr32/4.4.7/../../../../avr32/lib/ucr2\libc.a(lib_a-vfprintf.o)
 .rodata.state_table
                0x8000adb4       0x6c c:/program files/atmel/atmel toolchain/avr32 gcc/native/3.4.1057/avr32-gnu-toolchain/bin/../lib/gcc/avr32/4.4.7/../../../../avr32/lib/ucr2\libc.a(lib_a-vfprintf.o)
 .rodata.action_table
                0x8000ae20       0x6c c:/program files/atmel/atmel toolchain/avr32 gcc/native/3.4.1057/avr32-gnu-toolchain/bin/../lib/gcc/avr32/4.4.7/../../../../avr32/lib/ucr2\libc.a(lib_a-vfprintf.o)
 .rodata.str1.4
                0x8000ae8c       0x3a c:/program files/atmel/atmel toolchain/avr32 gcc/native/3.4.1057/avr32-gnu-toolchain/bin/../lib/gcc/avr32/4.4.7/../../../../avr32/lib/ucr2\libc.a(lib_a-vfprintf.o)
                                 0x3c (size before relaxing)
 *fill*         0x8000aec6        0x2 
 .rodata.blanks.3430
                0x8000aec8       0x10 c:/program files/atmel/atmel toolchain/avr32 gcc/native/3.4.1057/avr32-gnu-toolchain/bin/../lib/gcc/avr32/4.4.7/../../../../avr32/lib/ucr2\libc.a(lib_a-vfprintf.o)
 .rodata.zeroes.3431
                0x8000aed8       0x10 c:/program files/atmel/atmel toolchain/avr32 gcc/native/3.4.1057/avr32-gnu-toolchain/bin/../lib/gcc/avr32/4.4.7/../../../../avr32/lib/ucr2\libc.a(lib_a-vfprintf.o)
 .rodata.chclass
                0x8000aee8      0x100 c:/program files/atmel/atmel toolchain/avr32 gcc/native/3.4.1057/avr32-gnu-toolchain/bin/../lib/gcc/avr32/4.4.7/../../../../avr32/lib/ucr2\libc.a(lib_a-vfprintf.o)
 .rodata.str1.4
                0x8000afe8       0x10 c:/program files/atmel/atmel toolchain/avr32 gcc/native/3.4.1057/avr32-gnu-toolchain/bin/../lib/gcc/avr32/4.4.7/../../../../avr32/lib/ucr2\libc.a(lib_a-dtoa.o)
                                 0x14 (size before relaxing)
 .rodata.__sf_fake_stdin
                0x8000aff8       0x20 c:/program files/atmel/atmel toolchain/avr32 gcc/native/3.4.1057/avr32-gnu-toolchain/bin/../lib/gcc/avr32/4.4.7/../../../../avr32/lib/ucr2\libc.a(lib_a-findfp.o)
                0x8000aff8                __sf_fake_stdin
 .rodata.__sf_fake_stdout
                0x8000b018       0x20 c:/program files/atmel/atmel toolchain/avr32 gcc/native/3.4.1057/avr32-gnu-toolchain/bin/../lib/gcc/avr32/4.4.7/../../../../avr32/lib/ucr2\libc.a(lib_a-findfp.o)
                0x8000b018                __sf_fake_stdout
 .rodata.__sf_fake_stderr
                0x8000b038       0x20 c:/program files/atmel/atmel toolchain/avr32 gcc/native/3.4.1057/avr32-gnu-toolchain/bin/../lib/gcc/avr32/4.4.7/../../../../avr32/lib/ucr2\libc.a(lib_a-findfp.o)
                0x8000b038                __sf_fake_stderr
 .rodata.str1.4
                0x8000b058        0x2 c:/program files/atmel/atmel toolchain/avr32 gcc/native/3.4.1057/avr32-gnu-toolchain/bin/../lib/gcc/avr32/4.4.7/../../../../avr32/lib/ucr2\libc.a(lib_a-impure.o)
                                  0x4 (size before relaxing)
 *fill*         0x8000b05a        0x2 
 .rodata._global_impure_ptr
                0x8000b05c        0x4 c:/program files/atmel/atmel toolchain/avr32 gcc/native/3.4.1057/avr32-gnu-toolchain/bin/../lib/gcc/avr32/4.4.7/../../../../avr32/lib/ucr2\libc.a(lib_a-impure.o)
                0x8000b05c                _global_impure_ptr
 .rodata.lconv  0x8000b060       0x30 c:/program files/atmel/atmel toolchain/avr32 gcc/native/3.4.1057/avr32-gnu-toolchain/bin/../lib/gcc/avr32/4.4.7/../../../../avr32/lib/ucr2\libc.a(lib_a-locale.o)
 .rodata.str1.4
                0x8000b090       0x10 c:/program files/atmel/atmel toolchain/avr32 gcc/native/3.4.1057/avr32-gnu-toolchain/bin/../lib/gcc/avr32/4.4.7/../../../../avr32/lib/ucr2\libc.a(lib_a-locale.o)
                                 0x18 (size before relaxing)
 .rodata.p05.2471
                0x8000b0a0        0xc c:/program files/atmel/atmel toolchain/avr32 gcc/native/3.4.1057/avr32-gnu-toolchain/bin/../lib/gcc/avr32/4.4.7/../../../../avr32/lib/ucr2\libc.a(lib_a-mprec.o)
 .rodata.__mprec_tens
                0x8000b0ac       0xc8 c:/program files/atmel/atmel toolchain/avr32 gcc/native/3.4.1057/avr32-gnu-toolchain/bin/../lib/gcc/avr32/4.4.7/../../../../avr32/lib/ucr2\libc.a(lib_a-mprec.o)
                0x8000b0ac                __mprec_tens
 .rodata.__mprec_bigtens
                0x8000b174       0x28 c:/program files/atmel/atmel toolchain/avr32 gcc/native/3.4.1057/avr32-gnu-toolchain/bin/../lib/gcc/avr32/4.4.7/../../../../avr32/lib/ucr2\libc.a(lib_a-mprec.o)
                0x8000b174                __mprec_bigtens

.rodata1
 *(.rodata1)

.eh_frame_hdr
 *(.eh_frame_hdr)

.eh_frame
 *(.eh_frame)

.gcc_except_table
 *(.gcc_except_table)
 *(.gcc_except_table.*)

.lalign         0x8000b19c        0x4
                0x8000b1a0                . = ALIGN (0x8)
 *fill*         0x8000b19c        0x4 
                0x8000b1a0                PROVIDE (_data_lma, .)
                0x00000004                . = ORIGIN (INTRAM)

.dalign         0x00000004        0x4
                0x00000008                . = ALIGN (0x8)
 *fill*         0x00000004        0x4 
                0x00000008                PROVIDE (_data, .)

.eh_frame
 *(.eh_frame)

.gcc_except_table
 *(.gcc_except_table)
 *(.gcc_except_table.*)

.tdata
 *(.tdata .tdata.* .gnu.linkonce.td.*)

.tbss
 *(.tbss .tbss.* .gnu.linkonce.tb.*)
 *(.tcommon)
                0x00000008                PROVIDE (__preinit_array_start, ALIGN (0x4))

.preinit_array
 *(.preinit_array)
                0x00000008                PROVIDE (__preinit_array_end, .)
                0x00000008                PROVIDE (__init_array_start, .)

.init_array
 *(.init_array)
                0x00000008                PROVIDE (__init_array_end, .)
                0x00000008                PROVIDE (__fini_array_start, .)

.fini_array
 *(.fini_array)
                0x00000008                PROVIDE (__fini_array_end, .)

.ctors
 *crtbegin*.o(.ctors)
 *(EXCLUDE_FILE(*crtend*.o) .ctors)
 *(SORT(.ctors.*))
 *(.ctors)

.dtors
 *crtbegin*.o(.dtors)
 *(EXCLUDE_FILE(*crtend*.o) .dtors)
 *(SORT(.dtors.*))
 *(.dtors)

.jcr
 *(.jcr)

.data.rel.ro
 *(.data.rel.ro.local)
 *(.data.rel.ro*)

.dynamic
 *(.dynamic)

.got
 *(.got.plt)
 *(.got)

.ramtext
 *(.ramtext .ramtext.*)

.ddalign        0x00000008        0x0 load address 0x8000b1a0
                0x00000008                . = ALIGN (0x8)

.data           0x00000008      0x530 load address 0x8000b1a0
 *(.data .data.* .gnu.linkonce.d.*)
 .data.tc       0x00000008        0x4 src/Practica4Lab.o
                0x00000008                tc
 .data.gana2    0x0000000c        0x4 src/Practica4Lab.o
                0x0000000c                gana2
 .data.gana1    0x00000010        0x4 src/Practica4Lab.o
                0x00000010                gana1
 .data.pwm_channel6
                0x00000014       0x20 src/Practica4Lab.o
                0x00000014                pwm_channel6
 .data.__malloc_av_
                0x00000034      0x408 c:/program files/atmel/atmel toolchain/avr32 gcc/native/3.4.1057/avr32-gnu-toolchain/bin/../lib/gcc/avr32/4.4.7/../../../../avr32/lib/ucr2\libc.a(lib_a-mallocr.o)
                0x00000034                __malloc_av_
 .data.__malloc_trim_threshold
                0x0000043c        0x4 c:/program files/atmel/atmel toolchain/avr32 gcc/native/3.4.1057/avr32-gnu-toolchain/bin/../lib/gcc/avr32/4.4.7/../../../../avr32/lib/ucr2\libc.a(lib_a-mallocr.o)
                0x0000043c                __malloc_trim_threshold
 .data.__malloc_sbrk_base
                0x00000440        0x4 c:/program files/atmel/atmel toolchain/avr32 gcc/native/3.4.1057/avr32-gnu-toolchain/bin/../lib/gcc/avr32/4.4.7/../../../../avr32/lib/ucr2\libc.a(lib_a-mallocr.o)
                0x00000440                __malloc_sbrk_base
 .data.impure_data
                0x00000444       0xf0 c:/program files/atmel/atmel toolchain/avr32 gcc/native/3.4.1057/avr32-gnu-toolchain/bin/../lib/gcc/avr32/4.4.7/../../../../avr32/lib/ucr2\libc.a(lib_a-impure.o)
 .data._impure_ptr
                0x00000534        0x4 c:/program files/atmel/atmel toolchain/avr32 gcc/native/3.4.1057/avr32-gnu-toolchain/bin/../lib/gcc/avr32/4.4.7/../../../../avr32/lib/ucr2\libc.a(lib_a-impure.o)
                0x00000534                _impure_ptr
 *(.gnu.linkonce.d.*personality*)

.data1
 *(.data1)

.balign         0x00000538        0x0 load address 0x8000b6d0
                0x00000538                . = ALIGN (0x8)
                0x00000538                PROVIDE (_edata, .)
                0x00000538                PROVIDE (edata, .)
                0x00000538                __bss_start = .

.bss            0x00000538      0x5b0
 *(.dynbss)
 *(.bss .bss.* .gnu.linkonce.b.*)
 .bss.tft_data  0x00000538        0x8 src/ASF/avr32/components/display/et024006dhu/et024006dhu.o
 .bss.gl_ptr_mem
                0x00000540        0x4 src/ASF/avr32/components/memory/sd_mmc/sd_mmc_spi/sd_mmc_spi.o
 .bss.sd_mmc_opt
                0x00000544       0x10 src/ASF/avr32/components/memory/sd_mmc/sd_mmc_spi/sd_mmc_spi.o
 .bss.sd_mmc_pba_hz
                0x00000554        0x4 src/ASF/avr32/components/memory/sd_mmc/sd_mmc_spi/sd_mmc_spi.o
 .bss.sd_mmc_spi_init_done
                0x00000558        0x1 src/ASF/avr32/components/memory/sd_mmc/sd_mmc_spi/sd_mmc_spi.o
                0x00000558                sd_mmc_spi_init_done
 *fill*         0x00000559        0x3 
 .bss.smc_tab_cs_size
                0x0000055c        0x8 src/ASF/avr32/drivers/ebi/smc/smc.o
 .bss._int_line_handler_table_6
                0x00000564        0x4 src/ASF/avr32/drivers/intc/intc.o
 .bss._int_line_handler_table_7
                0x00000568        0x4 src/ASF/avr32/drivers/intc/intc.o
 .bss._int_line_handler_table_8
                0x0000056c        0x4 src/ASF/avr32/drivers/intc/intc.o
 .bss._int_line_handler_table_9
                0x00000570        0x4 src/ASF/avr32/drivers/intc/intc.o
 .bss._int_line_handler_table_10
                0x00000574        0x4 src/ASF/avr32/drivers/intc/intc.o
 .bss._int_line_handler_table_11
                0x00000578        0x4 src/ASF/avr32/drivers/intc/intc.o
 .bss._int_line_handler_table_12
                0x0000057c        0x4 src/ASF/avr32/drivers/intc/intc.o
 .bss._int_line_handler_table_13
                0x00000580        0x4 src/ASF/avr32/drivers/intc/intc.o
 .bss._int_line_handler_table_14
                0x00000584        0xc src/ASF/avr32/drivers/intc/intc.o
 .bss._int_line_handler_table_15
                0x00000590        0x4 src/ASF/avr32/drivers/intc/intc.o
 .bss._int_line_handler_table_16
                0x00000594        0x4 src/ASF/avr32/drivers/intc/intc.o
 .bss._int_line_handler_table_17
                0x00000598        0x4 src/ASF/avr32/drivers/intc/intc.o
 .bss._int_line_handler_table_18
                0x0000059c        0x4 src/ASF/avr32/drivers/intc/intc.o
 .bss._int_line_handler_table_19
                0x000005a0        0x4 src/ASF/avr32/drivers/intc/intc.o
 .bss._int_line_handler_table_0
                0x000005a4        0x4 src/ASF/avr32/drivers/intc/intc.o
 .bss._int_line_handler_table_1
                0x000005a8       0x2c src/ASF/avr32/drivers/intc/intc.o
 .bss._int_line_handler_table_2
                0x000005d4       0x38 src/ASF/avr32/drivers/intc/intc.o
 .bss._int_line_handler_table_3
                0x0000060c       0x3c src/ASF/avr32/drivers/intc/intc.o
 .bss._int_line_handler_table_4
                0x00000648        0x4 src/ASF/avr32/drivers/intc/intc.o
 .bss._int_line_handler_table_5
                0x0000064c        0x4 src/ASF/avr32/drivers/intc/intc.o
 .bss.minutos   0x00000650        0x4 src/Practica4Lab.o
                0x00000650                minutos
 .bss.horas     0x00000654        0x4 src/Practica4Lab.o
                0x00000654                horas
 .bss.end_of_transfer
                0x00000658        0x4 src/Practica4Lab.o
                0x00000658                end_of_transfer
 .bss.tc_tick   0x0000065c        0x4 src/Practica4Lab.o
                0x0000065c                tc_tick
 .bss.segundos  0x00000660        0x4 src/Practica4Lab.o
                0x00000660                segundos
 .bss.__malloc_max_total_mem
                0x00000664        0x4 c:/program files/atmel/atmel toolchain/avr32 gcc/native/3.4.1057/avr32-gnu-toolchain/bin/../lib/gcc/avr32/4.4.7/../../../../avr32/lib/ucr2\libc.a(lib_a-mallocr.o)
                0x00000664                __malloc_max_total_mem
 .bss.__malloc_max_sbrked_mem
                0x00000668        0x4 c:/program files/atmel/atmel toolchain/avr32 gcc/native/3.4.1057/avr32-gnu-toolchain/bin/../lib/gcc/avr32/4.4.7/../../../../avr32/lib/ucr2\libc.a(lib_a-mallocr.o)
                0x00000668                __malloc_max_sbrked_mem
 .bss.__malloc_top_pad
                0x0000066c        0x4 c:/program files/atmel/atmel toolchain/avr32 gcc/native/3.4.1057/avr32-gnu-toolchain/bin/../lib/gcc/avr32/4.4.7/../../../../avr32/lib/ucr2\libc.a(lib_a-mallocr.o)
                0x0000066c                __malloc_top_pad
 .bss.__malloc_current_mallinfo
                0x00000670       0x28 c:/program files/atmel/atmel toolchain/avr32 gcc/native/3.4.1057/avr32-gnu-toolchain/bin/../lib/gcc/avr32/4.4.7/../../../../avr32/lib/ucr2\libc.a(lib_a-mallocr.o)
                0x00000670                __malloc_current_mallinfo
 .bss.cur_heap_pos.1869
                0x00000698        0x4 c:/program files/atmel/atmel toolchain/avr32 gcc/native/3.4.1057/avr32-gnu-toolchain/bin/../lib/gcc/avr32/4.4.7/../../../../avr32/lib/ucr2\libc.a(lib_a-syscalls.o)
 *(COMMON)
 COMMON         0x0000069c      0x229 src/ASF/avr32/components/memory/sd_mmc/sd_mmc_spi/sd_mmc_spi.o
                0x0000069c                data_mem
                0x000008a0                capacity
                0x000008a8                capacity_mult
                0x000008aa                erase_group_size
                0x000008ac                sd_mmc_spi_last_block_address
                0x000008b0                r2
                0x000008b2                card_type
                0x000008b4                csd
                0x000008c4                r1
 *fill*         0x000008c5        0x3 
 COMMON         0x000008c8      0x218 src/Practica4Lab.o
                0x000008c8                password
                0x000008d0                pdca_channel_usart
                0x000008d4                pdca_channeltx
                0x000008d8                pdca_channelrx
                0x000008dc                ram_buffer
 COMMON         0x00000ae0        0x4 c:/program files/atmel/atmel toolchain/avr32 gcc/native/3.4.1057/avr32-gnu-toolchain/bin/../lib/gcc/avr32/4.4.7/../../../../avr32/lib/ucr2\libc.a(lib_a-reent.o)
                0x00000ae0                errno
                0x00000ae8                . = ALIGN (0x8)
 *fill*         0x00000ae4        0x4 
                0x00000ae8                . = ALIGN (0x8)
                0x00000ae8                _end = .
                0x00000ae8                PROVIDE (end, .)
                0x00000ae8                __heap_start__ = ALIGN (0x8)

.heap           0x00000ae8     0xe518
 *(.heap)
                0x0000e518                . = (__heap_size__ == __max_heap_size__)?(((ORIGIN (INTRAM) + 0xfffc) - __stack_size__) - ABSOLUTE (.)):__heap_size__
 *fill*         0x00000ae8     0xe518 
                0x0000f000                __heap_end__ = .

.stab
 *(.stab)

.stabstr
 *(.stabstr)

.stab.excl
 *(.stab.excl)

.stab.exclstr
 *(.stab.exclstr)

.stab.index
 *(.stab.index)

.stab.indexstr
 *(.stab.indexstr)

.comment        0x00000000       0x30
 *(.comment)
 .comment       0x00000000       0x30 src/ASF/avr32/components/display/et024006dhu/et024006dhu.o
                                 0x31 (size before relaxing)
 .comment       0x00000000       0x31 src/ASF/avr32/components/memory/sd_mmc/sd_mmc_spi/sd_mmc_spi.o
 .comment       0x00000000       0x31 src/ASF/avr32/drivers/ebi/smc/smc.o
 .comment       0x00000000       0x31 src/ASF/avr32/drivers/gpio/gpio.o
 .comment       0x00000000       0x31 src/ASF/avr32/drivers/intc/intc.o
 .comment       0x00000000       0x31 src/ASF/avr32/drivers/pdca/pdca.o
 .comment       0x00000000       0x31 src/ASF/avr32/drivers/pm/pm.o
 .comment       0x00000000       0x31 src/ASF/avr32/drivers/pm/power_clocks_lib.o
 .comment       0x00000000       0x31 src/ASF/avr32/drivers/pwm/pwm.o
 .comment       0x00000000       0x31 src/ASF/avr32/drivers/spi/spi.o
 .comment       0x00000000       0x31 src/ASF/avr32/drivers/tc/tc.o
 .comment       0x00000000       0x31 src/ASF/avr32/drivers/usart/usart.o
 .comment       0x00000000       0x31 src/Practica4Lab.o
 .comment       0x00000000       0x31 c:/program files/atmel/atmel toolchain/avr32 gcc/native/3.4.1057/avr32-gnu-toolchain/bin/../lib/gcc/avr32/4.4.7/ucr2\libgcc.a(_udivdi3.o)
 .comment       0x00000000       0x31 c:/program files/atmel/atmel toolchain/avr32 gcc/native/3.4.1057/avr32-gnu-toolchain/bin/../lib/gcc/avr32/4.4.7/../../../../avr32/lib/ucr2\libc.a(lib_a-malloc.o)
 .comment       0x00000000       0x31 c:/program files/atmel/atmel toolchain/avr32 gcc/native/3.4.1057/avr32-gnu-toolchain/bin/../lib/gcc/avr32/4.4.7/../../../../avr32/lib/ucr2\libc.a(lib_a-mallocr.o)
 .comment       0x00000000       0x31 c:/program files/atmel/atmel toolchain/avr32 gcc/native/3.4.1057/avr32-gnu-toolchain/bin/../lib/gcc/avr32/4.4.7/../../../../avr32/lib/ucr2\libc.a(lib_a-memset.o)
 .comment       0x00000000       0x31 c:/program files/atmel/atmel toolchain/avr32 gcc/native/3.4.1057/avr32-gnu-toolchain/bin/../lib/gcc/avr32/4.4.7/../../../../avr32/lib/ucr2\libc.a(lib_a-mlock.o)
 .comment       0x00000000       0x31 c:/program files/atmel/atmel toolchain/avr32 gcc/native/3.4.1057/avr32-gnu-toolchain/bin/../lib/gcc/avr32/4.4.7/../../../../avr32/lib/ucr2\libc.a(lib_a-sbrkr.o)
 .comment       0x00000000       0x31 c:/program files/atmel/atmel toolchain/avr32 gcc/native/3.4.1057/avr32-gnu-toolchain/bin/../lib/gcc/avr32/4.4.7/../../../../avr32/lib/ucr2\libc.a(lib_a-sprintf.o)
 .comment       0x00000000       0x31 c:/program files/atmel/atmel toolchain/avr32 gcc/native/3.4.1057/avr32-gnu-toolchain/bin/../lib/gcc/avr32/4.4.7/../../../../avr32/lib/ucr2\libc.a(lib_a-syscalls.o)
 .comment       0x00000000       0x31 c:/program files/atmel/atmel toolchain/avr32 gcc/native/3.4.1057/avr32-gnu-toolchain/bin/../lib/gcc/avr32/4.4.7/../../../../avr32/lib/ucr2\libc.a(lib_a-vfprintf.o)
 .comment       0x00000000       0x31 c:/program files/atmel/atmel toolchain/avr32 gcc/native/3.4.1057/avr32-gnu-toolchain/bin/../lib/gcc/avr32/4.4.7/../../../../avr32/lib/ucr2\libc.a(lib_a-wsetup.o)
 .comment       0x00000000       0x31 c:/program files/atmel/atmel toolchain/avr32 gcc/native/3.4.1057/avr32-gnu-toolchain/bin/../lib/gcc/avr32/4.4.7/../../../../avr32/lib/ucr2\libc.a(lib_a-dtoa.o)
 .comment       0x00000000       0x31 c:/program files/atmel/atmel toolchain/avr32 gcc/native/3.4.1057/avr32-gnu-toolchain/bin/../lib/gcc/avr32/4.4.7/../../../../avr32/lib/ucr2\libc.a(lib_a-errno.o)
 .comment       0x00000000       0x31 c:/program files/atmel/atmel toolchain/avr32 gcc/native/3.4.1057/avr32-gnu-toolchain/bin/../lib/gcc/avr32/4.4.7/../../../../avr32/lib/ucr2\libc.a(lib_a-fflush.o)
 .comment       0x00000000       0x31 c:/program files/atmel/atmel toolchain/avr32 gcc/native/3.4.1057/avr32-gnu-toolchain/bin/../lib/gcc/avr32/4.4.7/../../../../avr32/lib/ucr2\libc.a(lib_a-findfp.o)
 .comment       0x00000000       0x31 c:/program files/atmel/atmel toolchain/avr32 gcc/native/3.4.1057/avr32-gnu-toolchain/bin/../lib/gcc/avr32/4.4.7/../../../../avr32/lib/ucr2\libc.a(lib_a-freer.o)
 .comment       0x00000000       0x31 c:/program files/atmel/atmel toolchain/avr32 gcc/native/3.4.1057/avr32-gnu-toolchain/bin/../lib/gcc/avr32/4.4.7/../../../../avr32/lib/ucr2\libc.a(lib_a-fvwrite.o)
 .comment       0x00000000       0x31 c:/program files/atmel/atmel toolchain/avr32 gcc/native/3.4.1057/avr32-gnu-toolchain/bin/../lib/gcc/avr32/4.4.7/../../../../avr32/lib/ucr2\libc.a(lib_a-fwalk.o)
 .comment       0x00000000       0x31 c:/program files/atmel/atmel toolchain/avr32 gcc/native/3.4.1057/avr32-gnu-toolchain/bin/../lib/gcc/avr32/4.4.7/../../../../avr32/lib/ucr2\libc.a(lib_a-impure.o)
 .comment       0x00000000       0x31 c:/program files/atmel/atmel toolchain/avr32 gcc/native/3.4.1057/avr32-gnu-toolchain/bin/../lib/gcc/avr32/4.4.7/../../../../avr32/lib/ucr2\libc.a(lib_a-locale.o)
 .comment       0x00000000       0x31 c:/program files/atmel/atmel toolchain/avr32 gcc/native/3.4.1057/avr32-gnu-toolchain/bin/../lib/gcc/avr32/4.4.7/../../../../avr32/lib/ucr2\libc.a(lib_a-makebuf.o)
 .comment       0x00000000       0x31 c:/program files/atmel/atmel toolchain/avr32 gcc/native/3.4.1057/avr32-gnu-toolchain/bin/../lib/gcc/avr32/4.4.7/../../../../avr32/lib/ucr2\libc.a(lib_a-memchr.o)
 .comment       0x00000000       0x31 c:/program files/atmel/atmel toolchain/avr32 gcc/native/3.4.1057/avr32-gnu-toolchain/bin/../lib/gcc/avr32/4.4.7/../../../../avr32/lib/ucr2\libc.a(lib_a-memmove.o)
 .comment       0x00000000       0x31 c:/program files/atmel/atmel toolchain/avr32 gcc/native/3.4.1057/avr32-gnu-toolchain/bin/../lib/gcc/avr32/4.4.7/../../../../avr32/lib/ucr2\libc.a(lib_a-mprec.o)
 .comment       0x00000000       0x31 c:/program files/atmel/atmel toolchain/avr32 gcc/native/3.4.1057/avr32-gnu-toolchain/bin/../lib/gcc/avr32/4.4.7/../../../../avr32/lib/ucr2\libc.a(lib_a-reallocr.o)
 .comment       0x00000000       0x31 c:/program files/atmel/atmel toolchain/avr32 gcc/native/3.4.1057/avr32-gnu-toolchain/bin/../lib/gcc/avr32/4.4.7/../../../../avr32/lib/ucr2\libc.a(lib_a-reent.o)
 .comment       0x00000000       0x31 c:/program files/atmel/atmel toolchain/avr32 gcc/native/3.4.1057/avr32-gnu-toolchain/bin/../lib/gcc/avr32/4.4.7/../../../../avr32/lib/ucr2\libc.a(lib_a-s_isinfd.o)
 .comment       0x00000000       0x31 c:/program files/atmel/atmel toolchain/avr32 gcc/native/3.4.1057/avr32-gnu-toolchain/bin/../lib/gcc/avr32/4.4.7/../../../../avr32/lib/ucr2\libc.a(lib_a-s_isnand.o)
 .comment       0x00000000       0x31 c:/program files/atmel/atmel toolchain/avr32 gcc/native/3.4.1057/avr32-gnu-toolchain/bin/../lib/gcc/avr32/4.4.7/../../../../avr32/lib/ucr2\libc.a(lib_a-stdio.o)
 .comment       0x00000000       0x31 c:/program files/atmel/atmel toolchain/avr32 gcc/native/3.4.1057/avr32-gnu-toolchain/bin/../lib/gcc/avr32/4.4.7/../../../../avr32/lib/ucr2\libc.a(lib_a-strlen.o)
 .comment       0x00000000       0x31 c:/program files/atmel/atmel toolchain/avr32 gcc/native/3.4.1057/avr32-gnu-toolchain/bin/../lib/gcc/avr32/4.4.7/../../../../avr32/lib/ucr2\libc.a(lib_a-writer.o)
 .comment       0x00000000       0x31 c:/program files/atmel/atmel toolchain/avr32 gcc/native/3.4.1057/avr32-gnu-toolchain/bin/../lib/gcc/avr32/4.4.7/../../../../avr32/lib/ucr2\libc.a(lib_a-callocr.o)
 .comment       0x00000000       0x31 c:/program files/atmel/atmel toolchain/avr32 gcc/native/3.4.1057/avr32-gnu-toolchain/bin/../lib/gcc/avr32/4.4.7/../../../../avr32/lib/ucr2\libc.a(lib_a-closer.o)
 .comment       0x00000000       0x31 c:/program files/atmel/atmel toolchain/avr32 gcc/native/3.4.1057/avr32-gnu-toolchain/bin/../lib/gcc/avr32/4.4.7/../../../../avr32/lib/ucr2\libc.a(lib_a-fclose.o)
 .comment       0x00000000       0x31 c:/program files/atmel/atmel toolchain/avr32 gcc/native/3.4.1057/avr32-gnu-toolchain/bin/../lib/gcc/avr32/4.4.7/../../../../avr32/lib/ucr2\libc.a(lib_a-fstatr.o)
 .comment       0x00000000       0x31 c:/program files/atmel/atmel toolchain/avr32 gcc/native/3.4.1057/avr32-gnu-toolchain/bin/../lib/gcc/avr32/4.4.7/../../../../avr32/lib/ucr2\libc.a(lib_a-lseekr.o)
 .comment       0x00000000       0x31 c:/program files/atmel/atmel toolchain/avr32 gcc/native/3.4.1057/avr32-gnu-toolchain/bin/../lib/gcc/avr32/4.4.7/../../../../avr32/lib/ucr2\libc.a(lib_a-readr.o)
 .comment       0x00000000       0x31 c:/program files/atmel/atmel toolchain/avr32 gcc/native/3.4.1057/avr32-gnu-toolchain/bin/../lib/gcc/avr32/4.4.7/ucr2\libgcc.a(_umoddi3.o)

.debug
 *(.debug)

.line
 *(.line)

.debug_srcinfo
 *(.debug_srcinfo)

.debug_sfnames
 *(.debug_sfnames)

.debug_aranges  0x00000000     0x10d0
 *(.debug_aranges)
 .debug_aranges
                0x00000000      0x118 src/ASF/avr32/components/display/et024006dhu/et024006dhu.o
 .debug_aranges
                0x00000118       0xf0 src/ASF/avr32/components/memory/sd_mmc/sd_mmc_spi/sd_mmc_spi.o
 .debug_aranges
                0x00000208       0x28 src/ASF/avr32/drivers/ebi/smc/smc.o
 .debug_aranges
                0x00000230      0x100 src/ASF/avr32/drivers/gpio/gpio.o
 .debug_aranges
                0x00000330       0x20 src/ASF/avr32/drivers/intc/exception.o
 .debug_aranges
                0x00000350       0x38 src/ASF/avr32/drivers/intc/intc.o
 .debug_aranges
                0x00000388       0xa8 src/ASF/avr32/drivers/pdca/pdca.o
 .debug_aranges
                0x00000430      0x190 src/ASF/avr32/drivers/pm/pm.o
 .debug_aranges
                0x000005c0       0x40 src/ASF/avr32/drivers/pm/power_clocks_lib.o
 .debug_aranges
                0x00000600       0x48 src/ASF/avr32/drivers/pwm/pwm.o
 .debug_aranges
                0x00000648       0xa8 src/ASF/avr32/drivers/spi/spi.o
 .debug_aranges
                0x000006f0       0xa8 src/ASF/avr32/drivers/tc/tc.o
 .debug_aranges
                0x00000798       0xe8 src/ASF/avr32/drivers/usart/usart.o
 .debug_aranges
                0x00000880       0x28 src/ASF/avr32/utils/startup/startup_uc3.o
 .debug_aranges
                0x000008a8       0x20 src/ASF/avr32/utils/startup/trampoline_uc3.o
 .debug_aranges
                0x000008c8      0x120 src/Practica4Lab.o
 .debug_aranges
                0x000009e8       0x20 c:/program files/atmel/atmel toolchain/avr32 gcc/native/3.4.1057/avr32-gnu-toolchain/bin/../lib/gcc/avr32/4.4.7/ucr2\libgcc.a(_udivdi3.o)
 .debug_aranges
                0x00000a08       0x28 c:/program files/atmel/atmel toolchain/avr32 gcc/native/3.4.1057/avr32-gnu-toolchain/bin/../lib/gcc/avr32/4.4.7/../../../../avr32/lib/ucr2\libc.a(lib_a-malloc.o)
 .debug_aranges
                0x00000a30       0x20 c:/program files/atmel/atmel toolchain/avr32 gcc/native/3.4.1057/avr32-gnu-toolchain/bin/../lib/gcc/avr32/4.4.7/../../../../avr32/lib/ucr2\libc.a(lib_a-mallocr.o)
 .debug_aranges
                0x00000a50       0x20 c:/program files/atmel/atmel toolchain/avr32 gcc/native/3.4.1057/avr32-gnu-toolchain/bin/../lib/gcc/avr32/4.4.7/../../../../avr32/lib/ucr2\libc.a(lib_a-memset.o)
 .debug_aranges
                0x00000a70       0x28 c:/program files/atmel/atmel toolchain/avr32 gcc/native/3.4.1057/avr32-gnu-toolchain/bin/../lib/gcc/avr32/4.4.7/../../../../avr32/lib/ucr2\libc.a(lib_a-mlock.o)
 .debug_aranges
                0x00000a98       0x20 c:/program files/atmel/atmel toolchain/avr32 gcc/native/3.4.1057/avr32-gnu-toolchain/bin/../lib/gcc/avr32/4.4.7/../../../../avr32/lib/ucr2\libc.a(lib_a-sbrkr.o)
 .debug_aranges
                0x00000ab8       0x28 c:/program files/atmel/atmel toolchain/avr32 gcc/native/3.4.1057/avr32-gnu-toolchain/bin/../lib/gcc/avr32/4.4.7/../../../../avr32/lib/ucr2\libc.a(lib_a-sprintf.o)
 .debug_aranges
                0x00000ae0       0xf8 c:/program files/atmel/atmel toolchain/avr32 gcc/native/3.4.1057/avr32-gnu-toolchain/bin/../lib/gcc/avr32/4.4.7/../../../../avr32/lib/ucr2\libc.a(lib_a-syscalls.o)
 .debug_aranges
                0x00000bd8       0x38 c:/program files/atmel/atmel toolchain/avr32 gcc/native/3.4.1057/avr32-gnu-toolchain/bin/../lib/gcc/avr32/4.4.7/../../../../avr32/lib/ucr2\libc.a(lib_a-vfprintf.o)
 .debug_aranges
                0x00000c10       0x20 c:/program files/atmel/atmel toolchain/avr32 gcc/native/3.4.1057/avr32-gnu-toolchain/bin/../lib/gcc/avr32/4.4.7/../../../../avr32/lib/ucr2\libc.a(lib_a-wsetup.o)
 .debug_aranges
                0x00000c30       0x28 c:/program files/atmel/atmel toolchain/avr32 gcc/native/3.4.1057/avr32-gnu-toolchain/bin/../lib/gcc/avr32/4.4.7/../../../../avr32/lib/ucr2\libc.a(lib_a-dtoa.o)
 .debug_aranges
                0x00000c58       0x20 c:/program files/atmel/atmel toolchain/avr32 gcc/native/3.4.1057/avr32-gnu-toolchain/bin/../lib/gcc/avr32/4.4.7/../../../../avr32/lib/ucr2\libc.a(lib_a-errno.o)
 .debug_aranges
                0x00000c78       0x28 c:/program files/atmel/atmel toolchain/avr32 gcc/native/3.4.1057/avr32-gnu-toolchain/bin/../lib/gcc/avr32/4.4.7/../../../../avr32/lib/ucr2\libc.a(lib_a-fflush.o)
 .debug_aranges
                0x00000ca0       0x80 c:/program files/atmel/atmel toolchain/avr32 gcc/native/3.4.1057/avr32-gnu-toolchain/bin/../lib/gcc/avr32/4.4.7/../../../../avr32/lib/ucr2\libc.a(lib_a-findfp.o)
 .debug_aranges
                0x00000d20       0x28 c:/program files/atmel/atmel toolchain/avr32 gcc/native/3.4.1057/avr32-gnu-toolchain/bin/../lib/gcc/avr32/4.4.7/../../../../avr32/lib/ucr2\libc.a(lib_a-freer.o)
 .debug_aranges
                0x00000d48       0x20 c:/program files/atmel/atmel toolchain/avr32 gcc/native/3.4.1057/avr32-gnu-toolchain/bin/../lib/gcc/avr32/4.4.7/../../../../avr32/lib/ucr2\libc.a(lib_a-fvwrite.o)
 .debug_aranges
                0x00000d68       0x28 c:/program files/atmel/atmel toolchain/avr32 gcc/native/3.4.1057/avr32-gnu-toolchain/bin/../lib/gcc/avr32/4.4.7/../../../../avr32/lib/ucr2\libc.a(lib_a-fwalk.o)
 .debug_aranges
                0x00000d90       0x40 c:/program files/atmel/atmel toolchain/avr32 gcc/native/3.4.1057/avr32-gnu-toolchain/bin/../lib/gcc/avr32/4.4.7/../../../../avr32/lib/ucr2\libc.a(lib_a-locale.o)
 .debug_aranges
                0x00000dd0       0x20 c:/program files/atmel/atmel toolchain/avr32 gcc/native/3.4.1057/avr32-gnu-toolchain/bin/../lib/gcc/avr32/4.4.7/../../../../avr32/lib/ucr2\libc.a(lib_a-makebuf.o)
 .debug_aranges
                0x00000df0       0x20 c:/program files/atmel/atmel toolchain/avr32 gcc/native/3.4.1057/avr32-gnu-toolchain/bin/../lib/gcc/avr32/4.4.7/../../../../avr32/lib/ucr2\libc.a(lib_a-memchr.o)
 .debug_aranges
                0x00000e10       0x20 c:/program files/atmel/atmel toolchain/avr32 gcc/native/3.4.1057/avr32-gnu-toolchain/bin/../lib/gcc/avr32/4.4.7/../../../../avr32/lib/ucr2\libc.a(lib_a-memmove.o)
 .debug_aranges
                0x00000e30       0xb0 c:/program files/atmel/atmel toolchain/avr32 gcc/native/3.4.1057/avr32-gnu-toolchain/bin/../lib/gcc/avr32/4.4.7/../../../../avr32/lib/ucr2\libc.a(lib_a-mprec.o)
 .debug_aranges
                0x00000ee0       0x20 c:/program files/atmel/atmel toolchain/avr32 gcc/native/3.4.1057/avr32-gnu-toolchain/bin/../lib/gcc/avr32/4.4.7/../../../../avr32/lib/ucr2\libc.a(lib_a-reallocr.o)
 .debug_aranges
                0x00000f00       0x30 c:/program files/atmel/atmel toolchain/avr32 gcc/native/3.4.1057/avr32-gnu-toolchain/bin/../lib/gcc/avr32/4.4.7/../../../../avr32/lib/ucr2\libc.a(lib_a-reent.o)
 .debug_aranges
                0x00000f30       0x20 c:/program files/atmel/atmel toolchain/avr32 gcc/native/3.4.1057/avr32-gnu-toolchain/bin/../lib/gcc/avr32/4.4.7/../../../../avr32/lib/ucr2\libc.a(lib_a-s_isinfd.o)
 .debug_aranges
                0x00000f50       0x20 c:/program files/atmel/atmel toolchain/avr32 gcc/native/3.4.1057/avr32-gnu-toolchain/bin/../lib/gcc/avr32/4.4.7/../../../../avr32/lib/ucr2\libc.a(lib_a-s_isnand.o)
 .debug_aranges
                0x00000f70       0x38 c:/program files/atmel/atmel toolchain/avr32 gcc/native/3.4.1057/avr32-gnu-toolchain/bin/../lib/gcc/avr32/4.4.7/../../../../avr32/lib/ucr2\libc.a(lib_a-stdio.o)
 .debug_aranges
                0x00000fa8       0x20 c:/program files/atmel/atmel toolchain/avr32 gcc/native/3.4.1057/avr32-gnu-toolchain/bin/../lib/gcc/avr32/4.4.7/../../../../avr32/lib/ucr2\libc.a(lib_a-strlen.o)
 .debug_aranges
                0x00000fc8       0x20 c:/program files/atmel/atmel toolchain/avr32 gcc/native/3.4.1057/avr32-gnu-toolchain/bin/../lib/gcc/avr32/4.4.7/../../../../avr32/lib/ucr2\libc.a(lib_a-writer.o)
 .debug_aranges
                0x00000fe8       0x20 c:/program files/atmel/atmel toolchain/avr32 gcc/native/3.4.1057/avr32-gnu-toolchain/bin/../lib/gcc/avr32/4.4.7/../../../../avr32/lib/ucr2\libc.a(lib_a-callocr.o)
 .debug_aranges
                0x00001008       0x20 c:/program files/atmel/atmel toolchain/avr32 gcc/native/3.4.1057/avr32-gnu-toolchain/bin/../lib/gcc/avr32/4.4.7/../../../../avr32/lib/ucr2\libc.a(lib_a-closer.o)
 .debug_aranges
                0x00001028       0x28 c:/program files/atmel/atmel toolchain/avr32 gcc/native/3.4.1057/avr32-gnu-toolchain/bin/../lib/gcc/avr32/4.4.7/../../../../avr32/lib/ucr2\libc.a(lib_a-fclose.o)
 .debug_aranges
                0x00001050       0x20 c:/program files/atmel/atmel toolchain/avr32 gcc/native/3.4.1057/avr32-gnu-toolchain/bin/../lib/gcc/avr32/4.4.7/../../../../avr32/lib/ucr2\libc.a(lib_a-fstatr.o)
 .debug_aranges
                0x00001070       0x20 c:/program files/atmel/atmel toolchain/avr32 gcc/native/3.4.1057/avr32-gnu-toolchain/bin/../lib/gcc/avr32/4.4.7/../../../../avr32/lib/ucr2\libc.a(lib_a-lseekr.o)
 .debug_aranges
                0x00001090       0x20 c:/program files/atmel/atmel toolchain/avr32 gcc/native/3.4.1057/avr32-gnu-toolchain/bin/../lib/gcc/avr32/4.4.7/../../../../avr32/lib/ucr2\libc.a(lib_a-readr.o)
 .debug_aranges
                0x000010b0       0x20 c:/program files/atmel/atmel toolchain/avr32 gcc/native/3.4.1057/avr32-gnu-toolchain/bin/../lib/gcc/avr32/4.4.7/ucr2\libgcc.a(_umoddi3.o)

.debug_pubnames
                0x00000000     0x240d
 *(.debug_pubnames)
 .debug_pubnames
                0x00000000      0x328 src/ASF/avr32/components/display/et024006dhu/et024006dhu.o
 .debug_pubnames
                0x00000328      0x3b1 src/ASF/avr32/components/memory/sd_mmc/sd_mmc_spi/sd_mmc_spi.o
 .debug_pubnames
                0x000006d9       0x33 src/ASF/avr32/drivers/ebi/smc/smc.o
 .debug_pubnames
                0x0000070c      0x330 src/ASF/avr32/drivers/gpio/gpio.o
 .debug_pubnames
                0x00000a3c       0x62 src/ASF/avr32/drivers/intc/intc.o
 .debug_pubnames
                0x00000a9e      0x238 src/ASF/avr32/drivers/pdca/pdca.o
 .debug_pubnames
                0x00000cd6      0x3ee src/ASF/avr32/drivers/pm/pm.o
 .debug_pubnames
                0x000010c4       0x82 src/ASF/avr32/drivers/pm/power_clocks_lib.o
 .debug_pubnames
                0x00001146       0x9a src/ASF/avr32/drivers/pwm/pwm.o
 .debug_pubnames
                0x000011e0      0x178 src/ASF/avr32/drivers/spi/spi.o
 .debug_pubnames
                0x00001358      0x164 src/ASF/avr32/drivers/tc/tc.o
 .debug_pubnames
                0x000014bc      0x23a src/ASF/avr32/drivers/usart/usart.o
 .debug_pubnames
                0x000016f6      0x2f4 src/Practica4Lab.o
 .debug_pubnames
                0x000019ea       0x20 c:/program files/atmel/atmel toolchain/avr32 gcc/native/3.4.1057/avr32-gnu-toolchain/bin/../lib/gcc/avr32/4.4.7/ucr2\libgcc.a(_udivdi3.o)
 .debug_pubnames
                0x00001a0a       0x26 c:/program files/atmel/atmel toolchain/avr32 gcc/native/3.4.1057/avr32-gnu-toolchain/bin/../lib/gcc/avr32/4.4.7/../../../../avr32/lib/ucr2\libc.a(lib_a-malloc.o)
 .debug_pubnames
                0x00001a30       0xce c:/program files/atmel/atmel toolchain/avr32 gcc/native/3.4.1057/avr32-gnu-toolchain/bin/../lib/gcc/avr32/4.4.7/../../../../avr32/lib/ucr2\libc.a(lib_a-mallocr.o)
 .debug_pubnames
                0x00001afe       0x1d c:/program files/atmel/atmel toolchain/avr32 gcc/native/3.4.1057/avr32-gnu-toolchain/bin/../lib/gcc/avr32/4.4.7/../../../../avr32/lib/ucr2\libc.a(lib_a-memset.o)
 .debug_pubnames
                0x00001b1b       0x38 c:/program files/atmel/atmel toolchain/avr32 gcc/native/3.4.1057/avr32-gnu-toolchain/bin/../lib/gcc/avr32/4.4.7/../../../../avr32/lib/ucr2\libc.a(lib_a-mlock.o)
 .debug_pubnames
                0x00001b53       0x1e c:/program files/atmel/atmel toolchain/avr32 gcc/native/3.4.1057/avr32-gnu-toolchain/bin/../lib/gcc/avr32/4.4.7/../../../../avr32/lib/ucr2\libc.a(lib_a-sbrkr.o)
 .debug_pubnames
                0x00001b71       0x2d c:/program files/atmel/atmel toolchain/avr32 gcc/native/3.4.1057/avr32-gnu-toolchain/bin/../lib/gcc/avr32/4.4.7/../../../../avr32/lib/ucr2\libc.a(lib_a-sprintf.o)
 .debug_pubnames
                0x00001b9e      0x171 c:/program files/atmel/atmel toolchain/avr32 gcc/native/3.4.1057/avr32-gnu-toolchain/bin/../lib/gcc/avr32/4.4.7/../../../../avr32/lib/ucr2\libc.a(lib_a-syscalls.o)
 .debug_pubnames
                0x00001d0f       0x2f c:/program files/atmel/atmel toolchain/avr32 gcc/native/3.4.1057/avr32-gnu-toolchain/bin/../lib/gcc/avr32/4.4.7/../../../../avr32/lib/ucr2\libc.a(lib_a-vfprintf.o)
 .debug_pubnames
                0x00001d3e       0x22 c:/program files/atmel/atmel toolchain/avr32 gcc/native/3.4.1057/avr32-gnu-toolchain/bin/../lib/gcc/avr32/4.4.7/../../../../avr32/lib/ucr2\libc.a(lib_a-wsetup.o)
 .debug_pubnames
                0x00001d60       0x1e c:/program files/atmel/atmel toolchain/avr32 gcc/native/3.4.1057/avr32-gnu-toolchain/bin/../lib/gcc/avr32/4.4.7/../../../../avr32/lib/ucr2\libc.a(lib_a-dtoa.o)
 .debug_pubnames
                0x00001d7e       0x1e c:/program files/atmel/atmel toolchain/avr32 gcc/native/3.4.1057/avr32-gnu-toolchain/bin/../lib/gcc/avr32/4.4.7/../../../../avr32/lib/ucr2\libc.a(lib_a-errno.o)
 .debug_pubnames
                0x00001d9c       0x2b c:/program files/atmel/atmel toolchain/avr32 gcc/native/3.4.1057/avr32-gnu-toolchain/bin/../lib/gcc/avr32/4.4.7/../../../../avr32/lib/ucr2\libc.a(lib_a-fflush.o)
 .debug_pubnames
                0x00001dc7      0x119 c:/program files/atmel/atmel toolchain/avr32 gcc/native/3.4.1057/avr32-gnu-toolchain/bin/../lib/gcc/avr32/4.4.7/../../../../avr32/lib/ucr2\libc.a(lib_a-findfp.o)
 .debug_pubnames
                0x00001ee0       0x31 c:/program files/atmel/atmel toolchain/avr32 gcc/native/3.4.1057/avr32-gnu-toolchain/bin/../lib/gcc/avr32/4.4.7/../../../../avr32/lib/ucr2\libc.a(lib_a-freer.o)
 .debug_pubnames
                0x00001f11       0x23 c:/program files/atmel/atmel toolchain/avr32 gcc/native/3.4.1057/avr32-gnu-toolchain/bin/../lib/gcc/avr32/4.4.7/../../../../avr32/lib/ucr2\libc.a(lib_a-fvwrite.o)
 .debug_pubnames
                0x00001f34       0x2e c:/program files/atmel/atmel toolchain/avr32 gcc/native/3.4.1057/avr32-gnu-toolchain/bin/../lib/gcc/avr32/4.4.7/../../../../avr32/lib/ucr2\libc.a(lib_a-fwalk.o)
 .debug_pubnames
                0x00001f62       0x39 c:/program files/atmel/atmel toolchain/avr32 gcc/native/3.4.1057/avr32-gnu-toolchain/bin/../lib/gcc/avr32/4.4.7/../../../../avr32/lib/ucr2\libc.a(lib_a-impure.o)
 .debug_pubnames
                0x00001f9b       0xc3 c:/program files/atmel/atmel toolchain/avr32 gcc/native/3.4.1057/avr32-gnu-toolchain/bin/../lib/gcc/avr32/4.4.7/../../../../avr32/lib/ucr2\libc.a(lib_a-locale.o)
 .debug_pubnames
                0x0000205e       0x23 c:/program files/atmel/atmel toolchain/avr32 gcc/native/3.4.1057/avr32-gnu-toolchain/bin/../lib/gcc/avr32/4.4.7/../../../../avr32/lib/ucr2\libc.a(lib_a-makebuf.o)
 .debug_pubnames
                0x00002081       0x1d c:/program files/atmel/atmel toolchain/avr32 gcc/native/3.4.1057/avr32-gnu-toolchain/bin/../lib/gcc/avr32/4.4.7/../../../../avr32/lib/ucr2\libc.a(lib_a-memchr.o)
 .debug_pubnames
                0x0000209e       0x1e c:/program files/atmel/atmel toolchain/avr32 gcc/native/3.4.1057/avr32-gnu-toolchain/bin/../lib/gcc/avr32/4.4.7/../../../../avr32/lib/ucr2\libc.a(lib_a-memmove.o)
 .debug_pubnames
                0x000020bc      0x13a c:/program files/atmel/atmel toolchain/avr32 gcc/native/3.4.1057/avr32-gnu-toolchain/bin/../lib/gcc/avr32/4.4.7/../../../../avr32/lib/ucr2\libc.a(lib_a-mprec.o)
 .debug_pubnames
                0x000021f6       0x21 c:/program files/atmel/atmel toolchain/avr32 gcc/native/3.4.1057/avr32-gnu-toolchain/bin/../lib/gcc/avr32/4.4.7/../../../../avr32/lib/ucr2\libc.a(lib_a-reallocr.o)
 .debug_pubnames
                0x00002217       0x52 c:/program files/atmel/atmel toolchain/avr32 gcc/native/3.4.1057/avr32-gnu-toolchain/bin/../lib/gcc/avr32/4.4.7/../../../../avr32/lib/ucr2\libc.a(lib_a-reent.o)
 .debug_pubnames
                0x00002269       0x1f c:/program files/atmel/atmel toolchain/avr32 gcc/native/3.4.1057/avr32-gnu-toolchain/bin/../lib/gcc/avr32/4.4.7/../../../../avr32/lib/ucr2\libc.a(lib_a-s_isinfd.o)
 .debug_pubnames
                0x00002288       0x1f c:/program files/atmel/atmel toolchain/avr32 gcc/native/3.4.1057/avr32-gnu-toolchain/bin/../lib/gcc/avr32/4.4.7/../../../../avr32/lib/ucr2\libc.a(lib_a-s_isnand.o)
 .debug_pubnames
                0x000022a7       0x44 c:/program files/atmel/atmel toolchain/avr32 gcc/native/3.4.1057/avr32-gnu-toolchain/bin/../lib/gcc/avr32/4.4.7/../../../../avr32/lib/ucr2\libc.a(lib_a-stdio.o)
 .debug_pubnames
                0x000022eb       0x1d c:/program files/atmel/atmel toolchain/avr32 gcc/native/3.4.1057/avr32-gnu-toolchain/bin/../lib/gcc/avr32/4.4.7/../../../../avr32/lib/ucr2\libc.a(lib_a-strlen.o)
 .debug_pubnames
                0x00002308       0x1f c:/program files/atmel/atmel toolchain/avr32 gcc/native/3.4.1057/avr32-gnu-toolchain/bin/../lib/gcc/avr32/4.4.7/../../../../avr32/lib/ucr2\libc.a(lib_a-writer.o)
 .debug_pubnames
                0x00002327       0x20 c:/program files/atmel/atmel toolchain/avr32 gcc/native/3.4.1057/avr32-gnu-toolchain/bin/../lib/gcc/avr32/4.4.7/../../../../avr32/lib/ucr2\libc.a(lib_a-callocr.o)
 .debug_pubnames
                0x00002347       0x1f c:/program files/atmel/atmel toolchain/avr32 gcc/native/3.4.1057/avr32-gnu-toolchain/bin/../lib/gcc/avr32/4.4.7/../../../../avr32/lib/ucr2\libc.a(lib_a-closer.o)
 .debug_pubnames
                0x00002366       0x2b c:/program files/atmel/atmel toolchain/avr32 gcc/native/3.4.1057/avr32-gnu-toolchain/bin/../lib/gcc/avr32/4.4.7/../../../../avr32/lib/ucr2\libc.a(lib_a-fclose.o)
 .debug_pubnames
                0x00002391       0x1f c:/program files/atmel/atmel toolchain/avr32 gcc/native/3.4.1057/avr32-gnu-toolchain/bin/../lib/gcc/avr32/4.4.7/../../../../avr32/lib/ucr2\libc.a(lib_a-fstatr.o)
 .debug_pubnames
                0x000023b0       0x1f c:/program files/atmel/atmel toolchain/avr32 gcc/native/3.4.1057/avr32-gnu-toolchain/bin/../lib/gcc/avr32/4.4.7/../../../../avr32/lib/ucr2\libc.a(lib_a-lseekr.o)
 .debug_pubnames
                0x000023cf       0x1e c:/program files/atmel/atmel toolchain/avr32 gcc/native/3.4.1057/avr32-gnu-toolchain/bin/../lib/gcc/avr32/4.4.7/../../../../avr32/lib/ucr2\libc.a(lib_a-readr.o)
 .debug_pubnames
                0x000023ed       0x20 c:/program files/atmel/atmel toolchain/avr32 gcc/native/3.4.1057/avr32-gnu-toolchain/bin/../lib/gcc/avr32/4.4.7/ucr2\libgcc.a(_umoddi3.o)

.debug_info     0x00000000    0x26391
 *(.debug_info .gnu.linkonce.wi.*)
 .debug_info    0x00000000     0x22da src/ASF/avr32/components/display/et024006dhu/et024006dhu.o
 .debug_info    0x000022da     0x12d4 src/ASF/avr32/components/memory/sd_mmc/sd_mmc_spi/sd_mmc_spi.o
 .debug_info    0x000035ae      0x616 src/ASF/avr32/drivers/ebi/smc/smc.o
 .debug_info    0x00003bc4      0xb1b src/ASF/avr32/drivers/gpio/gpio.o
 .debug_info    0x000046df       0xdb src/ASF/avr32/drivers/intc/exception.o
 .debug_info    0x000047ba      0x5b3 src/ASF/avr32/drivers/intc/intc.o
 .debug_info    0x00004d6d      0xbf3 src/ASF/avr32/drivers/pdca/pdca.o
 .debug_info    0x00005960     0x1a59 src/ASF/avr32/drivers/pm/pm.o
 .debug_info    0x000073b9      0xf89 src/ASF/avr32/drivers/pm/power_clocks_lib.o
 .debug_info    0x00008342      0xa08 src/ASF/avr32/drivers/pwm/pwm.o
 .debug_info    0x00008d4a     0x1090 src/ASF/avr32/drivers/spi/spi.o
 .debug_info    0x00009dda     0x1180 src/ASF/avr32/drivers/tc/tc.o
 .debug_info    0x0000af5a     0x1e31 src/ASF/avr32/drivers/usart/usart.o
 .debug_info    0x0000cd8b       0xda src/ASF/avr32/utils/startup/startup_uc3.o
 .debug_info    0x0000ce65       0xe1 src/ASF/avr32/utils/startup/trampoline_uc3.o
 .debug_info    0x0000cf46     0x4af4 src/Practica4Lab.o
 .debug_info    0x00011a3a      0x57b c:/program files/atmel/atmel toolchain/avr32 gcc/native/3.4.1057/avr32-gnu-toolchain/bin/../lib/gcc/avr32/4.4.7/ucr2\libgcc.a(_udivdi3.o)
 .debug_info    0x00011fb5      0x8ea c:/program files/atmel/atmel toolchain/avr32 gcc/native/3.4.1057/avr32-gnu-toolchain/bin/../lib/gcc/avr32/4.4.7/../../../../avr32/lib/ucr2\libc.a(lib_a-malloc.o)
 .debug_info    0x0001289f      0xc4e c:/program files/atmel/atmel toolchain/avr32 gcc/native/3.4.1057/avr32-gnu-toolchain/bin/../lib/gcc/avr32/4.4.7/../../../../avr32/lib/ucr2\libc.a(lib_a-mallocr.o)
 .debug_info    0x000134ed       0xcd c:/program files/atmel/atmel toolchain/avr32 gcc/native/3.4.1057/avr32-gnu-toolchain/bin/../lib/gcc/avr32/4.4.7/../../../../avr32/lib/ucr2\libc.a(lib_a-memset.o)
 .debug_info    0x000135ba      0x8cf c:/program files/atmel/atmel toolchain/avr32 gcc/native/3.4.1057/avr32-gnu-toolchain/bin/../lib/gcc/avr32/4.4.7/../../../../avr32/lib/ucr2\libc.a(lib_a-mlock.o)
 .debug_info    0x00013e89      0x8de c:/program files/atmel/atmel toolchain/avr32 gcc/native/3.4.1057/avr32-gnu-toolchain/bin/../lib/gcc/avr32/4.4.7/../../../../avr32/lib/ucr2\libc.a(lib_a-sbrkr.o)
 .debug_info    0x00014767      0x989 c:/program files/atmel/atmel toolchain/avr32 gcc/native/3.4.1057/avr32-gnu-toolchain/bin/../lib/gcc/avr32/4.4.7/../../../../avr32/lib/ucr2\libc.a(lib_a-sprintf.o)
 .debug_info    0x000150f0      0x93a c:/program files/atmel/atmel toolchain/avr32 gcc/native/3.4.1057/avr32-gnu-toolchain/bin/../lib/gcc/avr32/4.4.7/../../../../avr32/lib/ucr2\libc.a(lib_a-syscalls.o)
 .debug_info    0x00015a2a     0x15e8 c:/program files/atmel/atmel toolchain/avr32 gcc/native/3.4.1057/avr32-gnu-toolchain/bin/../lib/gcc/avr32/4.4.7/../../../../avr32/lib/ucr2\libc.a(lib_a-vfprintf.o)
 .debug_info    0x00017012      0x982 c:/program files/atmel/atmel toolchain/avr32 gcc/native/3.4.1057/avr32-gnu-toolchain/bin/../lib/gcc/avr32/4.4.7/../../../../avr32/lib/ucr2\libc.a(lib_a-wsetup.o)
 .debug_info    0x00017994      0xcf7 c:/program files/atmel/atmel toolchain/avr32 gcc/native/3.4.1057/avr32-gnu-toolchain/bin/../lib/gcc/avr32/4.4.7/../../../../avr32/lib/ucr2\libc.a(lib_a-dtoa.o)
 .debug_info    0x0001868b      0x8a6 c:/program files/atmel/atmel toolchain/avr32 gcc/native/3.4.1057/avr32-gnu-toolchain/bin/../lib/gcc/avr32/4.4.7/../../../../avr32/lib/ucr2\libc.a(lib_a-errno.o)
 .debug_info    0x00018f31      0xa22 c:/program files/atmel/atmel toolchain/avr32 gcc/native/3.4.1057/avr32-gnu-toolchain/bin/../lib/gcc/avr32/4.4.7/../../../../avr32/lib/ucr2\libc.a(lib_a-fflush.o)
 .debug_info    0x00019953      0xc2a c:/program files/atmel/atmel toolchain/avr32 gcc/native/3.4.1057/avr32-gnu-toolchain/bin/../lib/gcc/avr32/4.4.7/../../../../avr32/lib/ucr2\libc.a(lib_a-findfp.o)
 .debug_info    0x0001a57d      0xb3d c:/program files/atmel/atmel toolchain/avr32 gcc/native/3.4.1057/avr32-gnu-toolchain/bin/../lib/gcc/avr32/4.4.7/../../../../avr32/lib/ucr2\libc.a(lib_a-freer.o)
 .debug_info    0x0001b0ba      0x9fc c:/program files/atmel/atmel toolchain/avr32 gcc/native/3.4.1057/avr32-gnu-toolchain/bin/../lib/gcc/avr32/4.4.7/../../../../avr32/lib/ucr2\libc.a(lib_a-fvwrite.o)
 .debug_info    0x0001bab6      0xa61 c:/program files/atmel/atmel toolchain/avr32 gcc/native/3.4.1057/avr32-gnu-toolchain/bin/../lib/gcc/avr32/4.4.7/../../../../avr32/lib/ucr2\libc.a(lib_a-fwalk.o)
 .debug_info    0x0001c517      0x960 c:/program files/atmel/atmel toolchain/avr32 gcc/native/3.4.1057/avr32-gnu-toolchain/bin/../lib/gcc/avr32/4.4.7/../../../../avr32/lib/ucr2\libc.a(lib_a-impure.o)
 .debug_info    0x0001ce77      0xb24 c:/program files/atmel/atmel toolchain/avr32 gcc/native/3.4.1057/avr32-gnu-toolchain/bin/../lib/gcc/avr32/4.4.7/../../../../avr32/lib/ucr2\libc.a(lib_a-locale.o)
 .debug_info    0x0001d99b      0xa96 c:/program files/atmel/atmel toolchain/avr32 gcc/native/3.4.1057/avr32-gnu-toolchain/bin/../lib/gcc/avr32/4.4.7/../../../../avr32/lib/ucr2\libc.a(lib_a-makebuf.o)
 .debug_info    0x0001e431       0xe7 c:/program files/atmel/atmel toolchain/avr32 gcc/native/3.4.1057/avr32-gnu-toolchain/bin/../lib/gcc/avr32/4.4.7/../../../../avr32/lib/ucr2\libc.a(lib_a-memchr.o)
 .debug_info    0x0001e518      0x102 c:/program files/atmel/atmel toolchain/avr32 gcc/native/3.4.1057/avr32-gnu-toolchain/bin/../lib/gcc/avr32/4.4.7/../../../../avr32/lib/ucr2\libc.a(lib_a-memmove.o)
 .debug_info    0x0001e61a     0x149a c:/program files/atmel/atmel toolchain/avr32 gcc/native/3.4.1057/avr32-gnu-toolchain/bin/../lib/gcc/avr32/4.4.7/../../../../avr32/lib/ucr2\libc.a(lib_a-mprec.o)
 .debug_info    0x0001fab4      0xb17 c:/program files/atmel/atmel toolchain/avr32 gcc/native/3.4.1057/avr32-gnu-toolchain/bin/../lib/gcc/avr32/4.4.7/../../../../avr32/lib/ucr2\libc.a(lib_a-reallocr.o)
 .debug_info    0x000205cb      0x973 c:/program files/atmel/atmel toolchain/avr32 gcc/native/3.4.1057/avr32-gnu-toolchain/bin/../lib/gcc/avr32/4.4.7/../../../../avr32/lib/ucr2\libc.a(lib_a-reent.o)
 .debug_info    0x00020f3e      0x14d c:/program files/atmel/atmel toolchain/avr32 gcc/native/3.4.1057/avr32-gnu-toolchain/bin/../lib/gcc/avr32/4.4.7/../../../../avr32/lib/ucr2\libc.a(lib_a-s_isinfd.o)
 .debug_info    0x0002108b      0x14c c:/program files/atmel/atmel toolchain/avr32 gcc/native/3.4.1057/avr32-gnu-toolchain/bin/../lib/gcc/avr32/4.4.7/../../../../avr32/lib/ucr2\libc.a(lib_a-s_isnand.o)
 .debug_info    0x000211d7      0xa28 c:/program files/atmel/atmel toolchain/avr32 gcc/native/3.4.1057/avr32-gnu-toolchain/bin/../lib/gcc/avr32/4.4.7/../../../../avr32/lib/ucr2\libc.a(lib_a-stdio.o)
 .debug_info    0x00021bff       0xbe c:/program files/atmel/atmel toolchain/avr32 gcc/native/3.4.1057/avr32-gnu-toolchain/bin/../lib/gcc/avr32/4.4.7/../../../../avr32/lib/ucr2\libc.a(lib_a-strlen.o)
 .debug_info    0x00021cbd      0x90d c:/program files/atmel/atmel toolchain/avr32 gcc/native/3.4.1057/avr32-gnu-toolchain/bin/../lib/gcc/avr32/4.4.7/../../../../avr32/lib/ucr2\libc.a(lib_a-writer.o)