Archive member included because of file (symbol)

c:/program files/atmel/atmel toolchain/avr32 gcc/native/3.4.1057/avr32-gnu-toolchain/bin/../lib/gcc/avr32/4.4.7/ucr2\libgcc.a(_avr32_f64_mul.o)
                              src/ASF/avr32/components/display/et024006dhu/et024006dhu.o (__avr32_f64_mul)
c:/program files/atmel/atmel toolchain/avr32 gcc/native/3.4.1057/avr32-gnu-toolchain/bin/../lib/gcc/avr32/4.4.7/ucr2\libgcc.a(_avr32_f64_addsub.o)
                              src/ASF/avr32/components/display/et024006dhu/et024006dhu.o (__avr32_f64_add)
c:/program files/atmel/atmel toolchain/avr32 gcc/native/3.4.1057/avr32-gnu-toolchain/bin/../lib/gcc/avr32/4.4.7/ucr2\libgcc.a(_avr32_f64_to_s32.o)
                              src/ASF/avr32/components/display/et024006dhu/et024006dhu.o (__avr32_f64_to_u32)
c:/program files/atmel/atmel toolchain/avr32 gcc/native/3.4.1057/avr32-gnu-toolchain/bin/../lib/gcc/avr32/4.4.7/ucr2\libgcc.a(_avr32_s32_to_f64.o)
                              src/ASF/avr32/components/display/et024006dhu/et024006dhu.o (__avr32_s32_to_f64)
c:/program files/atmel/atmel toolchain/avr32 gcc/native/3.4.1057/avr32-gnu-toolchain/bin/../lib/gcc/avr32/4.4.7/ucr2\libgcc.a(_udivdi3.o)
                              src/ASF/avr32/components/display/et024006dhu/et024006dhu.o (__avr32_udiv64)
c:/program files/atmel/atmel toolchain/avr32 gcc/native/3.4.1057/avr32-gnu-toolchain/bin/../lib/gcc/avr32/4.4.7/../../../../avr32/lib/ucr2\libc.a(lib_a-assert.o)
                              src/NES1/apu.o (__assert_func)
c:/program files/atmel/atmel toolchain/avr32 gcc/native/3.4.1057/avr32-gnu-toolchain/bin/../lib/gcc/avr32/4.4.7/../../../../avr32/lib/ucr2\libc.a(lib_a-ctype_.o)
                              src/ASF/avr32/services/fs/fat/navigation.o (__ctype_ptr)
c:/program files/atmel/atmel toolchain/avr32 gcc/native/3.4.1057/avr32-gnu-toolchain/bin/../lib/gcc/avr32/4.4.7/../../../../avr32/lib/ucr2\libc.a(lib_a-fiprintf.o)
                              c:/program files/atmel/atmel toolchain/avr32 gcc/native/3.4.1057/avr32-gnu-toolchain/bin/../lib/gcc/avr32/4.4.7/../../../../avr32/lib/ucr2\libc.a(lib_a-assert.o) (fiprintf)
c:/program files/atmel/atmel toolchain/avr32 gcc/native/3.4.1057/avr32-gnu-toolchain/bin/../lib/gcc/avr32/4.4.7/../../../../avr32/lib/ucr2\libc.a(lib_a-impure.o)
                              c:/program files/atmel/atmel toolchain/avr32 gcc/native/3.4.1057/avr32-gnu-toolchain/bin/../lib/gcc/avr32/4.4.7/../../../../avr32/lib/ucr2\libc.a(lib_a-assert.o) (_impure_ptr)
c:/program files/atmel/atmel toolchain/avr32 gcc/native/3.4.1057/avr32-gnu-toolchain/bin/../lib/gcc/avr32/4.4.7/../../../../avr32/lib/ucr2\libc.a(lib_a-malloc.o)
                              src/config/lodepng.o (free)
c:/program files/atmel/atmel toolchain/avr32 gcc/native/3.4.1057/avr32-gnu-toolchain/bin/../lib/gcc/avr32/4.4.7/../../../../avr32/lib/ucr2\libc.a(lib_a-mallocr.o)
                              c:/program files/atmel/atmel toolchain/avr32 gcc/native/3.4.1057/avr32-gnu-toolchain/bin/../lib/gcc/avr32/4.4.7/../../../../avr32/lib/ucr2\libc.a(lib_a-malloc.o) (_malloc_r)
c:/program files/atmel/atmel toolchain/avr32 gcc/native/3.4.1057/avr32-gnu-toolchain/bin/../lib/gcc/avr32/4.4.7/../../../../avr32/lib/ucr2\libc.a(lib_a-memcmp.o)
                              src/ASF/avr32/services/fs/fat/fat_unusual.o (memcmp)
c:/program files/atmel/atmel toolchain/avr32 gcc/native/3.4.1057/avr32-gnu-toolchain/bin/../lib/gcc/avr32/4.4.7/../../../../avr32/lib/ucr2\libc.a(lib_a-memcpy.o)
                              src/config/lodepng.o (memcpy)
c:/program files/atmel/atmel toolchain/avr32 gcc/native/3.4.1057/avr32-gnu-toolchain/bin/../lib/gcc/avr32/4.4.7/../../../../avr32/lib/ucr2\libc.a(lib_a-memset.o)
                              src/NES1/ppu.o (memset)
c:/program files/atmel/atmel toolchain/avr32 gcc/native/3.4.1057/avr32-gnu-toolchain/bin/../lib/gcc/avr32/4.4.7/../../../../avr32/lib/ucr2\libc.a(lib_a-mlock.o)
                              c:/program files/atmel/atmel toolchain/avr32 gcc/native/3.4.1057/avr32-gnu-toolchain/bin/../lib/gcc/avr32/4.4.7/../../../../avr32/lib/ucr2\libc.a(lib_a-mallocr.o) (__malloc_lock)
c:/program files/atmel/atmel toolchain/avr32 gcc/native/3.4.1057/avr32-gnu-toolchain/bin/../lib/gcc/avr32/4.4.7/../../../../avr32/lib/ucr2\libc.a(lib_a-realloc.o)
                              src/config/lodepng.o (realloc)
c:/program files/atmel/atmel toolchain/avr32 gcc/native/3.4.1057/avr32-gnu-toolchain/bin/../lib/gcc/avr32/4.4.7/../../../../avr32/lib/ucr2\libc.a(lib_a-reallocr.o)
                              c:/program files/atmel/atmel toolchain/avr32 gcc/native/3.4.1057/avr32-gnu-toolchain/bin/../lib/gcc/avr32/4.4.7/../../../../avr32/lib/ucr2\libc.a(lib_a-realloc.o) (_realloc_r)
c:/program files/atmel/atmel toolchain/avr32 gcc/native/3.4.1057/avr32-gnu-toolchain/bin/../lib/gcc/avr32/4.4.7/../../../../avr32/lib/ucr2\libc.a(lib_a-sbrkr.o)
[...]
Memory Configuration

Name             Origin             Length             Attributes
FLASH            0x80000000         0x00080000         axrl !w
INTRAM           0x00000004         0x0000fffc         axw !rl
SDRAM            0xd0000000         0x02000000         axw !rl
USERPAGE         0x80800000         0x00000200
*default*        0x00000000         0xffffffff

Linker script and memory map

                0x00001000                _stack_size = 0x1000
LOAD src/ASF/avr32/drivers/ebi/sdramc/sdramc.o
LOAD src/config/lodepng.o
LOAD src/NES1/apu.o
LOAD src/NES1/cartridge.o
LOAD src/NES1/colour.o
LOAD src/NES1/cpu.o
LOAD src/NES1/cpuMemory.o
LOAD src/NES1/globals.o
LOAD src/NES1/gui.o
LOAD src/NES1/interrupts.o
LOAD src/NES1/joypad.o
LOAD src/NES1/memory.o
LOAD src/NES1/mmu.o
LOAD src/NES1/mmu0.o
LOAD src/NES1/nes.o
LOAD src/NES1/objectAttributeMemory.o
LOAD src/NES1/ppu.o
LOAD src/NES1/ppuMemory.o
LOAD src/ASF/avr32/boards/evk1105/led.o
LOAD src/ASF/avr32/components/display/et024006dhu/et024006dhu.o
LOAD src/ASF/avr32/components/memory/sd_mmc/sd_mmc_spi/sd_mmc_spi.o
LOAD src/ASF/avr32/components/memory/sd_mmc/sd_mmc_spi/sd_mmc_spi_mem.o
LOAD src/ASF/avr32/drivers/ebi/smc/smc.o
LOAD src/ASF/avr32/drivers/flashc/flashc.o
LOAD src/ASF/avr32/drivers/gpio/gpio.o
LOAD src/ASF/avr32/drivers/intc/exception.o
LOAD src/ASF/avr32/drivers/intc/intc.o
LOAD src/ASF/avr32/drivers/pdca/pdca.o
LOAD src/ASF/avr32/drivers/pm/pm.o
LOAD src/ASF/avr32/drivers/pm/pm_conf_clocks.o
LOAD src/ASF/avr32/drivers/pm/power_clocks_lib.o
LOAD src/ASF/avr32/drivers/pwm/pwm.o
LOAD src/ASF/avr32/drivers/spi/spi.o
LOAD src/ASF/avr32/drivers/tc/tc.o
LOAD src/ASF/avr32/drivers/usart/usart.o
LOAD src/ASF/avr32/services/fs/fat/fat.o
LOAD src/ASF/avr32/services/fs/fat/fat_unusual.o
LOAD src/ASF/avr32/services/fs/fat/file.o
LOAD src/ASF/avr32/services/fs/fat/fsaccess.o
LOAD src/ASF/avr32/services/fs/fat/navigation.o
LOAD src/ASF/avr32/services/fs/fat/nav_filterflat.o
LOAD src/ASF/avr32/services/fs/fat/nav_filterlist.o
LOAD src/ASF/avr32/services/fs/fat/nav_flat.o
LOAD src/ASF/avr32/services/fs/fat/reader_txt.o
LOAD src/ASF/avr32/services/fs/fat/unicode.o
LOAD src/ASF/avr32/utils/startup/startup_uc3.o
LOAD src/ASF/avr32/utils/startup/trampoline_uc3.o
LOAD src/ASF/common/services/clock/uc3a0_a1/sysclk.o
LOAD src/ASF/common/services/serial/usart_serial.o
LOAD src/ASF/common/services/storage/ctrl_access/ctrl_access.o
LOAD src/avr32_logo.o
LOAD src/config/6502.o
LOAD src/ExamenPractico2.o
START GROUP
LOAD c:/program files/atmel/atmel toolchain/avr32 gcc/native/3.4.1057/avr32-gnu-toolchain/bin/../lib/gcc/avr32/4.4.7/../../../../avr32/lib/ucr2\libm.a
END GROUP
LOAD c:/program files/atmel/atmel toolchain/avr32 gcc/native/3.4.1057/avr32-gnu-toolchain/bin/../lib/gcc/avr32/4.4.7/ucr2\libgcc.a
LOAD c:/program files/atmel/atmel toolchain/avr32 gcc/native/3.4.1057/avr32-gnu-toolchain/bin/../lib/gcc/avr32/4.4.7/../../../../avr32/lib/ucr2\libc.a
LOAD c:/program files/atmel/atmel toolchain/avr32 gcc/native/3.4.1057/avr32-gnu-toolchain/bin/../lib/gcc/avr32/4.4.7/ucr2\libgcc.a
                [0x01ffffec]                __heap_size__ = DEFINED (__heap_size__)?__heap_size__:0x1ffffec
                [0x00001000]                __stack_size__ = DEFINED (__stack_size__)?__stack_size__:0x1000
                0x80000000                PROVIDE (__executable_start, 0x80000000)
                0x80000000                . = 0x80000000

.interp
 *(.interp)

.reset          0x80000000     0x2008
 *(.reset)
 .reset         0x80000000     0x2008 src/ASF/avr32/utils/startup/trampoline_uc3.o
                0x80000000                _trampoline

.hash
 *(.hash)

.dynsym
 *(.dynsym)

.dynstr
 *(.dynstr)

.gnu.version
 *(.gnu.version)

.gnu.version_d
 *(.gnu.version_d)

.gnu.version_r
 *(.gnu.version_r)

.rel.init
 *(.rel.init)

.rela.init
 *(.rela.init)

.rel.text
 *(.rel.text .rel.text.* .rel.gnu.linkonce.t.*)

.rela.text
 *(.rela.text .rela.text.* .rela.gnu.linkonce.t.*)

.rel.fini
 *(.rel.fini)

.rela.fini
 *(.rela.fini)

.rel.rodata
 *(.rel.rodata .rel.rodata.* .rel.gnu.linkonce.r.*)

.rela.rodata
 *(.rela.rodata .rela.rodata.* .rela.gnu.linkonce.r.*)

.rel.data.rel.ro
 *(.rel.data.rel.ro*)

.rela.data.rel.ro
 *(.rel.data.rel.ro*)

.rel.data
 *(.rel.data .rel.data.* .rel.gnu.linkonce.d.*)

.rela.data
 *(.rela.data .rela.data.* .rela.gnu.linkonce.d.*)

.rel.tdata
 *(.rel.tdata .rel.tdata.* .rel.gnu.linkonce.td.*)

.rela.tdata
 *(.rela.tdata .rela.tdata.* .rela.gnu.linkonce.td.*)

.rel.tbss
 *(.rel.tbss .rel.tbss.* .rel.gnu.linkonce.tb.*)

.rela.tbss
 *(.rela.tbss .rela.tbss.* .rela.gnu.linkonce.tb.*)

.rel.ctors
 *(.rel.ctors)

.rela.ctors
 *(.rela.ctors)

.rel.dtors
 *(.rel.dtors)

.rela.dtors
 *(.rela.dtors)

.rel.got
 *(.rel.got)

.rela.got       0x80002008        0x0
 *(.rela.got)
 .rela.got      0x80002008        0x0 src/NES1/mmu.o

.rel.bss
 *(.rel.bss .rel.bss.* .rel.gnu.linkonce.b.*)

.rela.bss
 *(.rela.bss .rela.bss.* .rela.gnu.linkonce.b.*)

.rel.plt
 *(.rel.plt)

.rela.plt
 *(.rela.plt)

.init
 *(.init)

.plt
 *(.plt)

.text           0x80002008    0x14a64
 *(.text .stub .text.* .gnu.linkonce.t.*)
 .text.sdramc_init
                0x80002008      0x214 src/ASF/avr32/drivers/ebi/sdramc/sdramc.o
                0x80002008                sdramc_init
 .text.LodePNG_convert
                0x8000221c      0x890 src/config/lodepng.o
                0x8000221c                LodePNG_convert
 .text.Adam7_getpassvalues
                0x80002aac      0x4a0 src/config/lodepng.o
 .text.unfilterScanline
                0x80002f4c      0x682 src/config/lodepng.o
 *fill*         0x800035ce        0x2 d703d703
 .text.LodePNG_IText_clear
                0x800035d0       0x6c src/config/lodepng.o
                                 0x70 (size before relaxing)
                0x800035d0                LodePNG_IText_clear
 .text.ucvector_resize
                0x8000363c       0x30 src/config/lodepng.o
                                 0x34 (size before relaxing)
 .text.string_init
                0x8000366c       0x20 src/config/lodepng.o
                                 0x24 (size before relaxing)
 .text.LodePNG_append_chunk
                0x8000368c       0xdc src/config/lodepng.o
                                 0xe0 (size before relaxing)
                0x8000368c                LodePNG_append_chunk
 .text.string_set
                0x80003768       0x44 src/config/lodepng.o
                                 0x4c (size before relaxing)
 .text.LodePNG_IText_add
                0x800037ac      0x104 src/config/lodepng.o
                                0x124 (size before relaxing)
                0x800037ac                LodePNG_IText_add
 .text.LodePNG_chunk_type_equals
                0x800038b0       0x48 src/config/lodepng.o
                                 0x4c (size before relaxing)
                0x800038b0                LodePNG_chunk_type_equals
 .text.HuffmanTree_makeFromLengths2
                0x800038f8      0x24c src/config/lodepng.o
                                0x254 (size before relaxing)
 .text.HuffmanTree_makeFromLengths
                0x80003b44       0x60 src/config/lodepng.o
                                 0x6c (size before relaxing)
 .text.LodePNG_Decoder_init
                0x80003ba4       0xa6 src/config/lodepng.o
                0x80003ba4                LodePNG_Decoder_init
 *fill*         0x80003c4a        0x2 d703d703
 .text.LodePNG_InfoPng_cleanup
                0x80003c4c       0x78 src/config/lodepng.o
                                 0x80 (size before relaxing)
                0x80003c4c                LodePNG_InfoPng_cleanup
 .text.LodePNG_Decoder_cleanup
                0x80003cc4       0x88 src/config/lodepng.o
                                 0x90 (size before relaxing)
                0x80003cc4                LodePNG_Decoder_cleanup
 .text.inflateHuffmanBlock
                0x80003d4c      0xbbc src/config/lodepng.o
                                0xbcc (size before relaxing)
 .text.LodeZlib_decompress
                0x80004908      0x2a0 src/config/lodepng.o
                                0x2a8 (size before relaxing)
                0x80004908                LodeZlib_decompress
 .text.LodePNG_inspect
                0x80004ba8      0x2dc src/config/lodepng.o
                                0x2e4 (size before relaxing)
                0x80004ba8                LodePNG_inspect
 .text.LodePNG_Text_add
                0x80004e84      0x110 src/config/lodepng.o
                                0x11c (size before relaxing)
                0x80004e84                LodePNG_Text_add
 .text.decodeGeneric
                0x80004f94     0x11f4 src/config/lodepng.o
                               0x122c (size before relaxing)
 .text.LodePNG_decode
                0x80006188      0x120 src/config/lodepng.o
                                0x130 (size before relaxing)
                0x80006188                LodePNG_decode
 .text.apu_init
                0x800062a8       0x64 src/NES1/apu.o
                                 0x6c (size before relaxing)
                0x800062a8                apu_init
 .text.cartridge_getNumProgramBanks
                0x8000630c        0x4 src/NES1/cartridge.o
                0x8000630c                cartridge_getNumProgramBanks
 .text.cartridge_readProgramBank
                0x80006310        0xe src/NES1/cartridge.o
                0x80006310                cartridge_readProgramBank
 .text.cartridge_readCharacterBank
                0x8000631e        0xe src/NES1/cartridge.o
                0x8000631e                cartridge_readCharacterBank
 .text.cartridge_getMMUNumber
                0x8000632c        0x6 src/NES1/cartridge.o
                0x8000632c                cartridge_getMMUNumber
 .text.cartridge_getNumCharacterBanks
                0x80006332        0x4 src/NES1/cartridge.o
                0x80006332                cartridge_getNumCharacterBanks
 .text.cartridge_getMirrorType
                0x80006336        0x4 src/NES1/cartridge.o
                0x80006336                cartridge_getMirrorType
 *fill*         0x8000633a        0x2 d703d703
 .text.initHeader
                0x8000633c       0x88 src/NES1/cartridge.o
                                 0x94 (size before relaxing)
                0x8000633c                initHeader
 .text.cartridge_init
                0x800063c4      0x29c src/NES1/cartridge.o
                                0x2b8 (size before relaxing)
                0x800063c4                cartridge_init
 .text.colour_getRed
                0x80006660        0x4 src/NES1/colour.o
                0x80006660                colour_getRed
 .text.colour_getGreen
                0x80006664        0x4 src/NES1/colour.o
                0x80006664                colour_getGreen
 .text.colour_getBlue
                0x80006668        0x4 src/NES1/colour.o
                0x80006668                colour_getBlue
 .text.colour_destroy
                0x8000666c        0x8 src/NES1/colour.o
                                  0xc (size before relaxing)
                0x8000666c                colour_destroy
 .text.colour_init
                0x80006674       0x1c src/NES1/colour.o
                                 0x20 (size before relaxing)
                0x80006674                colour_init
 .text.cpu_getInterruptDisable
                0x80006690        0x8 src/NES1/cpu.o
                0x80006690                cpu_getInterruptDisable
 .text.cpu_LDA  0x80006698       0x4c src/NES1/cpu.o
                                 0x54 (size before relaxing)
 .text.cpu_LDX  0x800066e4       0x4c src/NES1/cpu.o
                                 0x54 (size before relaxing)
 .text.cpu_LDY  0x80006730       0x4c src/NES1/cpu.o
                                 0x54 (size before relaxing)
 .text.cpu_AND  0x8000677c       0x50 src/NES1/cpu.o
                                 0x58 (size before relaxing)
 .text.cpu_ORA  0x800067cc       0x54 src/NES1/cpu.o
                                 0x5c (size before relaxing)
 .text.cpu_EOR  0x80006820       0x54 src/NES1/cpu.o
                                 0x5c (size before relaxing)
 .text.cpu_popStack
                0x80006874       0x24 src/NES1/cpu.o
                                 0x2c (size before relaxing)
 .text.cpu_STA  0x80006898       0x1c src/NES1/cpu.o
                                 0x24 (size before relaxing)
 .text.cpu_STX  0x800068b4       0x1c src/NES1/cpu.o
                                 0x24 (size before relaxing)
 .text.cpu_pushStack
                0x800068d0       0x28 src/NES1/cpu.o
                                 0x30 (size before relaxing)
 .text.cpu_init
                0x800068f8       0x1c src/NES1/cpu.o
                                 0x20 (size before relaxing)
                0x800068f8                cpu_init
 .text.cpu_handleInterrupt
                0x80006914       0xb8 src/NES1/cpu.o
                                 0xc8 (size before relaxing)
                0x80006914                cpu_handleInterrupt
 .text.cpu_step
                0x800069cc     0x1070 src/NES1/cpu.o
                               0x10a8 (size before relaxing)
                0x800069cc                cpu_step
 .text.cpuMemory_ppuStatusRegister_writer
                0x80007a3c        0x2 src/NES1/cpuMemory.o
 .text.cpuMemory_spriteDMARegister_reader
                0x80007a3e        0x2 src/NES1/cpuMemory.o
 .text.cpuMemory_init
                0x80007a40      0x1c0 src/NES1/cpuMemory.o
                                0x200 (size before relaxing)
                0x80007a40                cpuMemory_init
 .text.cpuMemory_joypad_writer
                0x80007c00       0x10 src/NES1/cpuMemory.o
                                 0x14 (size before relaxing)
 .text.cpuMemory_joypad_reader
                0x80007c10       0x10 src/NES1/cpuMemory.o
                                 0x14 (size before relaxing)
 .text.cpuMemory_ppuMirror_reader
                0x80007c20       0x40 src/NES1/cpuMemory.o
                                 0x48 (size before relaxing)
 .text.cpuMemory_ramMirror_reader
                0x80007c60       0x2c src/NES1/cpuMemory.o
                                 0x38 (size before relaxing)
 .text.cpuMemory_spriteDMARegister_writer
                0x80007c8c       0x40 src/NES1/cpuMemory.o
                                 0x54 (size before relaxing)
 .text.cpuMemory_ppuMirror_writer
                0x80007ccc       0x44 src/NES1/cpuMemory.o
                                 0x50 (size before relaxing)
 .text.cpuMemory_ramMirror_writer
                0x80007d10       0x30 src/NES1/cpuMemory.o
                                 0x3c (size before relaxing)
 .text.cpuMemory_ppuMemoryDataRegister_writer
                0x80007d40       0x18 src/NES1/cpuMemory.o
                                 0x20 (size before relaxing)
 .text.cpuMemory_ppuMemoryDataRegister_reader
                0x80007d58       0x14 src/NES1/cpuMemory.o
                                 0x1c (size before relaxing)
 .text.cpuMemory_ppuMemoryAddressRegister_writer
                0x80007d6c       0x14 src/NES1/cpuMemory.o
                                 0x1c (size before relaxing)
 .text.cpuMemory_ppuMemoryAddressRegister_reader
                0x80007d80        0xc src/NES1/cpuMemory.o
                                 0x14 (size before relaxing)
 .text.cpuMemory_ppuScrollRegister_writer
                0x80007d8c       0x14 src/NES1/cpuMemory.o
                                 0x1c (size before relaxing)
 .text.cpuMemory_ppuScrollRegister_reader
                0x80007da0        0xc src/NES1/cpuMemory.o
                                 0x14 (size before relaxing)
 .text.cpuMemory_ppuSpriteDataRegister_writer
                0x80007dac       0x18 src/NES1/cpuMemory.o
                                 0x20 (size before relaxing)
 .text.cpuMemory_ppuSpriteDataRegister_reader
                0x80007dc4       0x14 src/NES1/cpuMemory.o
                                 0x1c (size before relaxing)
 .text.cpuMemory_ppuSpriteAddressRegister_writer
                0x80007dd8       0x14 src/NES1/cpuMemory.o
                                 0x1c (size before relaxing)
 .text.cpuMemory_ppuSpriteAddressRegister_reader
                0x80007dec        0xc src/NES1/cpuMemory.o
                                 0x14 (size before relaxing)
 .text.cpuMemory_ppuStatusRegister_reader
                0x80007df8        0xc src/NES1/cpuMemory.o
                                 0x14 (size before relaxing)
 .text.cpuMemory_ppuMaskRegister_writer
                0x80007e04       0x14 src/NES1/cpuMemory.o
                                 0x1c (size before relaxing)
 .text.cpuMemory_ppuMaskRegister_reader
                0x80007e18        0xc src/NES1/cpuMemory.o
                                 0x14 (size before relaxing)
 .text.cpuMemory_ppuControlRegister_writer
                0x80007e24       0x14 src/NES1/cpuMemory.o
                                 0x1c (size before relaxing)
 .text.cpuMemory_ppuControlRegister_reader
                0x80007e38        0xc src/NES1/cpuMemory.o
                                 0x14 (size before relaxing)
 .text.gui_isButtonPressed
                0x80007e44        0xe src/NES1/gui.o
                0x80007e44                gui_isButtonPressed
 *fill*         0x80007e52        0x2 d703d703
 .text.gui_queryInput
                0x80007e54       0x4c src/NES1/gui.o
                                 0x50 (size before relaxing)
                0x80007e54                gui_queryInput
 .text.gui_init
                0x80007ea0       0x54 src/NES1/gui.o
                                 0x5c (size before relaxing)
                0x80007ea0                gui_init
 .text.gui_drawPixel
                0x80007ef4       0x24 src/NES1/gui.o
                                 0x28 (size before relaxing)
                0x80007ef4                gui_drawPixel
 .text.interrupts_getIRQ
                0x80007f18        0x4 src/NES1/interrupts.o
                0x80007f18                interrupts_getIRQ
 .text.interrupts_getNMI
                0x80007f1c        0x4 src/NES1/interrupts.o
                0x80007f1c                interrupts_getNMI
 .text.interrupts_getRESET
                0x80007f20        0x4 src/NES1/interrupts.o
                0x80007f20                interrupts_getRESET
 .text.interrupts_setIRQ
                0x80007f24        0x4 src/NES1/interrupts.o
                0x80007f24                interrupts_setIRQ
 .text.interrupts_setNMI
                0x80007f28        0x4 src/NES1/interrupts.o
                0x80007f28                interrupts_setNMI
 .text.interrupts_setRESET
                0x80007f2c        0x4 src/NES1/interrupts.o
                0x80007f2c                interrupts_setRESET
 .text.interrupts_init
                0x80007f30       0x14 src/NES1/interrupts.o
                                 0x18 (size before relaxing)
                0x80007f30                interrupts_init
 .text.joypad_resetCurrentButton
                0x80007f44        0x6 src/NES1/joypad.o
                0x80007f44                joypad_resetCurrentButton
 *fill*         0x80007f4a        0x2 d703d703
 .text.joypad_readByte
                0x80007f4c       0x40 src/NES1/joypad.o
                                 0x4c (size before relaxing)
                0x80007f4c                joypad_readByte
 .text.joypad_init
                0x80007f8c       0x18 src/NES1/joypad.o
                                 0x1c (size before relaxing)
                0x80007f8c                joypad_init
 .text.memory_read_direct
                0x80007fa4        0xa src/NES1/memory.o
                0x80007fa4                memory_read_direct
 .text.memory_setWriteCallback
                0x80007fae        0xa src/NES1/memory.o
                0x80007fae                memory_setWriteCallback
 .text.memory_setReadCallback
                0x80007fb8        0xa src/NES1/memory.o
                0x80007fb8                memory_setReadCallback
 .text.memory_write_callback
                0x80007fc2       0x20 src/NES1/memory.o
                0x80007fc2                memory_write_callback
 .text.memory_read_callback
                0x80007fe2       0x1c src/NES1/memory.o
                0x80007fe2                memory_read_callback
 *fill*         0x80007ffe        0x2 d703d703
 .text.memory_init
                0x80008000       0xa0 src/NES1/memory.o
                                 0xa8 (size before relaxing)
                0x80008000                memory_init
 .text.mmu_ppuMemory_writeVerticalMirror
                0x800080a0       0x20 src/NES1/mmu.o
                                 0x2c (size before relaxing)
                0x800080a0                mmu_ppuMemory_writeVerticalMirror
 .text.mmu_ppuMemory_writeHorizontalMirror
                0x800080c0       0x20 src/NES1/mmu.o
                                 0x2c (size before relaxing)
                0x800080c0                mmu_ppuMemory_writeHorizontalMirror
 .text.mmu_ppuMemory_readVerticalMirror
                0x800080e0       0x1c src/NES1/mmu.o
                                 0x28 (size before relaxing)
                0x800080e0                mmu_ppuMemory_readVerticalMirror
 .text.mmu_ppuMemory_readHorizontalMirror
                0x800080fc       0x1c src/NES1/mmu.o
                                 0x28 (size before relaxing)
                0x800080fc                mmu_ppuMemory_readHorizontalMirror
 .text.mmu_init
                0x80008118       0x30 src/NES1/mmu.o
                                 0x44 (size before relaxing)
                0x80008118                mmu_init
 .text.mmu0_ppuMemory_writePattern
                0x80008148        0x2 src/NES1/mmu0.o
 *fill*         0x8000814a        0x2 d703d703
 .text.mmu0_callbackCreator
                0x8000814c      0x138 src/NES1/mmu0.o
                                0x184 (size before relaxing)
                0x8000814c                mmu0_callbackCreator
 .text.mmu0_ppuMemory_readPattern
                0x80008284       0x18 src/NES1/mmu0.o
                                 0x20 (size before relaxing)
 .text.mmu0_cpuMemory_readProgramBank1
                0x8000829c       0x18 src/NES1/mmu0.o
                                 0x24 (size before relaxing)
 .text.mmu0_cpuMemory_readProgramBank0
                0x800082b4       0x1c src/NES1/mmu0.o
                                 0x24 (size before relaxing)
 .text.nes_getObjectAttributeMemory
                0x800082d0        0x4 src/NES1/nes.o
                0x800082d0                nes_getObjectAttributeMemory
 .text.nes_getGUI
                0x800082d4        0x4 src/NES1/nes.o
                0x800082d4                nes_getGUI
 .text.nes_getCPUMemory
                0x800082d8        0x4 src/NES1/nes.o
                0x800082d8                nes_getCPUMemory
 .text.nes_getPPUMemory
                0x800082dc        0x4 src/NES1/nes.o
                0x800082dc                nes_getPPUMemory
 .text.nes_getCPU
                0x800082e0        0x4 src/NES1/nes.o
                0x800082e0                nes_getCPU
 .text.nes_getPPU
                0x800082e4        0x4 src/NES1/nes.o
                0x800082e4                nes_getPPU
 .text.nes_getCartridge
                0x800082e8        0x4 src/NES1/nes.o
                0x800082e8                nes_getCartridge
 .text.nes_writePPUMemory
                0x800082ec       0x24 src/NES1/nes.o
                                 0x28 (size before relaxing)
                0x800082ec                nes_writePPUMemory
 .text.nes_writeObjectAttributeMemory
                0x80008310       0x10 src/NES1/nes.o
                                 0x14 (size before relaxing)
                0x80008310                nes_writeObjectAttributeMemory
 .text.nes_writeCPUMemory
                0x80008320       0x10 src/NES1/nes.o
                                 0x14 (size before relaxing)
                0x80008320                nes_writeCPUMemory
 .text.nes_readPPUMemory
                0x80008330       0x20 src/NES1/nes.o
                                 0x28 (size before relaxing)
                0x80008330                nes_readPPUMemory
 .text.nes_readObjectAttributeMemory
                0x80008350        0xc src/NES1/nes.o
                                 0x14 (size before relaxing)
                0x80008350                nes_readObjectAttributeMemory
 .text.nes_generateNMI
                0x8000835c        0xc src/NES1/nes.o
                                 0x10 (size before relaxing)
                0x8000835c                nes_generateNMI
 .text.nes_run  0x80008368       0x98 src/NES1/nes.o
                                 0xbc (size before relaxing)
                0x80008368                nes_run
 .text.nes_writeJoypad
                0x80008400       0x2c src/NES1/nes.o
                                 0x34 (size before relaxing)
                0x80008400                nes_writeJoypad
 .text.nes_readJoypad
                0x8000842c       0x10 src/NES1/nes.o
                                 0x14 (size before relaxing)
                0x8000842c                nes_readJoypad
 .text.nes_init
                0x8000843c       0xc4 src/NES1/nes.o
                                0x100 (size before relaxing)
                0x8000843c                nes_init
 .text.nes_readCPUMemory
                0x80008500       0x2c src/NES1/nes.o
                                 0x34 (size before relaxing)
                0x80008500                nes_readCPUMemory
 .text.objectAttributeMemory_getX
                0x8000852c       0x10 src/NES1/objectAttributeMemory.o
                                 0x14 (size before relaxing)
                0x8000852c                objectAttributeMemory_getX
 .text.objectAttributeMemory_getTileNumber
                0x8000853c       0x1c src/NES1/objectAttributeMemory.o
                                 0x20 (size before relaxing)
                0x8000853c                objectAttributeMemory_getTileNumber
 .text.objectAttributeMemory_getBankNumber
                0x80008558       0x14 src/NES1/objectAttributeMemory.o
                                 0x18 (size before relaxing)
                0x80008558                objectAttributeMemory_getBankNumber
 .text.objectAttributeMemory_getY
                0x8000856c       0x10 src/NES1/objectAttributeMemory.o
                                 0x14 (size before relaxing)
                0x8000856c                objectAttributeMemory_getY
 .text.objectAttributeMemory_init
                0x8000857c        0xc src/NES1/objectAttributeMemory.o
                                 0x10 (size before relaxing)
                0x8000857c                objectAttributeMemory_init
 .text.objectAttributeMemory_getPalette
                0x80008588       0x18 src/NES1/objectAttributeMemory.o
                                 0x1c (size before relaxing)
                0x80008588                objectAttributeMemory_getPalette
 .text.objectAttributeMemory_isFlippedVertical
                0x800085a0       0x14 src/NES1/objectAttributeMemory.o
                                 0x18 (size before relaxing)
                0x800085a0                objectAttributeMemory_isFlippedVertical
 .text.objectAttributeMemory_isFlippedHorizontal
                0x800085b4       0x14 src/NES1/objectAttributeMemory.o
                                 0x18 (size before relaxing)
                0x800085b4                objectAttributeMemory_isFlippedHorizontal
 .text.objectAttributeMemory_isBehindBackground
                0x800085c8       0x14 src/NES1/objectAttributeMemory.o
                                 0x18 (size before relaxing)
                0x800085c8                objectAttributeMemory_isBehindBackground
 .text.ppu_getControlRegister
                0x800085dc        0x4 src/NES1/ppu.o
                0x800085dc                ppu_getControlRegister
 .text.ppu_getMaskRegister
                0x800085e0        0x4 src/NES1/ppu.o
                0x800085e0                ppu_getMaskRegister
 .text.ppu_getStatusRegister
                0x800085e4       0x14 src/NES1/ppu.o
                0x800085e4                ppu_getStatusRegister
 .text.ppu_getSpriteAddressRegister
                0x800085f8        0x4 src/NES1/ppu.o
                0x800085f8                ppu_getSpriteAddressRegister
 .text.ppu_getScrollRegister
                0x800085fc        0x4 src/NES1/ppu.o
                0x800085fc                ppu_getScrollRegister
 .text.ppu_getPPUMemoryAddressRegister
                0x80008600        0x4 src/NES1/ppu.o
                0x80008600                ppu_getPPUMemoryAddressRegister
 .text.ppu_setControlRegister
                0x80008604        0x4 src/NES1/ppu.o
                0x80008604                ppu_setControlRegister
 .text.ppu_setMaskRegister
                0x80008608        0x4 src/NES1/ppu.o
                0x80008608                ppu_setMaskRegister
 .text.ppu_setSpriteAddressRegister
                0x8000860c        0x4 src/NES1/ppu.o
                0x8000860c                ppu_setSpriteAddressRegister
 .text.ppu_setScrollRegister
                0x80008610       0x22 src/NES1/ppu.o
                0x80008610                ppu_setScrollRegister
 .text.ppu_setPPUMemoryAddressRegister
                0x80008632       0x22 src/NES1/ppu.o
                0x80008632                ppu_setPPUMemoryAddressRegister
 .text.ppu_getPPUMemoryDataRegister
                0x80008654       0x7c src/NES1/ppu.o
                                 0x88 (size before relaxing)
                0x80008654                ppu_getPPUMemoryDataRegister
 .text.ppu_setPPUMemoryDataRegister
                0x800086d0       0x64 src/NES1/ppu.o
                                 0x70 (size before relaxing)
                0x800086d0                ppu_setPPUMemoryDataRegister
 .text.ppu_setSpriteDataRegister
                0x80008734       0x24 src/NES1/ppu.o
                                 0x2c (size before relaxing)
                0x80008734                ppu_setSpriteDataRegister
 .text.ppu_getSpriteDataRegister
                0x80008758       0x18 src/NES1/ppu.o
                                 0x20 (size before relaxing)
                0x80008758                ppu_getSpriteDataRegister
 .text.ppu_updateScanlineSpriteColour8
                0x80008770      0x4ac src/NES1/ppu.o
                                0x4ec (size before relaxing)
 .text.ppu_init
                0x80008c1c       0x70 src/NES1/ppu.o
                                 0x78 (size before relaxing)
                0x80008c1c                ppu_init
 .text.ppu_step
                0x80008c8c      0x400 src/NES1/ppu.o
                                0x438 (size before relaxing)
                0x80008c8c                ppu_step
 .text.ppuMemory_init
                0x8000908c       0xc4 src/NES1/ppuMemory.o
                                 0xd0 (size before relaxing)
                0x8000908c                ppuMemory_init
 .text.ppuMemory_paletteMirror_reader
                0x80009150       0x40 src/NES1/ppuMemory.o
                                 0x48 (size before relaxing)
 .text.ppuMemory_transparencyMirror_reader
                0x80009190       0x20 src/NES1/ppuMemory.o
                                 0x28 (size before relaxing)
 .text.ppuMemory_nametableMirror_reader
                0x800091b0       0x20 src/NES1/ppuMemory.o
                                 0x28 (size before relaxing)
 .text.ppuMemory_paletteMirror_writer
                0x800091d0       0x44 src/NES1/ppuMemory.o
                                 0x4c (size before relaxing)
 .text.ppuMemory_transparencyMirror_writer
                0x80009214       0x24 src/NES1/ppuMemory.o
                                 0x2c (size before relaxing)
 .text.ppuMemory_nametableMirror_writer
                0x80009238       0x24 src/NES1/ppuMemory.o
                                 0x2c (size before relaxing)
 .text.et024006_Color
                0x8000925c       0x18 src/ASF/avr32/components/display/et024006dhu/et024006dhu.o
                0x8000925c                et024006_Color
 .text.et024006_SetLimits
                0x80009274       0x50 src/ASF/avr32/components/display/et024006dhu/et024006dhu.o
                0x80009274                et024006_SetLimits
 .text.et024006_DrawQuickPixel
                0x800092c4       0x32 src/ASF/avr32/components/display/et024006dhu/et024006dhu.o
                0x800092c4                et024006_DrawQuickPixel
 *fill*         0x800092f6        0x2 d703d703
 .text.et024006_Init
                0x800092f8      0x4e4 src/ASF/avr32/components/display/et024006dhu/et024006dhu.o
                                0x500 (size before relaxing)
                0x800092f8                et024006_Init
 .text.et024006_PrintString
                0x800097dc      0x270 src/ASF/avr32/components/display/et024006dhu/et024006dhu.o
                                0x274 (size before relaxing)
                0x800097dc                et024006_PrintString
 .text.et024006_DrawFilledRect
                0x80009a4c       0xa2 src/ASF/avr32/components/display/et024006dhu/et024006dhu.o
                0x80009a4c                et024006_DrawFilledRect
 .text.et024006_PutPixmap
                0x80009aee      0x192 src/ASF/avr32/components/display/et024006dhu/et024006dhu.o
                0x80009aee                et024006_PutPixmap
 .text.sd_mmc_spi_get_capacity
                0x80009c80      0x114 src/ASF/avr32/components/memory/sd_mmc/sd_mmc_spi/sd_mmc_spi.o
                                0x118 (size before relaxing)
                0x80009c80                sd_mmc_spi_get_capacity
 .text.sd_mmc_spi_write_close
                0x80009d94        0x2 src/ASF/avr32/components/memory/sd_mmc/sd_mmc_spi/sd_mmc_spi.o
                0x80009d94                sd_mmc_spi_write_close
 *fill*         0x80009d96        0x2 d703d703
 .text.sd_mmc_spi_read_close_PDCA
                0x80009d98       0x40 src/ASF/avr32/components/memory/sd_mmc/sd_mmc_spi/sd_mmc_spi.o
                                 0x48 (size before relaxing)
                0x80009d98                sd_mmc_spi_read_close_PDCA
 .text.sd_mmc_spi_command
                0x80009dd8      0x298 src/ASF/avr32/components/memory/sd_mmc/sd_mmc_spi/sd_mmc_spi.o
                                0x2a4 (size before relaxing)
                0x80009dd8                sd_mmc_spi_command
 .text.sd_mmc_spi_check_presence
                0x8000a070      0x290 src/ASF/avr32/components/memory/sd_mmc/sd_mmc_spi/sd_mmc_spi.o
                                0x2b4 (size before relaxing)
                0x8000a070                sd_mmc_spi_check_presence
 .text.sd_mmc_spi_write_open
                0x8000a300       0x70 src/ASF/avr32/components/memory/sd_mmc/sd_mmc_spi/sd_mmc_spi.o
                                 0x84 (size before relaxing)
                0x8000a300                sd_mmc_spi_write_open
 .text.sd_mmc_spi_read_close
                0x8000a370       0x68 src/ASF/avr32/components/memory/sd_mmc/sd_mmc_spi/sd_mmc_spi.o
                                 0x7c (size before relaxing)
                0x8000a370                sd_mmc_spi_read_close
 .text.sd_mmc_spi_read_open
                0x8000a3d8       0x70 src/ASF/avr32/components/memory/sd_mmc/sd_mmc_spi/sd_mmc_spi.o
                                 0x84 (size before relaxing)
                0x8000a3d8                sd_mmc_spi_read_open
 .text.sd_mmc_spi_read_sector_to_ram
                0x8000a448      0x160 src/ASF/avr32/components/memory/sd_mmc/sd_mmc_spi/sd_mmc_spi.o
                                0x178 (size before relaxing)
                0x8000a448                sd_mmc_spi_read_sector_to_ram
 .text.sd_mmc_spi_check_hc
                0x8000a5a8      0x120 src/ASF/avr32/components/memory/sd_mmc/sd_mmc_spi/sd_mmc_spi.o
                                0x134 (size before relaxing)
                0x8000a5a8                sd_mmc_spi_check_hc
 .text.sd_mmc_spi_get_if
                0x8000a6c8      0x13c src/ASF/avr32/components/memory/sd_mmc/sd_mmc_spi/sd_mmc_spi.o
                                0x150 (size before relaxing)
                0x8000a6c8                sd_mmc_spi_get_if
 .text.sd_mmc_spi_internal_init
                0x8000a804      0x7d8 src/ASF/avr32/components/memory/sd_mmc/sd_mmc_spi/sd_mmc_spi.o
                                0x810 (size before relaxing)
                0x8000a804                sd_mmc_spi_internal_init
 .text.sd_mmc_spi_mem_check
                0x8000afdc      0x2b0 src/ASF/avr32/components/memory/sd_mmc/sd_mmc_spi/sd_mmc_spi.o
                                0x2c8 (size before relaxing)
                0x8000afdc                sd_mmc_spi_mem_check
 .text.sd_mmc_spi_init
                0x8000b28c       0x2c src/ASF/avr32/components/memory/sd_mmc/sd_mmc_spi/sd_mmc_spi.o
                                 0x34 (size before relaxing)
                0x8000b28c                sd_mmc_spi_init
 .text.sd_mmc_spi_write_sector_from_ram
                0x8000b2b8      0x1bc src/ASF/avr32/components/memory/sd_mmc/sd_mmc_spi/sd_mmc_spi.o
                                0x1d4 (size before relaxing)
                0x8000b2b8                sd_mmc_spi_write_sector_from_ram
 .text.sd_mmc_spi_wr_protect
                0x8000b474        0x2 src/ASF/avr32/components/memory/sd_mmc/sd_mmc_spi/sd_mmc_spi_mem.o
                0x8000b474                sd_mmc_spi_wr_protect
 *fill*         0x8000b476        0x2 d703d703
 .text.sd_mmc_spi_test_unit_ready
                0x8000b478       0x60 src/ASF/avr32/components/memory/sd_mmc/sd_mmc_spi/sd_mmc_spi_mem.o
                                 0x68 (size before relaxing)
                0x8000b478                sd_mmc_spi_test_unit_ready
 .text.sd_mmc_spi_ram_2_mem
                0x8000b4d8       0x44 src/ASF/avr32/components/memory/sd_mmc/sd_mmc_spi/sd_mmc_spi_mem.o
                                 0x5c (size before relaxing)
                0x8000b4d8                sd_mmc_spi_ram_2_mem
 .text.sd_mmc_spi_mem_2_ram
                0x8000b51c       0x48 src/ASF/avr32/components/memory/sd_mmc/sd_mmc_spi/sd_mmc_spi_mem.o
                                 0x5c (size before relaxing)
                0x8000b51c                sd_mmc_spi_mem_2_ram
 .text.smc_init
                0x8000b564      0x118 src/ASF/avr32/drivers/ebi/smc/smc.o
                                0x120 (size before relaxing)
                0x8000b564                smc_init
 .text.flashc_set_wait_state
                0x8000b67c        0xe src/ASF/avr32/drivers/flashc/flashc.o
                0x8000b67c                flashc_set_wait_state
 .text.gpio_enable_module_pin
                0x8000b68a       0x50 src/ASF/avr32/drivers/gpio/gpio.o
                0x8000b68a                gpio_enable_module_pin
 .text.gpio_enable_gpio_pin
                0x8000b6da       0x16 src/ASF/avr32/drivers/gpio/gpio.o
                0x8000b6da                gpio_enable_gpio_pin
 .text.gpio_get_pin_value
                0x8000b6f0       0x16 src/ASF/avr32/drivers/gpio/gpio.o
                0x8000b6f0                gpio_get_pin_value
 .text.gpio_set_gpio_pin
                0x8000b706       0x1a src/ASF/avr32/drivers/gpio/gpio.o
                0x8000b706                gpio_set_gpio_pin
 .text.gpio_clr_gpio_pin
                0x8000b720       0x1a src/ASF/avr32/drivers/gpio/gpio.o
                0x8000b720                gpio_clr_gpio_pin
 .text.gpio_enable_module
                0x8000b73a       0x78 src/ASF/avr32/drivers/gpio/gpio.o
                0x8000b73a                gpio_enable_module
 .text._unhandled_interrupt
                0x8000b7b2        0x2 src/ASF/avr32/drivers/intc/intc.o
 .text.INTC_register_interrupt
                0x8000b7b4       0x88 src/ASF/avr32/drivers/intc/intc.o
                0x8000b7b4                INTC_register_interrupt
 .text.INTC_init_interrupts
                0x8000b83c       0x4c src/ASF/avr32/drivers/intc/intc.o
                                 0x50 (size before relaxing)
                0x8000b83c                INTC_init_interrupts
 .text._get_interrupt_handler
                0x8000b888       0x38 src/ASF/avr32/drivers/intc/intc.o
                0x8000b888                _get_interrupt_handler
 .text.pdca_disable
                0x8000b8c0       0x1e src/ASF/avr32/drivers/pdca/pdca.o
                0x8000b8c0                pdca_disable
 .text.pdca_disable_interrupt_transfer_complete
                0x8000b8de       0x2a src/ASF/avr32/drivers/pdca/pdca.o
                0x8000b8de                pdca_disable_interrupt_transfer_complete
 .text.pdca_init_channel
                0x8000b908       0x86 src/ASF/avr32/drivers/pdca/pdca.o
                0x8000b908                pdca_init_channel
 .text.pm_cksel
                0x8000b98e       0x44 src/ASF/avr32/drivers/pm/pm.o
                0x8000b98e                pm_cksel
 .text.pm_pll_setup
                0x8000b9d2       0x22 src/ASF/avr32/drivers/pm/pm.o
                0x8000b9d2                pm_pll_setup
 .text.pm_pll_set_option
                0x8000b9f4       0x18 src/ASF/avr32/drivers/pm/pm.o
                0x8000b9f4                pm_pll_set_option
 .text.pm_pll_enable
                0x8000ba0c        0xe src/ASF/avr32/drivers/pm/pm.o
                0x8000ba0c                pm_pll_enable
 .text.pm_wait_for_pll0_locked
                0x8000ba1a        0xa src/ASF/avr32/drivers/pm/pm.o
                0x8000ba1a                pm_wait_for_pll0_locked
 .text.pm_switch_to_clock
                0x8000ba24        0xa src/ASF/avr32/drivers/pm/pm.o
                0x8000ba24                pm_switch_to_clock
 .text.pm_switch_to_osc0
                0x8000ba2e       0x5a src/ASF/avr32/drivers/pm/pm.o
                0x8000ba2e                pm_switch_to_osc0
 .text.pwm_channel_init
                0x8000ba88       0x30 src/ASF/avr32/drivers/pwm/pwm.o
                0x8000ba88                pwm_channel_init
 .text.pwm_start_channels
                0x8000bab8       0x12 src/ASF/avr32/drivers/pwm/pwm.o
                0x8000bab8                pwm_start_channels
 .text.pwm_async_update_channel
                0x8000baca       0x20 src/ASF/avr32/drivers/pwm/pwm.o
                0x8000baca                pwm_async_update_channel
 .text.pwm_init
                0x8000baea       0x48 src/ASF/avr32/drivers/pwm/pwm.o
                0x8000baea                pwm_init
 .text.getBaudDiv
                0x8000bb32       0x20 src/ASF/avr32/drivers/spi/spi.o
                0x8000bb32                getBaudDiv
 .text.spi_initMaster
                0x8000bb52       0x3e src/ASF/avr32/drivers/spi/spi.o
                0x8000bb52                spi_initMaster
 .text.spi_selectionMode
                0x8000bb90       0x2a src/ASF/avr32/drivers/spi/spi.o
                0x8000bb90                spi_selectionMode
 .text.spi_selectChip
                0x8000bbba       0x50 src/ASF/avr32/drivers/spi/spi.o
                0x8000bbba                spi_selectChip
 .text.spi_unselectChip
                0x8000bc0a       0x26 src/ASF/avr32/drivers/spi/spi.o
                0x8000bc0a                spi_unselectChip
 .text.spi_setupChipReg
                0x8000bc30       0xac src/ASF/avr32/drivers/spi/spi.o
                                 0xb0 (size before relaxing)
                0x8000bc30                spi_setupChipReg
 .text.spi_enable
                0x8000bcdc        0x6 src/ASF/avr32/drivers/spi/spi.o
                0x8000bcdc                spi_enable
 .text.spi_write
                0x8000bce2       0x1c src/ASF/avr32/drivers/spi/spi.o
                0x8000bce2                spi_write
 .text.spi_read
                0x8000bcfe       0x22 src/ASF/avr32/drivers/spi/spi.o
                0x8000bcfe                spi_read
 .text.usart_set_async_baudrate
                0x8000bd20       0x5e src/ASF/avr32/drivers/usart/usart.o
 .text.usart_write_char
                0x8000bd7e       0x14 src/ASF/avr32/drivers/usart/usart.o
                0x8000bd7e                usart_write_char
 .text.usart_write_line
                0x8000bd92       0x2c src/ASF/avr32/drivers/usart/usart.o
                0x8000bd92                usart_write_line
 *fill*         0x8000bdbe        0x2 d703d703
 .text.usart_init_rs232
                0x8000bdc0       0xe4 src/ASF/avr32/drivers/usart/usart.o
                                 0xec (size before relaxing)
                0x8000bdc0                usart_init_rs232
 .text.fat_check_is_file
                0x8000bea4       0x1c src/ASF/avr32/services/fs/fat/fat.o
                                 0x20 (size before relaxing)
                0x8000bea4                fat_check_is_file
 .text.fat_cache_clusterlist_reset
                0x8000bec0       0x24 src/ASF/avr32/services/fs/fat/fat.o
                                 0x28 (size before relaxing)
                0x8000bec0                fat_cache_clusterlist_reset
 .text.fat_cache_clusterlist_update_finish
                0x8000bee4       0x98 src/ASF/avr32/services/fs/fat/fat.o
                                 0xa0 (size before relaxing)
                0x8000bee4                fat_cache_clusterlist_update_finish
 .text.fat_entry_check
                0x8000bf7c       0x58 src/ASF/avr32/services/fs/fat/fat.o
                                 0x5c (size before relaxing)
                0x8000bf7c                fat_entry_check
 .text.fat_entry_checkext
                0x8000bfd4       0x94 src/ASF/avr32/services/fs/fat/fat.o
                                 0x98 (size before relaxing)
                0x8000bfd4                fat_entry_checkext
 .text.fat_get_entry_info
                0x8000c068       0x58 src/ASF/avr32/services/fs/fat/fat.o
                                 0x60 (size before relaxing)
                0x8000c068                fat_get_entry_info
 .text.fat_entry_is_dir
                0x8000c0c0       0x14 src/ASF/avr32/services/fs/fat/fat.o
                                 0x18 (size before relaxing)
                0x8000c0c0                fat_entry_is_dir
 .text.fat_clear_entry_info_and_ptr
                0x8000c0d4       0x2c src/ASF/avr32/services/fs/fat/fat.o
                                 0x30 (size before relaxing)
                0x8000c0d4                fat_clear_entry_info_and_ptr
 .text.fat_write_entry_file
                0x8000c100       0x58 src/ASF/avr32/services/fs/fat/fat.o
                                 0x60 (size before relaxing)
                0x8000c100                fat_write_entry_file
 .text.fat_entry_shortname
                0x8000c158      0x168 src/ASF/avr32/services/fs/fat/fat.o
                                0x16c (size before relaxing)
                0x8000c158                fat_entry_shortname
 .text.fat_entry_longname
                0x8000c2c0      0x2a4 src/ASF/avr32/services/fs/fat/fat.o
                                0x2b0 (size before relaxing)
                0x8000c2c0                fat_entry_longname
 .text.fat_cache_reset
                0x8000c564       0x14 src/ASF/avr32/services/fs/fat/fat.o
                                 0x18 (size before relaxing)
                0x8000c564                fat_cache_reset
 .text.fat_cache_mark_sector_as_dirty
                0x8000c578        0xc src/ASF/avr32/services/fs/fat/fat.o
                                 0x10 (size before relaxing)
                0x8000c578                fat_cache_mark_sector_as_dirty
 .text.fat_check_nav_access_file
                0x8000c584       0x74 src/ASF/avr32/services/fs/fat/fat.o
                                 0x7c (size before relaxing)
                0x8000c584                fat_check_nav_access_file
 .text.fat_invert_nav
                0x8000c5f8       0xc8 src/ASF/avr32/services/fs/fat/fat.o
                                 0xd4 (size before relaxing)
                0x8000c5f8                fat_invert_nav
 .text.fat_cache_flush
                0x8000c6c0       0x50 src/ASF/avr32/services/fs/fat/fat.o
                                 0x5c (size before relaxing)
                0x8000c6c0                fat_cache_flush
 .text.fat_cache_clear
                0x8000c710       0x14 src/ASF/avr32/services/fs/fat/fat.o
                                 0x18 (size before relaxing)
                0x8000c710                fat_cache_clear
 .text.fat_check_device
                0x8000c724       0xbc src/ASF/avr32/services/fs/fat/fat.o
                                 0xd4 (size before relaxing)
                0x8000c724                fat_check_device
 .text.fat_cache_read_sector
                0x8000c7e0       0xb0 src/ASF/avr32/services/fs/fat/fat.o
                                 0xbc (size before relaxing)
                0x8000c7e0                fat_cache_read_sector
 .text.T.78     0x8000c890       0xb0 src/ASF/avr32/services/fs/fat/fat.o
                                 0xb8 (size before relaxing)
 .text.fat_check_noopen
                0x8000c940       0xe0 src/ASF/avr32/services/fs/fat/fat.o
                                 0xf4 (size before relaxing)
                0x8000c940                fat_check_noopen
 .text.fat_cluster_val
                0x8000ca20      0x2f0 src/ASF/avr32/services/fs/fat/fat.o
                                0x308 (size before relaxing)
                0x8000ca20                fat_cluster_val
 .text.fat_check_mount_select
                0x8000cd10       0xf0 src/ASF/avr32/services/fs/fat/fat.o
                                0x108 (size before relaxing)
                0x8000cd10                fat_check_mount_select
 .text.fat_check_mount_select_open
                0x8000ce00      0x10c src/ASF/avr32/services/fs/fat/fat.o
                                0x11c (size before relaxing)
                0x8000ce00                fat_check_mount_select_open
 .text.fat_check_mount_noopen
                0x8000cf0c      0x1b0 src/ASF/avr32/services/fs/fat/fat.o
                                0x1ac (size before relaxing)
                0x8000cf0c                fat_check_mount_noopen
 .text.fat_cluster_list
                0x8000d0bc      0x5dc src/ASF/avr32/services/fs/fat/fat.o
                                0x604 (size before relaxing)
                0x8000d0bc                fat_cluster_list
 .text.fat_read_dir
                0x8000d698       0xf4 src/ASF/avr32/services/fs/fat/fat.o
                                0x104 (size before relaxing)
                0x8000d698                fat_read_dir
 .text.fat_read_file
                0x8000d78c       0xb0 src/ASF/avr32/services/fs/fat/fat.o
                                 0xc0 (size before relaxing)
                0x8000d78c                fat_read_file
 .text.fat_check_mount_select_noopen
                0x8000d83c      0x1c0 src/ASF/avr32/services/fs/fat/fat.o
                0x8000d83c                fat_check_mount_select_noopen
 .text.fat_clear_info_fat_mod
                0x8000d9fc       0x14 src/ASF/avr32/services/fs/fat/fat_unusual.o
                                 0x18 (size before relaxing)
                0x8000d9fc                fat_clear_info_fat_mod
 .text.fat_update_fat2
                0x8000da10       0x64 src/ASF/avr32/services/fs/fat/fat_unusual.o
                                 0x74 (size before relaxing)
                0x8000da10                fat_update_fat2
 .text.fat_write_fat32_FSInfo
                0x8000da74       0x84 src/ASF/avr32/services/fs/fat/fat_unusual.o
                                 0xa0 (size before relaxing)
                0x8000da74                fat_write_fat32_FSInfo
 .text.fat_mount
                0x8000daf8      0x42c src/ASF/avr32/services/fs/fat/fat_unusual.o
                                0x434 (size before relaxing)
                0x8000daf8                fat_mount
 .text.file_bof
                0x8000df24       0x1c src/ASF/avr32/services/fs/fat/file.o
                                 0x20 (size before relaxing)
                0x8000df24                file_bof
 .text.file_seek
                0x8000df40       0x88 src/ASF/avr32/services/fs/fat/file.o
                0x8000df40                file_seek
 .text.file_close
                0x8000dfc8       0x30 src/ASF/avr32/services/fs/fat/file.o
                                 0x40 (size before relaxing)
                0x8000dfc8                file_close
 .text.file_getc
                0x8000dff8       0x70 src/ASF/avr32/services/fs/fat/file.o
                                 0x78 (size before relaxing)
                0x8000dff8                file_getc
 .text.file_open
                0x8000e068       0x90 src/ASF/avr32/services/fs/fat/file.o
                                 0xa4 (size before relaxing)
                0x8000e068                file_open
 .text.file_read_buf
                0x8000e0f8      0x164 src/ASF/avr32/services/fs/fat/file.o
                                0x174 (size before relaxing)
                0x8000e0f8                file_read_buf
 .text.nav_checkdisk_disable
                0x8000e25c        0xc src/ASF/avr32/services/fs/fat/navigation.o
                0x8000e25c                nav_checkdisk_disable
 .text.nav_drive_get
                0x8000e268        0x8 src/ASF/avr32/services/fs/fat/navigation.o
                                  0xc (size before relaxing)
                0x8000e268                nav_drive_get
 .text.nav_filelist_get
                0x8000e270        0xc src/ASF/avr32/services/fs/fat/navigation.o
                0x8000e270                nav_filelist_get
 .text.nav_file_lgt
                0x8000e27c        0x8 src/ASF/avr32/services/fs/fat/navigation.o
                                  0xc (size before relaxing)
                0x8000e27c                nav_file_lgt
 .text.nav_file_checkext
                0x8000e284       0x20 src/ASF/avr32/services/fs/fat/navigation.o
                                 0x2c (size before relaxing)
                0x8000e284                nav_file_checkext
 .text.nav_file_isdir
                0x8000e2a4        0x8 src/ASF/avr32/services/fs/fat/navigation.o
                                  0xc (size before relaxing)
                0x8000e2a4                nav_file_isdir
 .text.nav_filelist_set
                0x8000e2ac      0x16c src/ASF/avr32/services/fs/fat/navigation.o
                0x8000e2ac                nav_filelist_set
 .text.nav_filelist_reset
                0x8000e418       0x10 src/ASF/avr32/services/fs/fat/navigation.o
                                 0x18 (size before relaxing)
                0x8000e418                nav_filelist_reset
 .text.nav_partition_mount
                0x8000e428       0x2c src/ASF/avr32/services/fs/fat/navigation.o
                                 0x3c (size before relaxing)
                0x8000e428                nav_partition_mount
 .text.nav_drive_set
                0x8000e454       0x4c src/ASF/avr32/services/fs/fat/navigation.o
                                 0x58 (size before relaxing)
                0x8000e454                nav_drive_set
 .text.nav_drive_nb
                0x8000e4a0        0x8 src/ASF/avr32/services/fs/fat/navigation.o
                                  0xc (size before relaxing)
                0x8000e4a0                nav_drive_nb
 .text.nav_reset
                0x8000e4a8       0x68 src/ASF/avr32/services/fs/fat/navigation.o
                                 0x80 (size before relaxing)
                0x8000e4a8                nav_reset
 .text.nav_filelist_first
                0x8000e510       0x38 src/ASF/avr32/services/fs/fat/navigation.o
                                 0x4c (size before relaxing)
                0x8000e510                nav_filelist_first
 .text.nav_filelist_single_disable
                0x8000e548       0x1c src/ASF/avr32/services/fs/fat/navigation.o
                                 0x24 (size before relaxing)
                0x8000e548                nav_filelist_single_disable
 .text.nav_filelist_single_enable
                0x8000e564       0x24 src/ASF/avr32/services/fs/fat/navigation.o
                                 0x30 (size before relaxing)
                0x8000e564                nav_filelist_single_enable
 .text.nav_dir_root
                0x8000e588       0x2c src/ASF/avr32/services/fs/fat/navigation.o
                                 0x3c (size before relaxing)
                0x8000e588                nav_dir_root
 .text.nav_filelist_nb
                0x8000e5b4       0x70 src/ASF/avr32/services/fs/fat/navigation.o
                                 0x84 (size before relaxing)
                0x8000e5b4                nav_filelist_nb
 .text.nav_filelist_goto
                0x8000e624       0x78 src/ASF/avr32/services/fs/fat/navigation.o
                                 0x90 (size before relaxing)
                0x8000e624                nav_filelist_goto
 .text.nav_file_getname
                0x8000e69c       0xac src/ASF/avr32/services/fs/fat/navigation.o
                                 0xc0 (size before relaxing)
                0x8000e69c                nav_file_getname
 .text.nav_filterlist_root
                0x8000e748       0x10 src/ASF/avr32/services/fs/fat/nav_filterlist.o
                                 0x18 (size before relaxing)
                0x8000e748                nav_filterlist_root
 .text.nav_filterlist_reset
                0x8000e758       0x10 src/ASF/avr32/services/fs/fat/nav_filterlist.o
                                 0x18 (size before relaxing)
                0x8000e758                nav_filterlist_reset
 .text.nav_filterlist_setfilter
                0x8000e768       0x14 src/ASF/avr32/services/fs/fat/nav_filterlist.o
                                 0x1c (size before relaxing)
                0x8000e768                nav_filterlist_setfilter
 .text.nav_filterlist_goto
                0x8000e77c      0x13c src/ASF/avr32/services/fs/fat/nav_filterlist.o
                                0x160 (size before relaxing)
                0x8000e77c                nav_filterlist_goto
 .text.nav_filterlist_nb
                0x8000e8b8      0x1f0 src/ASF/avr32/services/fs/fat/nav_filterlist.o
                                0x20c (size before relaxing)
                0x8000e8b8                nav_filterlist_nb
 .text._stext   0x8000eaa8       0x44 src/ASF/avr32/utils/startup/startup_uc3.o
                                 0x50 (size before relaxing)
                0x8000eaa8                _stext
 .text.get_nb_lun
                0x8000eaec        0x2 src/ASF/common/services/storage/ctrl_access/ctrl_access.o
                0x8000eaec                get_nb_lun
 *fill*         0x8000eaee        0x2 d703d703
 .text.mem_test_unit_ready
                0x8000eaf0       0x10 src/ASF/common/services/storage/ctrl_access/ctrl_access.o
                                 0x14 (size before relaxing)
                0x8000eaf0                mem_test_unit_ready
 .text.mem_sector_size
                0x8000eb00        0x6 src/ASF/common/services/storage/ctrl_access/ctrl_access.o
                0x8000eb00                mem_sector_size
 *fill*         0x8000eb06        0x2 d703d703
 .text.mem_wr_protect
                0x8000eb08       0x10 src/ASF/common/services/storage/ctrl_access/ctrl_access.o
                                 0x14 (size before relaxing)
                0x8000eb08                mem_wr_protect
 .text.memory_2_ram
                0x8000eb18       0x14 src/ASF/common/services/storage/ctrl_access/ctrl_access.o
                                 0x18 (size before relaxing)
                0x8000eb18                memory_2_ram
 .text.ram_2_memory
                0x8000eb2c       0x14 src/ASF/common/services/storage/ctrl_access/ctrl_access.o
                                 0x18 (size before relaxing)
                0x8000eb2c                ram_2_memory
 .text.pdca_int_handler_SD
                0x8000eb40       0x4c src/ExamenPractico2.o
                                 0x58 (size before relaxing)
 .text.pdca_int_handler_USART
                0x8000eb8c       0x2c src/ExamenPractico2.o
                                 0x3c (size before relaxing)
 .text.debounce2
                0x8000ebb8       0xa4 src/ExamenPractico2.o
                                 0xa8 (size before relaxing)
                0x8000ebb8                debounce2
 .text.lodepng_decode_display
                0x8000ec5c      0x4ac src/ExamenPractico2.o
                                0x4cc (size before relaxing)
                0x8000ec5c                lodepng_decode_display
 .text.main     0x8000f108      0x59c src/ExamenPractico2.o
                                0x6a4 (size before relaxing)
                0x8000f108                main
 .text          0x8000f6a4      0x1d4 c:/program files/atmel/atmel toolchain/avr32 gcc/native/3.4.1057/avr32-gnu-toolchain/bin/../lib/gcc/avr32/4.4.7/ucr2\libgcc.a(_avr32_f64_mul.o)
                0x8000f6a4                __avr32_f64_mul
 .text          0x8000f878      0x2b0 c:/program files/atmel/atmel toolchain/avr32 gcc/native/3.4.1057/avr32-gnu-toolchain/bin/../lib/gcc/avr32/4.4.7/ucr2\libgcc.a(_avr32_f64_addsub.o)
                0x8000f87c                __avr32_f64_sub
                0x8000fa18                __avr32_f64_add
 .text          0x8000fb28       0x2a c:/program files/atmel/atmel toolchain/avr32 gcc/native/3.4.1057/avr32-gnu-toolchain/bin/../lib/gcc/avr32/4.4.7/ucr2\libgcc.a(_avr32_f64_to_s32.o)
                0x8000fb28                __avr32_f64_to_u32
                0x8000fb2c                __avr32_f64_to_s32
 .text          0x8000fb52       0xe8 c:/program files/atmel/atmel toolchain/avr32 gcc/native/3.4.1057/avr32-gnu-toolchain/bin/../lib/gcc/avr32/4.4.7/ucr2\libgcc.a(_avr32_s32_to_f64.o)
                0x8000fb52                __avr32_u32_to_f64
                0x8000fb5a                __avr32_s32_to_f64
 .text          0x8000fc3a      0x264 c:/program files/atmel/atmel toolchain/avr32 gcc/native/3.4.1057/avr32-gnu-toolchain/bin/../lib/gcc/avr32/4.4.7/ucr2\libgcc.a(_udivdi3.o)
                0x8000fc3a                __avr32_udiv64
                0x8000fc3a                __udivdi3
 *fill*         0x8000fe9e        0x2 d703d703
 .text.__assert_func
                0x8000fea0       0x34 c:/program files/atmel/atmel toolchain/avr32 gcc/native/3.4.1057/avr32-gnu-toolchain/bin/../lib/gcc/avr32/4.4.7/../../../../avr32/lib/ucr2\libc.a(lib_a-assert.o)
                                 0x40 (size before relaxing)
                0x8000fea0                __assert_func
 .text.fiprintf
                0x8000fed4       0x18 c:/program files/atmel/atmel toolchain/avr32 gcc/native/3.4.1057/avr32-gnu-toolchain/bin/../lib/gcc/avr32/4.4.7/../../../../avr32/lib/ucr2\libc.a(lib_a-fiprintf.o)
                                 0x1c (size before relaxing)
                0x8000fed4                fiprintf
 .text.free     0x8000feec       0x10 c:/program files/atmel/atmel toolchain/avr32 gcc/native/3.4.1057/avr32-gnu-toolchain/bin/../lib/gcc/avr32/4.4.7/../../../../avr32/lib/ucr2\libc.a(lib_a-malloc.o)
                                 0x18 (size before relaxing)
                0x8000feec                free
 .text.malloc   0x8000fefc       0x10 c:/program files/atmel/atmel toolchain/avr32 gcc/native/3.4.1057/avr32-gnu-toolchain/bin/../lib/gcc/avr32/4.4.7/../../../../avr32/lib/ucr2\libc.a(lib_a-malloc.o)
                                 0x18 (size before relaxing)
                0x8000fefc                malloc
 .text._malloc_r
                0x8000ff0c      0x430 c:/program files/atmel/atmel toolchain/avr32 gcc/native/3.4.1057/avr32-gnu-toolchain/bin/../lib/gcc/avr32/4.4.7/../../../../avr32/lib/ucr2\libc.a(lib_a-mallocr.o)
                                0x450 (size before relaxing)
                0x8000ff0c                _malloc_r
 .text          0x8001033c      0x148 c:/program files/atmel/atmel toolchain/avr32 gcc/native/3.4.1057/avr32-gnu-toolchain/bin/../lib/gcc/avr32/4.4.7/../../../../avr32/lib/ucr2\libc.a(lib_a-memcpy.o)
                0x8001033c                memcpy
 .text.memset   0x80010484        0xe c:/program files/atmel/atmel toolchain/avr32 gcc/native/3.4.1057/avr32-gnu-toolchain/bin/../lib/gcc/avr32/4.4.7/../../../../avr32/lib/ucr2\libc.a(lib_a-memset.o)
                0x80010484                memset
 .text.__malloc_lock
                0x80010492        0x2 c:/program files/atmel/atmel toolchain/avr32 gcc/native/3.4.1057/avr32-gnu-toolchain/bin/../lib/gcc/avr32/4.4.7/../../../../avr32/lib/ucr2\libc.a(lib_a-mlock.o)
                0x80010492                __malloc_lock
 .text.__malloc_unlock
                0x80010494        0x2 c:/program files/atmel/atmel toolchain/avr32 gcc/native/3.4.1057/avr32-gnu-toolchain/bin/../lib/gcc/avr32/4.4.7/../../../../avr32/lib/ucr2\libc.a(lib_a-mlock.o)
                0x80010494                __malloc_unlock
 *fill*         0x80010496        0x2 d703d703
 .text.realloc  0x80010498       0x10 c:/program files/atmel/atmel toolchain/avr32 gcc/native/3.4.1057/avr32-gnu-toolchain/bin/../lib/gcc/avr32/4.4.7/../../../../avr32/lib/ucr2\libc.a(lib_a-realloc.o)
                                 0x18 (size before relaxing)
                0x80010498                realloc
 .text._realloc_r
                0x800104a8      0x2c0 c:/program files/atmel/atmel toolchain/avr32 gcc/native/3.4.1057/avr32-gnu-toolchain/bin/../lib/gcc/avr32/4.4.7/../../../../avr32/lib/ucr2\libc.a(lib_a-reallocr.o)
                                0x2e0 (size before relaxing)
                0x800104a8                _realloc_r
 .text._sbrk_r  0x80010768       0x20 c:/program files/atmel/atmel toolchain/avr32 gcc/native/3.4.1057/avr32-gnu-toolchain/bin/../lib/gcc/avr32/4.4.7/../../../../avr32/lib/ucr2\libc.a(lib_a-sbrkr.o)
                                 0x28 (size before relaxing)
                0x80010768                _sbrk_r
 .text.sprintf  0x80010788       0x3c c:/program files/atmel/atmel toolchain/avr32 gcc/native/3.4.1057/avr32-gnu-toolchain/bin/../lib/gcc/avr32/4.4.7/../../../../avr32/lib/ucr2\libc.a(lib_a-sprintf.o)
                                 0x40 (size before relaxing)
                0x80010788                sprintf
 .text.strlen   0x800107c4       0x16 c:/program files/atmel/atmel toolchain/avr32 gcc/native/3.4.1057/avr32-gnu-toolchain/bin/../lib/gcc/avr32/4.4.7/../../../../avr32/lib/ucr2\libc.a(lib_a-strlen.o)
                0x800107c4                strlen
 .text._exit    0x800107da        0xa c:/program files/atmel/atmel toolchain/avr32 gcc/native/3.4.1057/avr32-gnu-toolchain/bin/../lib/gcc/avr32/4.4.7/../../../../avr32/lib/ucr2\libc.a(lib_a-syscalls.o)
                0x800107da                _exit
 .text._close   0x800107e4       0x14 c:/program files/atmel/atmel toolchain/avr32 gcc/native/3.4.1057/avr32-gnu-toolchain/bin/../lib/gcc/avr32/4.4.7/../../../../avr32/lib/ucr2\libc.a(lib_a-syscalls.o)
                                 0x18 (size before relaxing)
                0x800107e4                _close
 .text._lseek   0x800107f8       0x14 c:/program files/atmel/atmel toolchain/avr32 gcc/native/3.4.1057/avr32-gnu-toolchain/bin/../lib/gcc/avr32/4.4.7/../../../../avr32/lib/ucr2\libc.a(lib_a-syscalls.o)
                                 0x18 (size before relaxing)
                0x800107f8                _lseek
 .text._read    0x8001080c       0x14 c:/program files/atmel/atmel toolchain/avr32 gcc/native/3.4.1057/avr32-gnu-toolchain/bin/../lib/gcc/avr32/4.4.7/../../../../avr32/lib/ucr2\libc.a(lib_a-syscalls.o)
                                 0x18 (size before relaxing)
                0x8001080c                _read
 .text._write   0x80010820       0x14 c:/program files/atmel/atmel toolchain/avr32 gcc/native/3.4.1057/avr32-gnu-toolchain/bin/../lib/gcc/avr32/4.4.7/../../../../avr32/lib/ucr2\libc.a(lib_a-syscalls.o)
                                 0x18 (size before relaxing)
                0x80010820                _write
 .text.isatty   0x80010834       0x14 c:/program files/atmel/atmel toolchain/avr32 gcc/native/3.4.1057/avr32-gnu-toolchain/bin/../lib/gcc/avr32/4.4.7/../../../../avr32/lib/ucr2\libc.a(lib_a-syscalls.o)
                                 0x18 (size before relaxing)
                0x80010834                isatty
 .text._fstat_host
                0x80010848       0x14 c:/program files/atmel/atmel toolchain/avr32 gcc/native/3.4.1057/avr32-gnu-toolchain/bin/../lib/gcc/avr32/4.4.7/../../../../avr32/lib/ucr2\libc.a(lib_a-syscalls.o)
                                 0x18 (size before relaxing)
                0x80010848                _fstat_host
 .text._fstat   0x8001085c       0x4c c:/program files/atmel/atmel toolchain/avr32 gcc/native/3.4.1057/avr32-gnu-toolchain/bin/../lib/gcc/avr32/4.4.7/../../../../avr32/lib/ucr2\libc.a(lib_a-syscalls.o)
                                 0x50 (size before relaxing)
                0x8001085c                _fstat
 .text._kill    0x800108a8        0x2 c:/program files/atmel/atmel toolchain/avr32 gcc/native/3.4.1057/avr32-gnu-toolchain/bin/../lib/gcc/avr32/4.4.7/../../../../avr32/lib/ucr2\libc.a(lib_a-syscalls.o)
                0x800108a8                _kill
 .text._getpid  0x800108aa        0x2 c:/program files/atmel/atmel toolchain/avr32 gcc/native/3.4.1057/avr32-gnu-toolchain/bin/../lib/gcc/avr32/4.4.7/../../../../avr32/lib/ucr2\libc.a(lib_a-syscalls.o)
                0x800108aa                _getpid
 .text._sbrk    0x800108ac       0x3c c:/program files/atmel/atmel toolchain/avr32 gcc/native/3.4.1057/avr32-gnu-toolchain/bin/../lib/gcc/avr32/4.4.7/../../../../avr32/lib/ucr2\libc.a(lib_a-syscalls.o)
                                 0x40 (size before relaxing)
                0x800108ac                _sbrk
 .text.get_arg  0x800108e8      0x318 c:/program files/atmel/atmel toolchain/avr32 gcc/native/3.4.1057/avr32-gnu-toolchain/bin/../lib/gcc/avr32/4.4.7/../../../../avr32/lib/ucr2\libc.a(lib_a-vfiprintf.o)
                                0x324 (size before relaxing)
 .text.__sprint_r
                0x80010c00       0x1c c:/program files/atmel/atmel toolchain/avr32 gcc/native/3.4.1057/avr32-gnu-toolchain/bin/../lib/gcc/avr32/4.4.7/../../../../avr32/lib/ucr2\libc.a(lib_a-vfiprintf.o)
                                 0x20 (size before relaxing)
 .text._vfiprintf_r
                0x80010c1c     0x16a4 c:/program files/atmel/atmel toolchain/avr32 gcc/native/3.4.1057/avr32-gnu-toolchain/bin/../lib/gcc/avr32/4.4.7/../../../../avr32/lib/ucr2\libc.a(lib_a-vfiprintf.o)
                               0x16f0 (size before relaxing)
                0x80010c1c                _vfiprintf_r
 .text.get_arg  0x800122c0      0x314 c:/program files/atmel/atmel toolchain/avr32 gcc/native/3.4.1057/avr32-gnu-toolchain/bin/../lib/gcc/avr32/4.4.7/../../../../avr32/lib/ucr2\libc.a(lib_a-vfprintf.o)
                                0x324 (size before relaxing)
 .text.__sprint_r
                0x800125d4       0x1c c:/program files/atmel/atmel toolchain/avr32 gcc/native/3.4.1057/avr32-gnu-toolchain/bin/../lib/gcc/avr32/4.4.7/../../../../avr32/lib/ucr2\libc.a(lib_a-vfprintf.o)
                                 0x20 (size before relaxing)
 .text._vfprintf_r
                0x800125f0     0x1f14 c:/program files/atmel/atmel toolchain/avr32 gcc/native/3.4.1057/avr32-gnu-toolchain/bin/../lib/gcc/avr32/4.4.7/../../../../avr32/lib/ucr2\libc.a(lib_a-vfprintf.o)
                               0x1f9c (size before relaxing)
                0x800125f0                _vfprintf_r
 .text.__swsetup_r
                0x80014504       0xdc c:/program files/atmel/atmel toolchain/avr32 gcc/native/3.4.1057/avr32-gnu-toolchain/bin/../lib/gcc/avr32/4.4.7/../../../../avr32/lib/ucr2\libc.a(lib_a-wsetup.o)
                                 0xe8 (size before relaxing)
                0x80014504                __swsetup_r
 .text.abort    0x800145e0       0x10 c:/program files/atmel/atmel toolchain/avr32 gcc/native/3.4.1057/avr32-gnu-toolchain/bin/../lib/gcc/avr32/4.4.7/../../../../avr32/lib/ucr2\libc.a(lib_a-abort.o)
                                 0x18 (size before relaxing)
                0x800145e0                abort
 .text.quorem   0x800145f0      0x120 c:/program files/atmel/atmel toolchain/avr32 gcc/native/3.4.1057/avr32-gnu-toolchain/bin/../lib/gcc/avr32/4.4.7/../../../../avr32/lib/ucr2\libc.a(lib_a-dtoa.o)
                                0x124 (size before relaxing)
 .text._dtoa_r  0x80014710      0xbdc c:/program files/atmel/atmel toolchain/avr32 gcc/native/3.4.1057/avr32-gnu-toolchain/bin/../lib/gcc/avr32/4.4.7/../../../../avr32/lib/ucr2\libc.a(lib_a-dtoa.o)
                                0xc90 (size before relaxing)
                0x80014710                _dtoa_r
 .text.__errno  0x800152ec        0xc c:/program files/atmel/atmel toolchain/avr32 gcc/native/3.4.1057/avr32-gnu-toolchain/bin/../lib/gcc/avr32/4.4.7/../../../../avr32/lib/ucr2\libc.a(lib_a-errno.o)
                0x800152ec                __errno
 .text._fflush_r
                0x800152f8      0x10c c:/program files/atmel/atmel toolchain/avr32 gcc/native/3.4.1057/avr32-gnu-toolchain/bin/../lib/gcc/avr32/4.4.7/../../../../avr32/lib/ucr2\libc.a(lib_a-fflush.o)
                                0x118 (size before relaxing)
                0x800152f8                _fflush_r
 .text.__sfp_lock_acquire
                0x80015404        0x2 c:/program files/atmel/atmel toolchain/avr32 gcc/native/3.4.1057/avr32-gnu-toolchain/bin/../lib/gcc/avr32/4.4.7/../../../../avr32/lib/ucr2\libc.a(lib_a-findfp.o)
                0x80015404                __sfp_lock_acquire
 .text.__sfp_lock_release
                0x80015406        0x2 c:/program files/atmel/atmel toolchain/avr32 gcc/native/3.4.1057/avr32-gnu-toolchain/bin/../lib/gcc/avr32/4.4.7/../../../../avr32/lib/ucr2\libc.a(lib_a-findfp.o)
                0x80015406                __sfp_lock_release
 .text._cleanup_r
                0x80015408        0xc c:/program files/atmel/atmel toolchain/avr32 gcc/native/3.4.1057/avr32-gnu-toolchain/bin/../lib/gcc/avr32/4.4.7/../../../../avr32/lib/ucr2\libc.a(lib_a-findfp.o)
                                 0x14 (size before relaxing)
                0x80015408                _cleanup_r
 .text.__sfmoreglue
                0x80015414       0x28 c:/program files/atmel/atmel toolchain/avr32 gcc/native/3.4.1057/avr32-gnu-toolchain/bin/../lib/gcc/avr32/4.4.7/../../../../avr32/lib/ucr2\libc.a(lib_a-findfp.o)
                                 0x30 (size before relaxing)
                0x80015414                __sfmoreglue
 .text.__sfp    0x8001543c       0x6c c:/program files/atmel/atmel toolchain/avr32 gcc/native/3.4.1057/avr32-gnu-toolchain/bin/../lib/gcc/avr32/4.4.7/../../../../avr32/lib/ucr2\libc.a(lib_a-findfp.o)
                                 0x7c (size before relaxing)
                0x8001543c                __sfp
 .text.__sinit  0x800154a8       0x9c c:/program files/atmel/atmel toolchain/avr32 gcc/native/3.4.1057/avr32-gnu-toolchain/bin/../lib/gcc/avr32/4.4.7/../../../../avr32/lib/ucr2\libc.a(lib_a-findfp.o)
                                 0xb0 (size before relaxing)
                0x800154a8                __sinit
 .text._malloc_trim_r
                0x80015544       0x98 c:/program files/atmel/atmel toolchain/avr32 gcc/native/3.4.1057/avr32-gnu-toolchain/bin/../lib/gcc/avr32/4.4.7/../../../../avr32/lib/ucr2\libc.a(lib_a-freer.o)
                                 0xa8 (size before relaxing)
                0x80015544                _malloc_trim_r
 .text._free_r  0x800155dc      0x18c c:/program files/atmel/atmel toolchain/avr32 gcc/native/3.4.1057/avr32-gnu-toolchain/bin/../lib/gcc/avr32/4.4.7/../../../../avr32/lib/ucr2\libc.a(lib_a-freer.o)
                                0x1a0 (size before relaxing)
                0x800155dc                _free_r
 .text.__sfvwrite_r
                0x80015768      0x294 c:/program files/atmel/atmel toolchain/avr32 gcc/native/3.4.1057/avr32-gnu-toolchain/bin/../lib/gcc/avr32/4.4.7/../../../../avr32/lib/ucr2\libc.a(lib_a-fvwrite.o)
                                0x2c4 (size before relaxing)
                0x80015768                __sfvwrite_r
 .text._fwalk   0x800159fc       0x4c c:/program files/atmel/atmel toolchain/avr32 gcc/native/3.4.1057/avr32-gnu-toolchain/bin/../lib/gcc/avr32/4.4.7/../../../../avr32/lib/ucr2\libc.a(lib_a-fwalk.o)
                                 0x54 (size before relaxing)
                0x800159fc                _fwalk
 .text._localeconv_r
                0x80015a48        0x8 c:/program files/atmel/atmel toolchain/avr32 gcc/native/3.4.1057/avr32-gnu-toolchain/bin/../lib/gcc/avr32/4.4.7/../../../../avr32/lib/ucr2\libc.a(lib_a-locale.o)
                0x80015a48                _localeconv_r
 .text.__smakebuf_r
                0x80015a50       0xbc c:/program files/atmel/atmel toolchain/avr32 gcc/native/3.4.1057/avr32-gnu-toolchain/bin/../lib/gcc/avr32/4.4.7/../../../../avr32/lib/ucr2\libc.a(lib_a-makebuf.o)
                                 0xcc (size before relaxing)
                0x80015a50                __smakebuf_r
 .text.memchr   0x80015b0c       0x16 c:/program files/atmel/atmel toolchain/avr32 gcc/native/3.4.1057/avr32-gnu-toolchain/bin/../lib/gcc/avr32/4.4.7/../../../../avr32/lib/ucr2\libc.a(lib_a-memchr.o)
                0x80015b0c                memchr
 .text.memmove  0x80015b22       0x3e c:/program files/atmel/atmel toolchain/avr32 gcc/native/3.4.1057/avr32-gnu-toolchain/bin/../lib/gcc/avr32/4.4.7/../../../../avr32/lib/ucr2\libc.a(lib_a-memmove.o)
                0x80015b22                memmove
 .text.__hi0bits
                0x80015b60       0x60 c:/program files/atmel/atmel toolchain/avr32 gcc/native/3.4.1057/avr32-gnu-toolchain/bin/../lib/gcc/avr32/4.4.7/../../../../avr32/lib/ucr2\libc.a(lib_a-mprec.o)
                0x80015b60                __hi0bits
 .text.__lo0bits
                0x80015bc0       0x8e c:/program files/atmel/atmel toolchain/avr32 gcc/native/3.4.1057/avr32-gnu-toolchain/bin/../lib/gcc/avr32/4.4.7/../../../../avr32/lib/ucr2\libc.a(lib_a-mprec.o)
                0x80015bc0                __lo0bits
 .text.__mcmp   0x80015c4e       0x32 c:/program files/atmel/atmel toolchain/avr32 gcc/native/3.4.1057/avr32-gnu-toolchain/bin/../lib/gcc/avr32/4.4.7/../../../../avr32/lib/ucr2\libc.a(lib_a-mprec.o)
                0x80015c4e                __mcmp
 .text._Bfree   0x80015c80       0x34 c:/program files/atmel/atmel toolchain/avr32 gcc/native/3.4.1057/avr32-gnu-toolchain/bin/../lib/gcc/avr32/4.4.7/../../../../avr32/lib/ucr2\libc.a(lib_a-mprec.o)
                                 0x38 (size before relaxing)
                0x80015c80                _Bfree
 .text._Balloc  0x80015cb4       0x70 c:/program files/atmel/atmel toolchain/avr32 gcc/native/3.4.1057/avr32-gnu-toolchain/bin/../lib/gcc/avr32/4.4.7/../../../../avr32/lib/ucr2\libc.a(lib_a-mprec.o)
                                 0x78 (size before relaxing)
                0x80015cb4                _Balloc
 .text.__d2b    0x80015d24       0xa0 c:/program files/atmel/atmel toolchain/avr32 gcc/native/3.4.1057/avr32-gnu-toolchain/bin/../lib/gcc/avr32/4.4.7/../../../../avr32/lib/ucr2\libc.a(lib_a-mprec.o)
                                 0xb4 (size before relaxing)
                0x80015d24                __d2b
 .text.__mdiff  0x80015dc4       0xd0 c:/program files/atmel/atmel toolchain/avr32 gcc/native/3.4.1057/avr32-gnu-toolchain/bin/../lib/gcc/avr32/4.4.7/../../../../avr32/lib/ucr2\libc.a(lib_a-mprec.o)
                                 0xd8 (size before relaxing)
                0x80015dc4                __mdiff
 .text.__lshift
                0x80015e94       0x88 c:/program files/atmel/atmel toolchain/avr32 gcc/native/3.4.1057/avr32-gnu-toolchain/bin/../lib/gcc/avr32/4.4.7/../../../../avr32/lib/ucr2\libc.a(lib_a-mprec.o)
                                 0x94 (size before relaxing)
                0x80015e94                __lshift
 .text.__multiply
                0x80015f1c      0x100 c:/program files/atmel/atmel toolchain/avr32 gcc/native/3.4.1057/avr32-gnu-toolchain/bin/../lib/gcc/avr32/4.4.7/../../../../avr32/lib/ucr2\libc.a(lib_a-mprec.o)
                                0x108 (size before relaxing)
                0x80015f1c                __multiply
 .text.__i2b    0x8001601c       0x10 c:/program files/atmel/atmel toolchain/avr32 gcc/native/3.4.1057/avr32-gnu-toolchain/bin/../lib/gcc/avr32/4.4.7/../../../../avr32/lib/ucr2\libc.a(lib_a-mprec.o)
                                 0x18 (size before relaxing)
                0x8001601c                __i2b
 .text.__multadd
                0x8001602c       0x7c c:/program files/atmel/atmel toolchain/avr32 gcc/native/3.4.1057/avr32-gnu-toolchain/bin/../lib/gcc/avr32/4.4.7/../../../../avr32/lib/ucr2\libc.a(lib_a-mprec.o)
                                 0x88 (size before relaxing)
                0x8001602c                __multadd
 .text.__pow5mult
                0x800160a8       0x8c c:/program files/atmel/atmel toolchain/avr32 gcc/native/3.4.1057/avr32-gnu-toolchain/bin/../lib/gcc/avr32/4.4.7/../../../../avr32/lib/ucr2\libc.a(lib_a-mprec.o)
                                 0xac (size before relaxing)
                0x800160a8                __pow5mult
 .text.__isinfd
                0x80016134       0x2a c:/program files/atmel/atmel toolchain/avr32 gcc/native/3.4.1057/avr32-gnu-toolchain/bin/../lib/gcc/avr32/4.4.7/../../../../avr32/lib/ucr2\libc.a(lib_a-s_isinfd.o)
                0x80016134                __isinfd
 .text.__isnand
                0x8001615e       0x1c c:/program files/atmel/atmel toolchain/avr32 gcc/native/3.4.1057/avr32-gnu-toolchain/bin/../lib/gcc/avr32/4.4.7/../../../../avr32/lib/ucr2\libc.a(lib_a-s_isnand.o)
                0x8001615e                __isnand
 *fill*         0x8001617a        0x2 d703d703
 .text._raise_r
                0x8001617c       0x4c c:/program files/atmel/atmel toolchain/avr32 gcc/native/3.4.1057/avr32-gnu-toolchain/bin/../lib/gcc/avr32/4.4.7/../../../../avr32/lib/ucr2\libc.a(lib_a-signal.o)
                                 0x58 (size before relaxing)
                0x8001617c                _raise_r
 .text.raise    0x800161c8       0x10 c:/program files/atmel/atmel toolchain/avr32 gcc/native/3.4.1057/avr32-gnu-toolchain/bin/../lib/gcc/avr32/4.4.7/../../../../avr32/lib/ucr2\libc.a(lib_a-signal.o)
                                 0x18 (size before relaxing)
                0x800161c8                raise
 .text._getpid_r
                0x800161d8        0x8 c:/program files/atmel/atmel toolchain/avr32 gcc/native/3.4.1057/avr32-gnu-toolchain/bin/../lib/gcc/avr32/4.4.7/../../../../avr32/lib/ucr2\libc.a(lib_a-signalr.o)
                                  0xc (size before relaxing)
                0x800161d8                _getpid_r
 .text._kill_r  0x800161e0       0x24 c:/program files/atmel/atmel toolchain/avr32 gcc/native/3.4.1057/avr32-gnu-toolchain/bin/../lib/gcc/avr32/4.4.7/../../../../avr32/lib/ucr2\libc.a(lib_a-signalr.o)
                                 0x2c (size before relaxing)
                0x800161e0                _kill_r
 .text.__sclose
                0x80016204        0x8 c:/program files/atmel/atmel toolchain/avr32 gcc/native/3.4.1057/avr32-gnu-toolchain/bin/../lib/gcc/avr32/4.4.7/../../../../avr32/lib/ucr2\libc.a(lib_a-stdio.o)
                                 0x10 (size before relaxing)
                0x80016204                __sclose
 .text.__sseek  0x8001620c       0x20 c:/program files/atmel/atmel toolchain/avr32 gcc/native/3.4.1057/avr32-gnu-toolchain/bin/../lib/gcc/avr32/4.4.7/../../../../avr32/lib/ucr2\libc.a(lib_a-stdio.o)
                                 0x28 (size before relaxing)
                0x8001620c                __sseek
 .text.__swrite
                0x8001622c       0x2c c:/program files/atmel/atmel toolchain/avr32 gcc/native/3.4.1057/avr32-gnu-toolchain/bin/../lib/gcc/avr32/4.4.7/../../../../avr32/lib/ucr2\libc.a(lib_a-stdio.o)
                                 0x38 (size before relaxing)
                0x8001622c                __swrite
 .text.__sread  0x80016258       0x1c c:/program files/atmel/atmel toolchain/avr32 gcc/native/3.4.1057/avr32-gnu-toolchain/bin/../lib/gcc/avr32/4.4.7/../../../../avr32/lib/ucr2\libc.a(lib_a-stdio.o)
                                 0x24 (size before relaxing)
                0x80016258                __sread
 .text._write_r
                0x80016274       0x28 c:/program files/atmel/atmel toolchain/avr32 gcc/native/3.4.1057/avr32-gnu-toolchain/bin/../lib/gcc/avr32/4.4.7/../../../../avr32/lib/ucr2\libc.a(lib_a-writer.o)
                                 0x2c (size before relaxing)
                0x80016274                _write_r
 .text._calloc_r
                0x8001629c       0x58 c:/program files/atmel/atmel toolchain/avr32 gcc/native/3.4.1057/avr32-gnu-toolchain/bin/../lib/gcc/avr32/4.4.7/../../../../avr32/lib/ucr2\libc.a(lib_a-callocr.o)
                                 0x60 (size before relaxing)
                0x8001629c                _calloc_r
 .text._close_r
                0x800162f4       0x20 c:/program files/atmel/atmel toolchain/avr32 gcc/native/3.4.1057/avr32-gnu-toolchain/bin/../lib/gcc/avr32/4.4.7/../../../../avr32/lib/ucr2\libc.a(lib_a-closer.o)
                                 0x28 (size before relaxing)
                0x800162f4                _close_r
 .text._fclose_r
                0x80016314       0xb8 c:/program files/atmel/atmel toolchain/avr32 gcc/native/3.4.1057/avr32-gnu-toolchain/bin/../lib/gcc/avr32/4.4.7/../../../../avr32/lib/ucr2\libc.a(lib_a-fclose.o)
                                 0xd0 (size before relaxing)
                0x80016314                _fclose_r
 .text.fclose   0x800163cc       0x10 c:/program files/atmel/atmel toolchain/avr32 gcc/native/3.4.1057/avr32-gnu-toolchain/bin/../lib/gcc/avr32/4.4.7/../../../../avr32/lib/ucr2\libc.a(lib_a-fclose.o)
                                 0x18 (size before relaxing)
                0x800163cc                fclose
 .text._fstat_r
                0x800163dc       0x24 c:/program files/atmel/atmel toolchain/avr32 gcc/native/3.4.1057/avr32-gnu-toolchain/bin/../lib/gcc/avr32/4.4.7/../../../../avr32/lib/ucr2\libc.a(lib_a-fstatr.o)
                                 0x2c (size before relaxing)
                0x800163dc                _fstat_r
 .text._lseek_r
                0x80016400       0x28 c:/program files/atmel/atmel toolchain/avr32 gcc/native/3.4.1057/avr32-gnu-toolchain/bin/../lib/gcc/avr32/4.4.7/../../../../avr32/lib/ucr2\libc.a(lib_a-lseekr.o)
                                 0x2c (size before relaxing)
                0x80016400                _lseek_r
 .text._read_r  0x80016428       0x28 c:/program files/atmel/atmel toolchain/avr32 gcc/native/3.4.1057/avr32-gnu-toolchain/bin/../lib/gcc/avr32/4.4.7/../../../../avr32/lib/ucr2\libc.a(lib_a-readr.o)
                                 0x2c (size before relaxing)
                0x80016428                _read_r
 .text          0x80016450       0x26 c:/program files/atmel/atmel toolchain/avr32 gcc/native/3.4.1057/avr32-gnu-toolchain/bin/../lib/gcc/avr32/4.4.7/ucr2\libgcc.a(_avr32_f64_cmp_eq.o)
                0x80016450                __avr32_f64_cmp_eq
 .text          0x80016476       0x68 c:/program files/atmel/atmel toolchain/avr32 gcc/native/3.4.1057/avr32-gnu-toolchain/bin/../lib/gcc/avr32/4.4.7/ucr2\libgcc.a(_avr32_f64_cmp_ge.o)
                0x80016476                __avr32_f64_cmp_ge
 .text          0x800164de       0x68 c:/program files/atmel/atmel toolchain/avr32 gcc/native/3.4.1057/avr32-gnu-toolchain/bin/../lib/gcc/avr32/4.4.7/ucr2\libgcc.a(_avr32_f64_cmp_lt.o)
                0x800164de                __avr32_f64_cmp_lt
 *fill*         0x80016546        0x2 d703d703
 .text          0x80016548      0x318 c:/program files/atmel/atmel toolchain/avr32 gcc/native/3.4.1057/avr32-gnu-toolchain/bin/../lib/gcc/avr32/4.4.7/ucr2\libgcc.a(_avr32_f64_div.o)
                0x80016548                __avr32_f64_div
 .text          0x80016860      0x20c c:/program files/atmel/atmel toolchain/avr32 gcc/native/3.4.1057/avr32-gnu-toolchain/bin/../lib/gcc/avr32/4.4.7/ucr2\libgcc.a(_umoddi3.o)
                0x80016860                __avr32_umod64
                0x80016860                __umoddi3
 *(.text.*personality*)
 *(.gnu.warning)

.exception      0x80016c00      0x200
 .exception     0x80016c00      0x200 src/ASF/avr32/drivers/intc/exception.o
                0x80016c00                _evba
                0x80016d04                _int0
                0x80016d12                _int1
                0x80016d20                _int2
                0x80016d2e                _int3

.fini
 *(.fini)
                0x80016e00                PROVIDE (__etext, .)
                0x80016e00                PROVIDE (_etext, .)
                0x80016e00                PROVIDE (etext, .)

.rodata         0x80016e00     0x21bc
 *(.rodata .rodata.* .gnu.linkonce.r.*)
 .rodata.SDRAMC_EBI_GPIO_MAP.10587
                0x80016e00      0x138 src/ASF/avr32/drivers/ebi/sdramc/sdramc.o
 .rodata.ADAM7_DY
                0x80016f38       0x1c src/config/lodepng.o
 .rodata.DISTANCEBASE
                0x80016f54       0x78 src/config/lodepng.o
 .rodata.LENGTHBASE
                0x80016fcc       0x74 src/config/lodepng.o
 .rodata.CLCL   0x80017040       0x4c src/config/lodepng.o
 .rodata.str1.4
                0x8001708c       0x35 src/config/lodepng.o
                                 0x38 (size before relaxing)
 *fill*         0x800170c1        0x3 
 .rodata.DISTANCEEXTRA
                0x800170c4       0x78 src/config/lodepng.o
 .rodata.CSWTCH.82
                0x8001713c       0x1c src/config/lodepng.o
 .rodata.ADAM7_IX
                0x80017158       0x1c src/config/lodepng.o
 .rodata.ADAM7_IY
                0x80017174       0x1c src/config/lodepng.o
 .rodata.LENGTHEXTRA
                0x80017190       0x74 src/config/lodepng.o
 .rodata.ADAM7_DX
                0x80017204       0x1c src/config/lodepng.o
 .rodata.__func__.11180
                0x80017220        0xc src/NES1/apu.o
 .rodata.str1.4
                0x8001722c       0x1e src/NES1/apu.o
                                 0x20 (size before relaxing)
 *fill*         0x8001724a        0x2 
 .rodata.__func__.11915
                0x8001724c        0xc src/NES1/cartridge.o
 .rodata.__func__.11982
                0x80017258       0x14 src/NES1/cartridge.o
 .rodata.__func__.12040
                0x8001726c       0x10 src/NES1/cartridge.o
 .rodata.str1.4
                0x8001727c      0x1f3 src/NES1/cartridge.o
                                0x1f8 (size before relaxing)
 *fill*         0x8001746f        0x1 
 .rodata.__func__.12009
                0x80017470       0x14 src/NES1/cartridge.o
 .rodata.cpu_step
                0x80017484      0x7fc src/NES1/cpu.o
 .rodata.str1.4
                0x80017c80       0x11 src/NES1/cpu.o
                                 0x14 (size before relaxing)
 *fill*         0x80017c91        0x3 
 .rodata.str1.4
                0x80017c94       0x1e src/NES1/cpuMemory.o
                                 0x20 (size before relaxing)
 *fill*         0x80017cb2        0x2 
 .rodata.__func__.11648
                0x80017cb4        0xc src/NES1/gui.o
 .rodata.str1.4
                0x80017cc0       0x1e src/NES1/gui.o
                                 0x20 (size before relaxing)
 *fill*         0x80017cde        0x2 
 .rodata.str1.4
                0x80017ce0        0xe src/NES1/memory.o
                                 0x14 (size before relaxing)
 *fill*         0x80017cee        0x2 
 .rodata.str1.4
                0x80017cf0       0x16 src/NES1/mmu0.o
                                 0x18 (size before relaxing)
 *fill*         0x80017d06        0x2 
 .rodata.str1.4
                0x80017d08       0x5b src/NES1/nes.o
                                 0x5c (size before relaxing)
 *fill*         0x80017d63        0x1 
 .rodata.ppu_step
                0x80017d64       0x40 src/NES1/ppu.o
 .rodata.systemPalette
                0x80017da4       0xc0 src/NES1/ppu.o
                0x80017da4                systemPalette
 .rodata.attributeTableLookup
                0x80017e64       0x10 src/NES1/ppu.o
                0x80017e64                attributeTableLookup
 .rodata.FONT8x8
                0x80017e74      0x308 src/ASF/avr32/components/display/et024006dhu/et024006dhu.o
                0x80017e74                FONT8x8
 .rodata.SMC_EBI_GPIO_MAP.10632
                0x8001817c       0xa0 src/ASF/avr32/drivers/ebi/smc/smc.o
 .rodata._int_handler_table
                0x8001821c       0xa0 src/ASF/avr32/drivers/intc/intc.o
 .rodata.const_FSI_LeadSig
                0x800182bc        0x4 src/ASF/avr32/services/fs/fat/fat_unusual.o
                0x800182bc                const_FSI_LeadSig
 .rodata.const_FSI_StrucSig
                0x800182c0        0x4 src/ASF/avr32/services/fs/fat/fat_unusual.o
                0x800182c0                const_FSI_StrucSig
 .rodata.C.107.14396
                0x800182c4        0xc src/ExamenPractico2.o
 .rodata.C.109.14403
                0x800182d0       0x18 src/ExamenPractico2.o
 .rodata.C.108.14397
                0x800182e8       0x18 src/ExamenPractico2.o
 .rodata.str1.4